Archive member included to satisfy reference by file (symbol)

libopencm3/lib/libopencm3_stm32l0.a(adc_common_v2.o)
                              hub/obj/battery.o (adc_eoc)
libopencm3/lib/libopencm3_stm32l0.a(dma_common_l1f013.o)
                              hub/obj/battery.o (dma_channel_reset)
libopencm3/lib/libopencm3_stm32l0.a(exti_common_all.o)
                              hub/obj/battery.o (exti_set_trigger)
libopencm3/lib/libopencm3_stm32l0.a(flash_common_all.o)
                              hub/obj/cusb.o (flash_set_ws)
libopencm3/lib/libopencm3_stm32l0.a(flash_common_l01.o)
                              hub/obj/memory.o (flash_unlock_pecr)
libopencm3/lib/libopencm3_stm32l0.a(gpio_common_all.o)
                              hub/obj/sim.o (gpio_set)
libopencm3/lib/libopencm3_stm32l0.a(gpio_common_f0234.o)
                              hub/obj/sim.o (gpio_mode_setup)
libopencm3/lib/libopencm3_stm32l0.a(iwdg_common_all.o)
                              hub/obj/timers.o (iwdg_start)
libopencm3/lib/libopencm3_stm32l0.a(lptimer_common_all.o)
                              hub/obj/test.o (lptimer_get_counter)
libopencm3/lib/libopencm3_stm32l0.a(pwr_common_v1.o)
                              hub/obj/timers.o (pwr_disable_backup_domain_write_protect)
libopencm3/lib/libopencm3_stm32l0.a(pwr_common_v2.o)
                              hub/obj/battery.o (pwr_set_vos_scale)
libopencm3/lib/libopencm3_stm32l0.a(rcc.o)
                              hub/obj/cusb.o (rcc_osc_on)
libopencm3/lib/libopencm3_stm32l0.a(rcc_common_all.o)
                              hub/obj/board_defs.o (rcc_periph_clock_enable)
libopencm3/lib/libopencm3_stm32l0.a(rtc_common_l1f024.o)
                              hub/obj/timers.o (rtc_set_prescaler)
libopencm3/lib/libopencm3_stm32l0.a(spi_common_all.o)
                              hub/obj/w25qxx.o (spi_enable)
libopencm3/lib/libopencm3_stm32l0.a(spi_common_v1.o)
                              hub/obj/w25qxx.o (spi_init_master)
libopencm3/lib/libopencm3_stm32l0.a(timer_common_all.o)
                              hub/obj/timers.o (timer_enable_counter)
libopencm3/lib/libopencm3_stm32l0.a(usart_common_all.o)
                              hub/obj/sim.o (usart_set_baudrate)
libopencm3/lib/libopencm3_stm32l0.a(usart_common_v2.o)
                              hub/obj/sim.o (usart_send)
libopencm3/lib/libopencm3_stm32l0.a(usb.o)
                              hub/obj/cusb.o (usbd_init)
libopencm3/lib/libopencm3_stm32l0.a(usb_control.o)
                              hub/obj/cusb.o (usbd_register_control_callback)
libopencm3/lib/libopencm3_stm32l0.a(usb_standard.o)
                              hub/obj/cusb.o (usbd_register_set_config_callback)
libopencm3/lib/libopencm3_stm32l0.a(st_usbfs_v2.o)
                              hub/obj/cusb.o (st_usbfs_v2_usb_driver)
libopencm3/lib/libopencm3_stm32l0.a(vector.o)
                              (reset_handler)
libopencm3/lib/libopencm3_stm32l0.a(nvic.o)
                              hub/obj/sim.o (nvic_enable_irq)
libopencm3/lib/libopencm3_stm32l0.a(assert.o)
                              libopencm3/lib/libopencm3_stm32l0.a(rcc.o) (cm3_assert_failed)
libopencm3/lib/libopencm3_stm32l0.a(st_usbfs_core.o)
                              libopencm3/lib/libopencm3_stm32l0.a(st_usbfs_v2.o) (st_usbfs_set_address)
/usr/local/Cellar/arm-gcc-bin/9-2020-q2-update/bin/../lib/gcc/arm-none-eabi/9.3.1/../../../../arm-none-eabi/lib/thumb/v6-m/nofp/libc_nano.a(lib_a-malloc.o)
                              hub/obj/test.o (malloc)
/usr/local/Cellar/arm-gcc-bin/9-2020-q2-update/bin/../lib/gcc/arm-none-eabi/9.3.1/../../../../arm-none-eabi/lib/thumb/v6-m/nofp/libc_nano.a(lib_a-memcpy-stub.o)
                              hub/obj/hub_test.o (memcpy)
/usr/local/Cellar/arm-gcc-bin/9-2020-q2-update/bin/../lib/gcc/arm-none-eabi/9.3.1/../../../../arm-none-eabi/lib/thumb/v6-m/nofp/libc_nano.a(lib_a-memset.o)
                              hub/obj/sim.o (memset)
/usr/local/Cellar/arm-gcc-bin/9-2020-q2-update/bin/../lib/gcc/arm-none-eabi/9.3.1/../../../../arm-none-eabi/lib/thumb/v6-m/nofp/libc_nano.a(lib_a-nano-freer.o)
                              /usr/local/Cellar/arm-gcc-bin/9-2020-q2-update/bin/../lib/gcc/arm-none-eabi/9.3.1/../../../../arm-none-eabi/lib/thumb/v6-m/nofp/libc_nano.a(lib_a-malloc.o) (_free_r)
/usr/local/Cellar/arm-gcc-bin/9-2020-q2-update/bin/../lib/gcc/arm-none-eabi/9.3.1/../../../../arm-none-eabi/lib/thumb/v6-m/nofp/libc_nano.a(lib_a-nano-mallocr.o)
                              /usr/local/Cellar/arm-gcc-bin/9-2020-q2-update/bin/../lib/gcc/arm-none-eabi/9.3.1/../../../../arm-none-eabi/lib/thumb/v6-m/nofp/libc_nano.a(lib_a-malloc.o) (_malloc_r)
/usr/local/Cellar/arm-gcc-bin/9-2020-q2-update/bin/../lib/gcc/arm-none-eabi/9.3.1/../../../../arm-none-eabi/lib/thumb/v6-m/nofp/libc_nano.a(lib_a-sbrkr.o)
[...]
Memory Configuration

Name             Origin             Length             Attributes
ram              0x0000000020000000 0x0000000000002000 xrw
rom              0x0000000008004000 0x000000000000c000 xr
*default*        0x0000000000000000 0xffffffffffffffff

Linker script and memory map

LOAD hub/obj/board_defs.o
LOAD hub/obj/cusb.o
LOAD hub/obj/hub.o
LOAD hub/obj/hub_test.o
LOAD hub/obj/sim.o
LOAD hub/obj/w25qxx.o
LOAD hub/obj/aes.o
LOAD hub/obj/battery.o
LOAD hub/obj/bootloader_utils.o
LOAD hub/obj/memory.o
LOAD hub/obj/printf.o
LOAD hub/obj/reset.o
LOAD hub/obj/rf_scan.o
LOAD hub/obj/rfm.o
LOAD hub/obj/serial_printf.o
LOAD hub/obj/test.o
LOAD hub/obj/timers.o
LOAD libopencm3/lib/libopencm3_stm32l0.a
START GROUP
LOAD /usr/local/Cellar/arm-gcc-bin/9-2020-q2-update/bin/../lib/gcc/arm-none-eabi/9.3.1/../../../../arm-none-eabi/lib/thumb/v6-m/nofp/libc_nano.a
LOAD /usr/local/Cellar/arm-gcc-bin/9-2020-q2-update/bin/../lib/gcc/arm-none-eabi/9.3.1/thumb/v6-m/nofp/libgcc.a
LOAD /usr/local/Cellar/arm-gcc-bin/9-2020-q2-update/bin/../lib/gcc/arm-none-eabi/9.3.1/../../../../arm-none-eabi/lib/thumb/v6-m/nofp/libnosys.a
END GROUP
START GROUP
LOAD /usr/local/Cellar/arm-gcc-bin/9-2020-q2-update/bin/../lib/gcc/arm-none-eabi/9.3.1/thumb/v6-m/nofp/libgcc.a
LOAD /usr/local/Cellar/arm-gcc-bin/9-2020-q2-update/bin/../lib/gcc/arm-none-eabi/9.3.1/../../../../arm-none-eabi/lib/thumb/v6-m/nofp/libc_nano.a
END GROUP
START GROUP
LOAD /usr/local/Cellar/arm-gcc-bin/9-2020-q2-update/bin/../lib/gcc/arm-none-eabi/9.3.1/thumb/v6-m/nofp/libgcc.a
LOAD /usr/local/Cellar/arm-gcc-bin/9-2020-q2-update/bin/../lib/gcc/arm-none-eabi/9.3.1/../../../../arm-none-eabi/lib/thumb/v6-m/nofp/libc_nano.a
END GROUP
                0x0000000000000800                _min_heap_size = 0x800
                0x0000000000000800                _min_stack_size = 0x800

.text           0x0000000008004000     0x2f34
 *(.vectors)
 .vectors       0x0000000008004000       0xc0 libopencm3/lib/libopencm3_stm32l0.a(vector.o)
                0x0000000008004000                vector_table
 *(.text*)
 .text.startup.main
                0x00000000080040c0       0x48 hub/obj/hub.o
                0x00000000080040c0                main
 .text.nmi_handler
                0x0000000008004108       0x10 hub/obj/hub.o
                0x0000000008004108                nmi_handler
 .text.hard_fault_handler
                0x0000000008004118       0x10 hub/obj/hub.o
                0x0000000008004118                hard_fault_handler
 .text.usart2_isr
                0x0000000008004128       0x38 hub/obj/sim.o
                0x0000000008004128                usart2_isr
 .text.adc_comp_isr
                0x0000000008004160      0x130 hub/obj/battery.o
                0x0000000008004160                adc_comp_isr
 .text.mem_eeprom_write_word
                0x0000000008004290       0x50 hub/obj/memory.o
                0x0000000008004290                mem_eeprom_write_word
 .text.mem_flash_erase_page
                0x00000000080042e0       0x1e hub/obj/memory.o
                0x00000000080042e0                mem_flash_erase_page
 .text.mem_flash_write_half_page
                0x00000000080042fe       0x22 hub/obj/memory.o
                0x00000000080042fe                mem_flash_write_half_page
 .text._out_char_spf
                0x0000000008004320        0xc hub/obj/printf.o
 .text._out_rev.constprop.0
                0x000000000800432c       0x96 hub/obj/printf.o
 .text._ntoa_long.constprop.0
                0x00000000080043c2      0x158 hub/obj/printf.o
 *fill*         0x000000000800451a        0x2 
 .text._vsnprintf.constprop.0
                0x000000000800451c      0x774 hub/obj/printf.o
 .text.vprintf_spf
                0x0000000008004c90       0x14 hub/obj/printf.o
                0x0000000008004c90                vprintf_spf
 .text.spi_read_single
                0x0000000008004ca4       0x40 hub/obj/rfm.o
 .text.spi_write_single
                0x0000000008004ce4       0x7c hub/obj/rfm.o
 .text.exti4_15_isr
                0x0000000008004d60       0x7c hub/obj/rfm.o
                0x0000000008004d60                exti4_15_isr
 .text.spf_init
                0x0000000008004ddc       0xfc hub/obj/serial_printf.o
                0x0000000008004ddc                spf_init
 .text.spf_serial_printf
                0x0000000008004ed8       0x30 hub/obj/serial_printf.o
                0x0000000008004ed8                spf_serial_printf
 .text._putchar_spf
                0x0000000008004f08       0x10 hub/obj/serial_printf.o
                0x0000000008004f08                _putchar_spf
 .text.test_mem_write_read
                0x0000000008004f18       0xb8 hub/obj/test.o
                0x0000000008004f18                test_mem_write_read
 .text.flash_led
                0x0000000008004fd0       0x58 hub/obj/test.o
                0x0000000008004fd0                flash_led
 .text.timers_lptim_init
                0x0000000008005028       0x50 hub/obj/timers.o
                0x0000000008005028                timers_lptim_init
 .text.timers_delay_microseconds
                0x0000000008005078       0x2c hub/obj/timers.o
                0x0000000008005078                timers_delay_microseconds
 .text.timers_micros
                0x00000000080050a4       0x10 hub/obj/timers.o
                0x00000000080050a4                timers_micros
 .text.timers_tim6_init
                0x00000000080050b4       0x2c hub/obj/timers.o
                0x00000000080050b4                timers_tim6_init
 .text.timers_delay_milliseconds
                0x00000000080050e0       0x2c hub/obj/timers.o
                0x00000000080050e0                timers_delay_milliseconds
 .text.timers_millis
                0x000000000800510c       0x10 hub/obj/timers.o
                0x000000000800510c                timers_millis
 .text.timeout_init
                0x000000000800511c       0x1c hub/obj/timers.o
                0x000000000800511c                timeout_init
 .text.timeout  0x0000000008005138       0x48 hub/obj/timers.o
                0x0000000008005138                timeout
 .text.set_gpio_for_standby
                0x0000000008005180       0xe4 hub/obj/timers.o
                0x0000000008005180                set_gpio_for_standby
 .text.rtc_isr  0x0000000008005264       0x48 hub/obj/timers.o
                0x0000000008005264                rtc_isr
 .text.adc_start_conversion_regular
                0x00000000080052ac        0xa libopencm3/lib/libopencm3_stm32l0.a(adc_common_v2.o)
                0x00000000080052ac                adc_start_conversion_regular
 *fill*         0x00000000080052b6        0x2 
 .text.exti_reset_request
                0x00000000080052b8        0xc libopencm3/lib/libopencm3_stm32l0.a(exti_common_all.o)
                0x00000000080052b8                exti_reset_request
 .text.flash_set_ws
                0x00000000080052c4       0x14 libopencm3/lib/libopencm3_stm32l0.a(flash_common_all.o)
                0x00000000080052c4                flash_set_ws
 .text.flash_unlock_option_bytes
                0x00000000080052d8       0x18 libopencm3/lib/libopencm3_stm32l0.a(flash_common_all.o)
                0x00000000080052d8                flash_unlock_option_bytes
 .text.flash_unlock_pecr
                0x00000000080052f0       0x18 libopencm3/lib/libopencm3_stm32l0.a(flash_common_l01.o)
                0x00000000080052f0                flash_unlock_pecr
 .text.flash_lock_pecr
                0x0000000008005308       0x10 libopencm3/lib/libopencm3_stm32l0.a(flash_common_l01.o)
                0x0000000008005308                flash_lock_pecr
 .text.flash_unlock_progmem
                0x0000000008005318       0x18 libopencm3/lib/libopencm3_stm32l0.a(flash_common_l01.o)
                0x0000000008005318                flash_unlock_progmem
 .text.flash_lock_progmem
                0x0000000008005330       0x10 libopencm3/lib/libopencm3_stm32l0.a(flash_common_l01.o)
                0x0000000008005330                flash_lock_progmem
 .text.flash_lock_option_bytes
                0x0000000008005340       0x10 libopencm3/lib/libopencm3_stm32l0.a(flash_common_l01.o)
                0x0000000008005340                flash_lock_option_bytes
 .text.flash_unlock
                0x0000000008005350       0x10 libopencm3/lib/libopencm3_stm32l0.a(flash_common_l01.o)
                0x0000000008005350                flash_unlock
 .text.flash_lock
                0x0000000008005360       0x10 libopencm3/lib/libopencm3_stm32l0.a(flash_common_l01.o)
                0x0000000008005360                flash_lock
 .text.gpio_set
                0x0000000008005370        0x4 libopencm3/lib/libopencm3_stm32l0.a(gpio_common_all.o)
                0x0000000008005370                gpio_set
 .text.gpio_clear
                0x0000000008005374        0x6 libopencm3/lib/libopencm3_stm32l0.a(gpio_common_all.o)
                0x0000000008005374                gpio_clear
 .text.gpio_mode_setup
                0x000000000800537a       0x40 libopencm3/lib/libopencm3_stm32l0.a(gpio_common_f0234.o)
                0x000000000800537a                gpio_mode_setup
 .text.gpio_set_output_options
                0x00000000080053ba       0x3c libopencm3/lib/libopencm3_stm32l0.a(gpio_common_f0234.o)
                0x00000000080053ba                gpio_set_output_options
 .text.gpio_set_af
                0x00000000080053f6       0x54 libopencm3/lib/libopencm3_stm32l0.a(gpio_common_f0234.o)
                0x00000000080053f6                gpio_set_af
 .text.lptimer_get_counter
                0x000000000800544a        0x6 libopencm3/lib/libopencm3_stm32l0.a(lptimer_common_all.o)
                0x000000000800544a                lptimer_get_counter
 .text.lptimer_enable
                0x0000000008005450        0xa libopencm3/lib/libopencm3_stm32l0.a(lptimer_common_all.o)
                0x0000000008005450                lptimer_enable
 .text.lptimer_start_counter
                0x000000000800545a        0x8 libopencm3/lib/libopencm3_stm32l0.a(lptimer_common_all.o)
                0x000000000800545a                lptimer_start_counter
 *fill*         0x0000000008005462        0x2 
 .text.lptimer_set_prescaler
                0x0000000008005464       0x10 libopencm3/lib/libopencm3_stm32l0.a(lptimer_common_all.o)
                0x0000000008005464                lptimer_set_prescaler
 .text.lptimer_enable_trigger
                0x0000000008005474       0x10 libopencm3/lib/libopencm3_stm32l0.a(lptimer_common_all.o)
                0x0000000008005474                lptimer_enable_trigger
 .text.lptimer_set_period
                0x0000000008005484        0x4 libopencm3/lib/libopencm3_stm32l0.a(lptimer_common_all.o)
                0x0000000008005484                lptimer_set_period
 .text.lptimer_set_internal_clock_source
                0x0000000008005488        0xa libopencm3/lib/libopencm3_stm32l0.a(lptimer_common_all.o)
                0x0000000008005488                lptimer_set_internal_clock_source
 *fill*         0x0000000008005492        0x2 
 .text.pwr_disable_backup_domain_write_protect
                0x0000000008005494       0x14 libopencm3/lib/libopencm3_stm32l0.a(pwr_common_v1.o)
                0x0000000008005494                pwr_disable_backup_domain_write_protect
 .text.pwr_enable_backup_domain_write_protect
                0x00000000080054a8       0x14 libopencm3/lib/libopencm3_stm32l0.a(pwr_common_v1.o)
                0x00000000080054a8                pwr_enable_backup_domain_write_protect
 .text.pwr_clear_standby_flag
                0x00000000080054bc       0x10 libopencm3/lib/libopencm3_stm32l0.a(pwr_common_v1.o)
                0x00000000080054bc                pwr_clear_standby_flag
 .text.pwr_clear_wakeup_flag
                0x00000000080054cc       0x10 libopencm3/lib/libopencm3_stm32l0.a(pwr_common_v1.o)
                0x00000000080054cc                pwr_clear_wakeup_flag
 .text.rcc_osc_on
                0x00000000080054dc       0x54 libopencm3/lib/libopencm3_stm32l0.a(rcc.o)
                0x00000000080054dc                rcc_osc_on
 .text.rcc_is_osc_ready
                0x0000000008005530       0x58 libopencm3/lib/libopencm3_stm32l0.a(rcc.o)
                0x0000000008005530                rcc_is_osc_ready
 .text.rcc_wait_for_osc_ready
                0x0000000008005588       0x10 libopencm3/lib/libopencm3_stm32l0.a(rcc.o)
                0x0000000008005588                rcc_wait_for_osc_ready
 .text.rcc_set_ppre1
                0x0000000008005598       0x18 libopencm3/lib/libopencm3_stm32l0.a(rcc.o)
                0x0000000008005598                rcc_set_ppre1
 .text.rcc_set_ppre2
                0x00000000080055b0       0x18 libopencm3/lib/libopencm3_stm32l0.a(rcc.o)
                0x00000000080055b0                rcc_set_ppre2
 .text.rcc_set_hpre
                0x00000000080055c8       0x14 libopencm3/lib/libopencm3_stm32l0.a(rcc.o)
                0x00000000080055c8                rcc_set_hpre
 .text.rcc_set_msi_range
                0x00000000080055dc       0x18 libopencm3/lib/libopencm3_stm32l0.a(rcc.o)
                0x00000000080055dc                rcc_set_msi_range
 .text.rcc_set_peripheral_clk_sel
                0x00000000080055f4       0x6c libopencm3/lib/libopencm3_stm32l0.a(rcc.o)
                0x00000000080055f4                rcc_set_peripheral_clk_sel
 .text.rcc_periph_clock_enable
                0x0000000008005660       0x1c libopencm3/lib/libopencm3_stm32l0.a(rcc_common_all.o)
                0x0000000008005660                rcc_periph_clock_enable
 .text.rcc_periph_reset_pulse
                0x000000000800567c       0x20 libopencm3/lib/libopencm3_stm32l0.a(rcc_common_all.o)
                0x000000000800567c                rcc_periph_reset_pulse
 .text.rtc_unlock
                0x000000000800569c       0x10 libopencm3/lib/libopencm3_stm32l0.a(rtc_common_l1f024.o)
                0x000000000800569c                rtc_unlock
 .text.rtc_lock
                0x00000000080056ac        0xc libopencm3/lib/libopencm3_stm32l0.a(rtc_common_l1f024.o)
                0x00000000080056ac                rtc_lock
 .text.rtc_clear_wakeup_flag
                0x00000000080056b8       0x14 libopencm3/lib/libopencm3_stm32l0.a(rtc_common_l1f024.o)
                0x00000000080056b8                rtc_clear_wakeup_flag
 .text.spi_xfer
                0x00000000080056cc       0x10 libopencm3/lib/libopencm3_stm32l0.a(spi_common_all.o)
                0x00000000080056cc                spi_xfer
 .text.timer_enable_counter
                0x00000000080056dc        0xa libopencm3/lib/libopencm3_stm32l0.a(timer_common_all.o)
                0x00000000080056dc                timer_enable_counter
 .text.timer_disable_counter
                0x00000000080056e6        0xa libopencm3/lib/libopencm3_stm32l0.a(timer_common_all.o)
                0x00000000080056e6                timer_disable_counter
 .text.timer_set_prescaler
                0x00000000080056f0        0x4 libopencm3/lib/libopencm3_stm32l0.a(timer_common_all.o)
                0x00000000080056f0                timer_set_prescaler
 .text.timer_get_counter
                0x00000000080056f4        0x4 libopencm3/lib/libopencm3_stm32l0.a(timer_common_all.o)
                0x00000000080056f4                timer_get_counter
 .text.usart_set_baudrate
                0x00000000080056f8       0x58 libopencm3/lib/libopencm3_stm32l0.a(usart_common_all.o)
                0x00000000080056f8                usart_set_baudrate
 .text.usart_set_databits
                0x0000000008005750       0x1c libopencm3/lib/libopencm3_stm32l0.a(usart_common_all.o)
                0x0000000008005750                usart_set_databits
 .text.usart_set_stopbits
                0x000000000800576c       0x10 libopencm3/lib/libopencm3_stm32l0.a(usart_common_all.o)
                0x000000000800576c                usart_set_stopbits
 .text.usart_set_parity
                0x000000000800577c       0x10 libopencm3/lib/libopencm3_stm32l0.a(usart_common_all.o)
                0x000000000800577c                usart_set_parity
 .text.usart_set_mode
                0x000000000800578c        0xc libopencm3/lib/libopencm3_stm32l0.a(usart_common_all.o)
                0x000000000800578c                usart_set_mode
 .text.usart_set_flow_control
                0x0000000008005798       0x10 libopencm3/lib/libopencm3_stm32l0.a(usart_common_all.o)
                0x0000000008005798                usart_set_flow_control
 .text.usart_enable
                0x00000000080057a8        0xa libopencm3/lib/libopencm3_stm32l0.a(usart_common_all.o)
                0x00000000080057a8                usart_enable
 .text.usart_disable
                0x00000000080057b2        0xa libopencm3/lib/libopencm3_stm32l0.a(usart_common_all.o)
                0x00000000080057b2                usart_disable
 .text.usart_send_blocking
                0x00000000080057bc       0x14 libopencm3/lib/libopencm3_stm32l0.a(usart_common_all.o)
                0x00000000080057bc                usart_send_blocking
 .text.usart_send
                0x00000000080057d0        0x8 libopencm3/lib/libopencm3_stm32l0.a(usart_common_v2.o)
                0x00000000080057d0                usart_send
 .text.usart_recv
                0x00000000080057d8        0x8 libopencm3/lib/libopencm3_stm32l0.a(usart_common_v2.o)
                0x00000000080057d8                usart_recv
 .text.usart_wait_send_ready
                0x00000000080057e0        0xa libopencm3/lib/libopencm3_stm32l0.a(usart_common_v2.o)
                0x00000000080057e0                usart_wait_send_ready
 .text.usart_get_flag
                0x00000000080057ea        0xc libopencm3/lib/libopencm3_stm32l0.a(usart_common_v2.o)
                0x00000000080057ea                usart_get_flag
 .text.blocking_handler
                0x00000000080057f6        0x2 libopencm3/lib/libopencm3_stm32l0.a(vector.o)
                0x00000000080057f6                exti0_1_isr
                0x00000000080057f6                blocking_handler
                0x00000000080057f6                tsc_isr
                0x00000000080057f6                spi1_isr
                0x00000000080057f6                i2c1_isr
                0x00000000080057f6                i2c2_isr
                0x00000000080057f6                tim21_isr
                0x00000000080057f6                usart1_isr
                0x00000000080057f6                i2c3_isr
                0x00000000080057f6                reserved4_isr
                0x00000000080057f6                exti2_3_isr
                0x00000000080057f6                lptim1_isr
                0x00000000080057f6                pvd_isr
                0x00000000080057f6                rcc_isr
                0x00000000080057f6                flash_isr
                0x00000000080057f6                spi2_isr
                0x00000000080057f6                lpuart1_aes_rng_isr
                0x00000000080057f6                usb_isr
                0x00000000080057f6                tim3_isr
                0x00000000080057f6                dma1_channel1_isr
                0x00000000080057f6                tim6_dac_isr
                0x00000000080057f6                lcd_isr
                0x00000000080057f6                dma1_channel2_3_isr
                0x00000000080057f6                tim22_isr
                0x00000000080057f6                usart4_5_isr
                0x00000000080057f6                wwdg_isr
                0x00000000080057f6                tim2_isr
                0x00000000080057f6                dma1_channel4_5_isr
                0x00000000080057f6                tim7_isr
 .text.null_handler
                0x00000000080057f8        0x2 libopencm3/lib/libopencm3_stm32l0.a(vector.o)
                0x00000000080057f8                null_handler
                0x00000000080057f8                sv_call_handler
                0x00000000080057f8                pend_sv_handler
                0x00000000080057f8                sys_tick_handler
 *fill*         0x00000000080057fa        0x2 
 .text.reset_handler
                0x00000000080057fc       0x88 libopencm3/lib/libopencm3_stm32l0.a(vector.o)
                0x00000000080057fc                reset_handler
 .text.malloc   0x0000000008005884       0x14 /usr/local/Cellar/arm-gcc-bin/9-2020-q2-update/bin/../lib/gcc/arm-none-eabi/9.3.1/../../../../arm-none-eabi/lib/thumb/v6-m/nofp/libc_nano.a(lib_a-malloc.o)
                0x0000000008005884                malloc
 .text._malloc_r
                0x0000000008005898       0xbc /usr/local/Cellar/arm-gcc-bin/9-2020-q2-update/bin/../lib/gcc/arm-none-eabi/9.3.1/../../../../arm-none-eabi/lib/thumb/v6-m/nofp/libc_nano.a(lib_a-nano-mallocr.o)
                0x0000000008005898                _malloc_r
 .text._sbrk_r  0x0000000008005954       0x24 /usr/local/Cellar/arm-gcc-bin/9-2020-q2-update/bin/../lib/gcc/arm-none-eabi/9.3.1/../../../../arm-none-eabi/lib/thumb/v6-m/nofp/libc_nano.a(lib_a-sbrkr.o)
                0x0000000008005954                _sbrk_r
 .text.__malloc_lock
                0x0000000008005978       0x10 /usr/local/Cellar/arm-gcc-bin/9-2020-q2-update/bin/../lib/gcc/arm-none-eabi/9.3.1/../../../../arm-none-eabi/lib/thumb/v6-m/nofp/libc_nano.a(lib_a-mlock.o)
                0x0000000008005978                __malloc_lock
 .text.__malloc_unlock
                0x0000000008005988       0x10 /usr/local/Cellar/arm-gcc-bin/9-2020-q2-update/bin/../lib/gcc/arm-none-eabi/9.3.1/../../../../arm-none-eabi/lib/thumb/v6-m/nofp/libc_nano.a(lib_a-mlock.o)
                0x0000000008005988                __malloc_unlock
 .text.__retarget_lock_acquire_recursive
                0x0000000008005998        0x2 /usr/local/Cellar/arm-gcc-bin/9-2020-q2-update/bin/../lib/gcc/arm-none-eabi/9.3.1/../../../../arm-none-eabi/lib/thumb/v6-m/nofp/libc_nano.a(lib_a-lock.o)
                0x0000000008005998                __retarget_lock_acquire_recursive
 .text.__retarget_lock_release_recursive
                0x000000000800599a        0x2 /usr/local/Cellar/arm-gcc-bin/9-2020-q2-update/bin/../lib/gcc/arm-none-eabi/9.3.1/../../../../arm-none-eabi/lib/thumb/v6-m/nofp/libc_nano.a(lib_a-lock.o)
                0x000000000800599a                __retarget_lock_release_recursive
 .text          0x000000000800599c       0x14 /usr/local/Cellar/arm-gcc-bin/9-2020-q2-update/bin/../lib/gcc/arm-none-eabi/9.3.1/thumb/v6-m/nofp/libgcc.a(_thumb1_case_uqi.o)
                0x000000000800599c                __gnu_thumb1_case_uqi
 .text          0x00000000080059b0       0x14 /usr/local/Cellar/arm-gcc-bin/9-2020-q2-update/bin/../lib/gcc/arm-none-eabi/9.3.1/thumb/v6-m/nofp/libgcc.a(_thumb1_case_shi.o)
                0x00000000080059b0                __gnu_thumb1_case_shi
 .text          0x00000000080059c4      0x114 /usr/local/Cellar/arm-gcc-bin/9-2020-q2-update/bin/../lib/gcc/arm-none-eabi/9.3.1/thumb/v6-m/nofp/libgcc.a(_udivsi3.o)
                0x00000000080059c4                __udivsi3
                0x00000000080059c4                __aeabi_uidiv
                0x0000000008005ad0                __aeabi_uidivmod
 .text          0x0000000008005ad8      0x1d4 /usr/local/Cellar/arm-gcc-bin/9-2020-q2-update/bin/../lib/gcc/arm-none-eabi/9.3.1/thumb/v6-m/nofp/libgcc.a(_divsi3.o)
                0x0000000008005ad8                __aeabi_idiv
                0x0000000008005ad8                __divsi3
                0x0000000008005ca4                __aeabi_idivmod
 .text          0x0000000008005cac        0x4 /usr/local/Cellar/arm-gcc-bin/9-2020-q2-update/bin/../lib/gcc/arm-none-eabi/9.3.1/thumb/v6-m/nofp/libgcc.a(_dvmd_tls.o)
                0x0000000008005cac                __aeabi_ldiv0
                0x0000000008005cac                __aeabi_idiv0
 .text          0x0000000008005cb0       0x7c /usr/local/Cellar/arm-gcc-bin/9-2020-q2-update/bin/../lib/gcc/arm-none-eabi/9.3.1/thumb/v6-m/nofp/libgcc.a(_arm_cmpdf2.o)
                0x0000000008005cb0                __aeabi_cdrcmple
                0x0000000008005cc0                __aeabi_cdcmple
                0x0000000008005cc0                __aeabi_cdcmpeq
                0x0000000008005cd0                __aeabi_dcmpeq
                0x0000000008005cdc                __aeabi_dcmplt
                0x0000000008005cf0                __aeabi_dcmple
                0x0000000008005d04                __aeabi_dcmpgt
                0x0000000008005d18                __aeabi_dcmpge
 .text          0x0000000008005d2c       0x3c /usr/local/Cellar/arm-gcc-bin/9-2020-q2-update/bin/../lib/gcc/arm-none-eabi/9.3.1/thumb/v6-m/nofp/libgcc.a(_fixunsdfsi.o)
                0x0000000008005d2c                __fixunsdfsi
                0x0000000008005d2c                __aeabi_d2uiz
 .text          0x0000000008005d68       0x78 /usr/local/Cellar/arm-gcc-bin/9-2020-q2-update/bin/../lib/gcc/arm-none-eabi/9.3.1/thumb/v6-m/nofp/libgcc.a(eqdf2.o)
                0x0000000008005d68                __eqdf2
                0x0000000008005d68                __nedf2
 .text          0x0000000008005de0       0xe4 /usr/local/Cellar/arm-gcc-bin/9-2020-q2-update/bin/../lib/gcc/arm-none-eabi/9.3.1/thumb/v6-m/nofp/libgcc.a(gedf2.o)
                0x0000000008005de0                __gtdf2
                0x0000000008005de0                __gedf2
 .text          0x0000000008005ec4       0xe0 /usr/local/Cellar/arm-gcc-bin/9-2020-q2-update/bin/../lib/gcc/arm-none-eabi/9.3.1/thumb/v6-m/nofp/libgcc.a(ledf2.o)
                0x0000000008005ec4                __ltdf2
                0x0000000008005ec4                __ledf2
 .text          0x0000000008005fa4      0x4d8 /usr/local/Cellar/arm-gcc-bin/9-2020-q2-update/bin/../lib/gcc/arm-none-eabi/9.3.1/thumb/v6-m/nofp/libgcc.a(muldf3.o)
                0x0000000008005fa4                __aeabi_dmul
 .text          0x000000000800647c      0x724 /usr/local/Cellar/arm-gcc-bin/9-2020-q2-update/bin/../lib/gcc/arm-none-eabi/9.3.1/thumb/v6-m/nofp/libgcc.a(subdf3.o)
                0x000000000800647c                __aeabi_dsub
 .text          0x0000000008006ba0       0x6c /usr/local/Cellar/arm-gcc-bin/9-2020-q2-update/bin/../lib/gcc/arm-none-eabi/9.3.1/thumb/v6-m/nofp/libgcc.a(fixdfsi.o)
                0x0000000008006ba0                __aeabi_d2iz
 .text          0x0000000008006c0c       0x60 /usr/local/Cellar/arm-gcc-bin/9-2020-q2-update/bin/../lib/gcc/arm-none-eabi/9.3.1/thumb/v6-m/nofp/libgcc.a(floatsidf.o)
                0x0000000008006c0c                __aeabi_i2d
 .text          0x0000000008006c6c       0x4c /usr/local/Cellar/arm-gcc-bin/9-2020-q2-update/bin/../lib/gcc/arm-none-eabi/9.3.1/thumb/v6-m/nofp/libgcc.a(floatunsidf.o)
                0x0000000008006c6c                __aeabi_ui2d
 .text          0x0000000008006cb8       0x3c /usr/local/Cellar/arm-gcc-bin/9-2020-q2-update/bin/../lib/gcc/arm-none-eabi/9.3.1/thumb/v6-m/nofp/libgcc.a(_clzsi2.o)
                0x0000000008006cb8                __clzsi2
 .text._sbrk    0x0000000008006cf4       0x1c /usr/local/Cellar/arm-gcc-bin/9-2020-q2-update/bin/../lib/gcc/arm-none-eabi/9.3.1/../../../../arm-none-eabi/lib/thumb/v6-m/nofp/libnosys.a(sbrk.o)
                0x0000000008006cf4                _sbrk
 .text._sbrk.__stub
                0x0000000008006d10       0x20 linker stubs
 *(.glue_7)
 .glue_7        0x0000000008006d30        0x0 linker stubs
 *(.glue_7t)
 .glue_7t       0x0000000008006d30        0x0 linker stubs
 *(.eh_frame)
                0x0000000008006d30                . = ALIGN (0x4)
 *(.rodata*)
 .rodata.main.str1.1
                0x0000000008006d30       0x16 hub/obj/hub.o
 .rodata.nmi_handler.str1.1
                0x0000000008006d46        0x5 hub/obj/hub.o
 .rodata.hard_fault_handler.str1.1
                0x0000000008006d4b        0xc hub/obj/hub.o
 .rodata.adc_comp_isr.str1.1
                0x0000000008006d57       0x44 hub/obj/battery.o
 .rodata._vsnprintf.constprop.0.str1.1
                0x0000000008006d9b       0x12 hub/obj/printf.o
 *fill*         0x0000000008006dad        0x3 
 .rodata.pow10.4171
                0x0000000008006db0       0x50 hub/obj/printf.o
 .rodata.spi_write_single.str1.1
                0x0000000008006e00        0xe hub/obj/rfm.o
 .rodata.test_mem_write_read.str1.1
                0x0000000008006e0e       0xcc hub/obj/test.o
 .rodata.timeout.str1.1
                0x0000000008006eda       0x11 hub/obj/timers.o
 .rodata.rtc_isr.str1.1
                0x0000000008006eeb        0x9 hub/obj/timers.o
 .rodata        0x0000000008006ef4       0x40 /usr/local/Cellar/arm-gcc-bin/9-2020-q2-update/bin/../lib/gcc/arm-none-eabi/9.3.1/thumb/v6-m/nofp/libgcc.a(muldf3.o)
                0x0000000008006f34                . = ALIGN (0x4)

.vfp11_veneer   0x0000000008006f34        0x0
 .vfp11_veneer  0x0000000008006f34        0x0 linker stubs

.v4_bx          0x0000000008006f34        0x0
 .v4_bx         0x0000000008006f34        0x0 linker stubs

.iplt           0x0000000008006f34        0x0
 .iplt          0x0000000008006f34        0x0 hub/obj/hub.o

.rel.dyn        0x0000000008006f34        0x0
 .rel.iplt      0x0000000008006f34        0x0 hub/obj/hub.o

.preinit_array  0x0000000008006f34        0x0
                0x0000000008006f34                . = ALIGN (0x4)
                0x0000000008006f34                __preinit_array_start = .
 *(.preinit_array)
                0x0000000008006f34                __preinit_array_end = .

.init_array     0x0000000008006f34        0x0
                0x0000000008006f34                . = ALIGN (0x4)
                0x0000000008006f34                __init_array_start = .
 *(SORT_BY_NAME(.init_array.*))
 *(.init_array)
                0x0000000008006f34                __init_array_end = .

.fini_array     0x0000000008006f34        0x0
                0x0000000008006f34                . = ALIGN (0x4)
                0x0000000008006f34                __fini_array_start = .
 *(.fini_array)
 *(SORT_BY_NAME(.fini_array.*))
                0x0000000008006f34                __fini_array_end = .

.ARM.extab
 *(.ARM.extab*)

.ARM.exidx      0x0000000008006f34        0x0
                0x0000000008006f34                __exidx_start = .
 *(.ARM.exidx*)
                0x0000000008006f34                __exidx_end = .
                0x0000000008006f34                . = ALIGN (0x4)
                0x0000000008006f34                _etext = .

.data           0x0000000020000000       0xf8 load address 0x0000000008006f34
                0x0000000020000000                _data = .
 *(.data*)
 .data#         0x0000000020000000       0x88 hub/obj/memory.o
 .data.rcc_ahb_frequency
                0x0000000020000088        0x4 libopencm3/lib/libopencm3_stm32l0.a(rcc.o)
                0x0000000020000088                rcc_ahb_frequency
 .data.rcc_apb1_frequency
                0x000000002000008c        0x4 libopencm3/lib/libopencm3_stm32l0.a(rcc.o)
                0x000000002000008c                rcc_apb1_frequency
 .data.rcc_apb2_frequency
                0x0000000020000090        0x4 libopencm3/lib/libopencm3_stm32l0.a(rcc.o)
                0x0000000020000090                rcc_apb2_frequency
 .data._impure_ptr
                0x0000000020000094        0x4 /usr/local/Cellar/arm-gcc-bin/9-2020-q2-update/bin/../lib/gcc/arm-none-eabi/9.3.1/../../../../arm-none-eabi/lib/thumb/v6-m/nofp/libc_nano.a(lib_a-impure.o)
                0x0000000020000094                _impure_ptr
 .data.impure_data
                0x0000000020000098       0x60 /usr/local/Cellar/arm-gcc-bin/9-2020-q2-update/bin/../lib/gcc/arm-none-eabi/9.3.1/../../../../arm-none-eabi/lib/thumb/v6-m/nofp/libc_nano.a(lib_a-impure.o)
                0x00000000200000f8                . = ALIGN (0x4)
                0x00000000200000f8                _edata = .
                0x0000000008006f34                _data_loadaddr = LOADADDR (.data)

.igot.plt       0x00000000200000f8        0x0 load address 0x000000000800702c
 .igot.plt      0x00000000200000f8        0x0 hub/obj/hub.o

.bss            0x00000000200000f8      0x2bc load address 0x000000000800702c
 *(.bss*)
 .bss.sim_rx_buf
                0x00000000200000f8      0x100 hub/obj/sim.o
                0x00000000200000f8                sim_rx_buf
 .bss.sim_rx_head
                0x00000000200001f8        0x1 hub/obj/sim.o
                0x00000000200001f8                sim_rx_head
 *fill*         0x00000000200001f9        0x1 
 .bss.adc_vals  0x00000000200001fa        0x6 hub/obj/battery.o
 .bss.batt_rst_seq
                0x0000000020000200        0x1 hub/obj/battery.o
                0x0000000020000200                batt_rst_seq
 *fill*         0x0000000020000201        0x1 
 .bss.batt_voltages
                0x0000000020000202        0x4 hub/obj/battery.o
                0x0000000020000202                batt_voltages
 .bss.state.4944
                0x0000000020000206        0x1 hub/obj/battery.o
 *fill*         0x0000000020000207        0x1 
 .bss.timer.4943
                0x0000000020000208        0x2 hub/obj/battery.o
 *fill*         0x000000002000020a        0x2 
 .bss.packets_buf
                0x000000002000020c      0x180 hub/obj/rfm.o
 .bss.packets_head
                0x000000002000038c        0x1 hub/obj/rfm.o
 *fill*         0x000000002000038d        0x3 
 .bss.timeout_counter
                0x0000000020000390        0x4 hub/obj/timers.o
 .bss.timeout_timer
                0x0000000020000394        0x2 hub/obj/timers.o
 *fill*         0x0000000020000396        0x2 
 .bss.__malloc_free_list
                0x0000000020000398        0x4 /usr/local/Cellar/arm-gcc-bin/9-2020-q2-update/bin/../lib/gcc/arm-none-eabi/9.3.1/../../../../arm-none-eabi/lib/thumb/v6-m/nofp/libc_nano.a(lib_a-nano-mallocr.o)
                0x0000000020000398                __malloc_free_list
 .bss.__malloc_sbrk_start
                0x000000002000039c        0x4 /usr/local/Cellar/arm-gcc-bin/9-2020-q2-update/bin/../lib/gcc/arm-none-eabi/9.3.1/../../../../arm-none-eabi/lib/thumb/v6-m/nofp/libc_nano.a(lib_a-nano-mallocr.o)
                0x000000002000039c                __malloc_sbrk_start
 .bss.heap_end.4144
                0x00000000200003a0        0x4 /usr/local/Cellar/arm-gcc-bin/9-2020-q2-update/bin/../lib/gcc/arm-none-eabi/9.3.1/../../../../arm-none-eabi/lib/thumb/v6-m/nofp/libnosys.a(sbrk.o)
 *(COMMON)
 COMMON         0x00000000200003a4        0x4 /usr/local/Cellar/arm-gcc-bin/9-2020-q2-update/bin/../lib/gcc/arm-none-eabi/9.3.1/../../../../arm-none-eabi/lib/thumb/v6-m/nofp/libc_nano.a(lib_a-reent.o)
                0x00000000200003a4                errno
 COMMON         0x00000000200003a8        0x9 /usr/local/Cellar/arm-gcc-bin/9-2020-q2-update/bin/../lib/gcc/arm-none-eabi/9.3.1/../../../../arm-none-eabi/lib/thumb/v6-m/nofp/libc_nano.a(lib_a-lock.o)
                0x00000000200003a8                __lock___atexit_recursive_mutex
                0x00000000200003a9                __lock___arc4random_mutex
                0x00000000200003aa                __lock___env_recursive_mutex
                0x00000000200003ab                __lock___sinit_recursive_mutex
                0x00000000200003ac                __lock___malloc_recursive_mutex
                0x00000000200003ad                __lock___at_quick_exit_mutex
                0x00000000200003ae                __lock___dd_hash_mutex
                0x00000000200003af                __lock___tz_mutex
                0x00000000200003b0                __lock___sfp_recursive_mutex
                0x00000000200003b4                . = ALIGN (0x4)
 *fill*         0x00000000200003b1        0x3 
                0x00000000200003b4                _ebss = .
                0x00000000200003b4                . = ALIGN (0x4)
                0x00000000200003b4                PROVIDE (end = .)

._user_heap_stack
                0x00000000200003b4     0x1004 load address 0x000000000800702c
                0x00000000200003b8                . = ALIGN (0x8)
 *fill*         0x00000000200003b4        0x4 
                0x0000000020000bb8                . = (. + _min_heap_size)
 *fill*         0x00000000200003b8      0x800 
                0x00000000200013b8                . = (. + _min_stack_size)
 *fill*         0x0000000020000bb8      0x800 
                0x00000000200013b8                . = ALIGN (0x8)

/DISCARD/
 *(.eh_frame)
 libc.a(*)
 libm.a(*)
 libgcc.a(*)

.ARM.attributes
                0x0000000000000000       0x2a
 *(.ARM.attributes)
 .ARM.attributes
                0x0000000000000000       0x2c hub/obj/hub.o
 .ARM.attributes
                0x000000000000002c       0x2c hub/obj/sim.o
 .ARM.attributes
                0x0000000000000058       0x2c hub/obj/battery.o
 .ARM.attributes
                0x0000000000000084       0x2c hub/obj/memory.o
 .ARM.attributes
                0x00000000000000b0       0x2c hub/obj/printf.o
 .ARM.attributes
                0x00000000000000dc       0x2c hub/obj/rfm.o
 .ARM.attributes
                0x0000000000000108       0x2c hub/obj/serial_printf.o
 .ARM.attributes
                0x0000000000000134       0x2c hub/obj/test.o
 .ARM.attributes
                0x0000000000000160       0x2c hub/obj/timers.o
 .ARM.attributes
                0x000000000000018c       0x2c libopencm3/lib/libopencm3_stm32l0.a(adc_common_v2.o)
 .ARM.attributes
                0x00000000000001b8       0x2c libopencm3/lib/libopencm3_stm32l0.a(exti_common_all.o)
 .ARM.attributes
                0x00000000000001e4       0x2c libopencm3/lib/libopencm3_stm32l0.a(flash_common_all.o)
 .ARM.attributes
                0x0000000000000210       0x2c libopencm3/lib/libopencm3_stm32l0.a(flash_common_l01.o)
 .ARM.attributes
                0x000000000000023c       0x2c libopencm3/lib/libopencm3_stm32l0.a(gpio_common_all.o)
 .ARM.attributes
                0x0000000000000268       0x2c libopencm3/lib/libopencm3_stm32l0.a(gpio_common_f0234.o)
 .ARM.attributes
                0x0000000000000294       0x2c libopencm3/lib/libopencm3_stm32l0.a(lptimer_common_all.o)
 .ARM.attributes
                0x00000000000002c0       0x2c libopencm3/lib/libopencm3_stm32l0.a(pwr_common_v1.o)
 .ARM.attributes
                0x00000000000002ec       0x2c libopencm3/lib/libopencm3_stm32l0.a(rcc.o)
 .ARM.attributes
                0x0000000000000318       0x2c libopencm3/lib/libopencm3_stm32l0.a(rcc_common_all.o)
 .ARM.attributes
                0x0000000000000344       0x2c libopencm3/lib/libopencm3_stm32l0.a(rtc_common_l1f024.o)
 .ARM.attributes
                0x0000000000000370       0x2c libopencm3/lib/libopencm3_stm32l0.a(spi_common_all.o)
 .ARM.attributes
                0x000000000000039c       0x2c libopencm3/lib/libopencm3_stm32l0.a(timer_common_all.o)
 .ARM.attributes
                0x00000000000003c8       0x2c libopencm3/lib/libopencm3_stm32l0.a(usart_common_all.o)
 .ARM.attributes
                0x00000000000003f4       0x2c libopencm3/lib/libopencm3_stm32l0.a(usart_common_v2.o)
 .ARM.attributes
                0x0000000000000420       0x2c libopencm3/lib/libopencm3_stm32l0.a(vector.o)
 .ARM.attributes
                0x000000000000044c       0x2c /usr/local/Cellar/arm-gcc-bin/9-2020-q2-update/bin/../lib/gcc/arm-none-eabi/9.3.1/../../../../arm-none-eabi/lib/thumb/v6-m/nofp/libc_nano.a(lib_a-malloc.o)
 .ARM.attributes
                0x0000000000000478       0x2c /usr/local/Cellar/arm-gcc-bin/9-2020-q2-update/bin/../lib/gcc/arm-none-eabi/9.3.1/../../../../arm-none-eabi/lib/thumb/v6-m/nofp/libc_nano.a(lib_a-nano-mallocr.o)
 .ARM.attributes
                0x00000000000004a4       0x2c /usr/local/Cellar/arm-gcc-bin/9-2020-q2-update/bin/../lib/gcc/arm-none-eabi/9.3.1/../../../../arm-none-eabi/lib/thumb/v6-m/nofp/libc_nano.a(lib_a-sbrkr.o)
 .ARM.attributes
                0x00000000000004d0       0x2c /usr/local/Cellar/arm-gcc-bin/9-2020-q2-update/bin/../lib/gcc/arm-none-eabi/9.3.1/../../../../arm-none-eabi/lib/thumb/v6-m/nofp/libc_nano.a(lib_a-impure.o)
 .ARM.attributes
                0x00000000000004fc       0x2c /usr/local/Cellar/arm-gcc-bin/9-2020-q2-update/bin/../lib/gcc/arm-none-eabi/9.3.1/../../../../arm-none-eabi/lib/thumb/v6-m/nofp/libc_nano.a(lib_a-mlock.o)
 .ARM.attributes
                0x0000000000000528       0x2c /usr/local/Cellar/arm-gcc-bin/9-2020-q2-update/bin/../lib/gcc/arm-none-eabi/9.3.1/../../../../arm-none-eabi/lib/thumb/v6-m/nofp/libc_nano.a(lib_a-reent.o)
 .ARM.attributes
                0x0000000000000554       0x2c /usr/local/Cellar/arm-gcc-bin/9-2020-q2-update/bin/../lib/gcc/arm-none-eabi/9.3.1/../../../../arm-none-eabi/lib/thumb/v6-m/nofp/libc_nano.a(lib_a-lock.o)
 .ARM.attributes
                0x0000000000000580       0x1e /usr/local/Cellar/arm-gcc-bin/9-2020-q2-update/bin/../lib/gcc/arm-none-eabi/9.3.1/thumb/v6-m/nofp/libgcc.a(_thumb1_case_uqi.o)
 .ARM.attributes
                0x000000000000059e       0x1e /usr/local/Cellar/arm-gcc-bin/9-2020-q2-update/bin/../lib/gcc/arm-none-eabi/9.3.1/thumb/v6-m/nofp/libgcc.a(_thumb1_case_shi.o)
 .ARM.attributes
                0x00000000000005bc       0x1e /usr/local/Cellar/arm-gcc-bin/9-2020-q2-update/bin/../lib/gcc/arm-none-eabi/9.3.1/thumb/v6-m/nofp/libgcc.a(_udivsi3.o)
 .ARM.attributes
                0x00000000000005da       0x1e /usr/local/Cellar/arm-gcc-bin/9-2020-q2-update/bin/../lib/gcc/arm-none-eabi/9.3.1/thumb/v6-m/nofp/libgcc.a(_divsi3.o)
 .ARM.attributes
                0x00000000000005f8       0x1e /usr/local/Cellar/arm-gcc-bin/9-2020-q2-update/bin/../lib/gcc/arm-none-eabi/9.3.1/thumb/v6-m/nofp/libgcc.a(_dvmd_tls.o)
 .ARM.attributes
                0x0000000000000616       0x1e /usr/local/Cellar/arm-gcc-bin/9-2020-q2-update/bin/../lib/gcc/arm-none-eabi/9.3.1/thumb/v6-m/nofp/libgcc.a(_arm_cmpdf2.o)
 .ARM.attributes
                0x0000000000000634       0x2c /usr/local/Cellar/arm-gcc-bin/9-2020-q2-update/bin/../lib/gcc/arm-none-eabi/9.3.1/thumb/v6-m/nofp/libgcc.a(_fixunsdfsi.o)
 .ARM.attributes
                0x0000000000000660       0x2c /usr/local/Cellar/arm-gcc-bin/9-2020-q2-update/bin/../lib/gcc/arm-none-eabi/9.3.1/thumb/v6-m/nofp/libgcc.a(eqdf2.o)
 .ARM.attributes
                0x000000000000068c       0x2c /usr/local/Cellar/arm-gcc-bin/9-2020-q2-update/bin/../lib/gcc/arm-none-eabi/9.3.1/thumb/v6-m/nofp/libgcc.a(gedf2.o)
 .ARM.attributes
                0x00000000000006b8       0x2c /usr/local/Cellar/arm-gcc-bin/9-2020-q2-update/bin/../lib/gcc/arm-none-eabi/9.3.1/thumb/v6-m/nofp/libgcc.a(ledf2.o)
 .ARM.attributes
                0x00000000000006e4       0x2c /usr/local/Cellar/arm-gcc-bin/9-2020-q2-update/bin/../lib/gcc/arm-none-eabi/9.3.1/thumb/v6-m/nofp/libgcc.a(muldf3.o)
 .ARM.attributes
                0x0000000000000710       0x2c /usr/local/Cellar/arm-gcc-bin/9-2020-q2-update/bin/../lib/gcc/arm-none-eabi/9.3.1/thumb/v6-m/nofp/libgcc.a(subdf3.o)
 .ARM.attributes
                0x000000000000073c       0x2c /usr/local/Cellar/arm-gcc-bin/9-2020-q2-update/bin/../lib/gcc/arm-none-eabi/9.3.1/thumb/v6-m/nofp/libgcc.a(fixdfsi.o)
 .ARM.attributes
                0x0000000000000768       0x2c /usr/local/Cellar/arm-gcc-bin/9-2020-q2-update/bin/../lib/gcc/arm-none-eabi/9.3.1/thumb/v6-m/nofp/libgcc.a(floatsidf.o)
 .ARM.attributes
                0x0000000000000794       0x2c /usr/local/Cellar/arm-gcc-bin/9-2020-q2-update/bin/../lib/gcc/arm-none-eabi/9.3.1/thumb/v6-m/nofp/libgcc.a(floatunsidf.o)
 .ARM.attributes
                0x00000000000007c0       0x1e /usr/local/Cellar/arm-gcc-bin/9-2020-q2-update/bin/../lib/gcc/arm-none-eabi/9.3.1/thumb/v6-m/nofp/libgcc.a(_clzsi2.o)
 .ARM.attributes
                0x00000000000007de       0x2c /usr/local/Cellar/arm-gcc-bin/9-2020-q2-update/bin/../lib/gcc/arm-none-eabi/9.3.1/../../../../arm-none-eabi/lib/thumb/v6-m/nofp/libnosys.a(sbrk.o)
                0x0000000020002000                PROVIDE (_stack = (ORIGIN (ram) + LENGTH (ram)))
OUTPUT(hub/bin/hub.elf elf32-littlearm)
LOAD linker stubs
LOAD /usr/local/Cellar/arm-gcc-bin/9-2020-q2-update/bin/../lib/gcc/arm-none-eabi/9.3.1/../../../../arm-none-eabi/lib/thumb/v6-m/nofp/libc.a
LOAD /usr/local/Cellar/arm-gcc-bin/9-2020-q2-update/bin/../lib/gcc/arm-none-eabi/9.3.1/../../../../arm-none-eabi/lib/thumb/v6-m/nofp/libm.a
LOAD /usr/local/Cellar/arm-gcc-bin/9-2020-q2-update/bin/../lib/gcc/arm-none-eabi/9.3.1/thumb/v6-m/nofp/libgcc.a

.comment        0x0000000000000000       0x4c
 .comment       0x0000000000000000       0x4c hub/obj/hub.o
                                         0x4d (size before relaxing)
 .comment       0x000000000000004c       0x4d hub/obj/sim.o
 .comment       0x000000000000004c       0x4d hub/obj/battery.o
 .comment       0x000000000000004c       0x4d hub/obj/memory.o
 .comment       0x000000000000004c       0x4d hub/obj/printf.o
 .comment       0x000000000000004c       0x4d hub/obj/rfm.o
 .comment       0x000000000000004c       0x4d hub/obj/serial_printf.o
 .comment       0x000000000000004c       0x4d hub/obj/test.o
 .comment       0x000000000000004c       0x4d hub/obj/timers.o
 .comment       0x000000000000004c       0x4d libopencm3/lib/libopencm3_stm32l0.a(adc_common_v2.o)
 .comment       0x000000000000004c       0x4d libopencm3/lib/libopencm3_stm32l0.a(exti_common_all.o)
 .comment       0x000000000000004c       0x4d libopencm3/lib/libopencm3_stm32l0.a(flash_common_all.o)
 .comment       0x000000000000004c       0x4d libopencm3/lib/libopencm3_stm32l0.a(flash_common_l01.o)
 .comment       0x000000000000004c       0x4d libopencm3/lib/libopencm3_stm32l0.a(gpio_common_all.o)
 .comment       0x000000000000004c       0x4d libopencm3/lib/libopencm3_stm32l0.a(gpio_common_f0234.o)
 .comment       0x000000000000004c       0x4d libopencm3/lib/libopencm3_stm32l0.a(lptimer_common_all.o)
 .comment       0x000000000000004c       0x4d libopencm3/lib/libopencm3_stm32l0.a(pwr_common_v1.o)
 .comment       0x000000000000004c       0x4d libopencm3/lib/libopencm3_stm32l0.a(rcc.o)
 .comment       0x000000000000004c       0x4d libopencm3/lib/libopencm3_stm32l0.a(rcc_common_all.o)
 .comment       0x000000000000004c       0x4d libopencm3/lib/libopencm3_stm32l0.a(rtc_common_l1f024.o)
 .comment       0x000000000000004c       0x4d libopencm3/lib/libopencm3_stm32l0.a(spi_common_all.o)
 .comment       0x000000000000004c       0x4d libopencm3/lib/libopencm3_stm32l0.a(timer_common_all.o)
 .comment       0x000000000000004c       0x4d libopencm3/lib/libopencm3_stm32l0.a(usart_common_all.o)
 .comment       0x000000000000004c       0x4d libopencm3/lib/libopencm3_stm32l0.a(usart_common_v2.o)
 .comment       0x000000000000004c       0x4d libopencm3/lib/libopencm3_stm32l0.a(vector.o)

.debug_info     0x0000000000000000     0x523a
 .debug_info    0x0000000000000000      0x6fa libopencm3/lib/libopencm3_stm32l0.a(adc_common_v2.o)
 .debug_info    0x00000000000006fa      0x241 libopencm3/lib/libopencm3_stm32l0.a(exti_common_all.o)
 .debug_info    0x000000000000093b       0xf6 libopencm3/lib/libopencm3_stm32l0.a(flash_common_all.o)
 .debug_info    0x0000000000000a31      0x232 libopencm3/lib/libopencm3_stm32l0.a(flash_common_l01.o)
 .debug_info    0x0000000000000c63      0x266 libopencm3/lib/libopencm3_stm32l0.a(gpio_common_all.o)
 .debug_info    0x0000000000000ec9      0x257 libopencm3/lib/libopencm3_stm32l0.a(gpio_common_f0234.o)
 .debug_info    0x0000000000001120      0x47f libopencm3/lib/libopencm3_stm32l0.a(lptimer_common_all.o)
 .debug_info    0x000000000000159f      0x1c2 libopencm3/lib/libopencm3_stm32l0.a(pwr_common_v1.o)
 .debug_info    0x0000000000001761      0xbbd libopencm3/lib/libopencm3_stm32l0.a(rcc.o)
 .debug_info    0x000000000000231e      0x648 libopencm3/lib/libopencm3_stm32l0.a(rcc_common_all.o)
 .debug_info    0x0000000000002966      0x17a libopencm3/lib/libopencm3_stm32l0.a(rtc_common_l1f024.o)
 .debug_info    0x0000000000002ae0      0x9bf libopencm3/lib/libopencm3_stm32l0.a(spi_common_all.o)
 .debug_info    0x000000000000349f     0x11f2 libopencm3/lib/libopencm3_stm32l0.a(timer_common_all.o)
 .debug_info    0x0000000000004691      0x525 libopencm3/lib/libopencm3_stm32l0.a(usart_common_all.o)
 .debug_info    0x0000000000004bb6      0x3a8 libopencm3/lib/libopencm3_stm32l0.a(usart_common_v2.o)
 .debug_info    0x0000000000004f5e      0x2dc libopencm3/lib/libopencm3_stm32l0.a(vector.o)

.debug_abbrev   0x0000000000000000     0x140e
 .debug_abbrev  0x0000000000000000      0x202 libopencm3/lib/libopencm3_stm32l0.a(adc_common_v2.o)
 .debug_abbrev  0x0000000000000202      0x102 libopencm3/lib/libopencm3_stm32l0.a(exti_common_all.o)
 .debug_abbrev  0x0000000000000304       0x97 libopencm3/lib/libopencm3_stm32l0.a(flash_common_all.o)
 .debug_abbrev  0x000000000000039b       0xc1 libopencm3/lib/libopencm3_stm32l0.a(flash_common_l01.o)
 .debug_abbrev  0x000000000000045c      0x116 libopencm3/lib/libopencm3_stm32l0.a(gpio_common_all.o)
 .debug_abbrev  0x0000000000000572       0xbf libopencm3/lib/libopencm3_stm32l0.a(gpio_common_f0234.o)
 .debug_abbrev  0x0000000000000631      0x107 libopencm3/lib/libopencm3_stm32l0.a(lptimer_common_all.o)
 .debug_abbrev  0x0000000000000738       0xa2 libopencm3/lib/libopencm3_stm32l0.a(pwr_common_v1.o)
 .debug_abbrev  0x00000000000007da      0x302 libopencm3/lib/libopencm3_stm32l0.a(rcc.o)
 .debug_abbrev  0x0000000000000adc      0x14c libopencm3/lib/libopencm3_stm32l0.a(rcc_common_all.o)
 .debug_abbrev  0x0000000000000c28       0xa0 libopencm3/lib/libopencm3_stm32l0.a(rtc_common_l1f024.o)
 .debug_abbrev  0x0000000000000cc8      0x1e6 libopencm3/lib/libopencm3_stm32l0.a(spi_common_all.o)
 .debug_abbrev  0x0000000000000eae      0x1b1 libopencm3/lib/libopencm3_stm32l0.a(timer_common_all.o)
 .debug_abbrev  0x000000000000105f      0x142 libopencm3/lib/libopencm3_stm32l0.a(usart_common_all.o)
 .debug_abbrev  0x00000000000011a1      0x128 libopencm3/lib/libopencm3_stm32l0.a(usart_common_v2.o)
 .debug_abbrev  0x00000000000012c9      0x145 libopencm3/lib/libopencm3_stm32l0.a(vector.o)

.debug_loc      0x0000000000000000     0x2733
 .debug_loc     0x0000000000000000      0x236 libopencm3/lib/libopencm3_stm32l0.a(adc_common_v2.o)
 .debug_loc     0x0000000000000236      0x17d libopencm3/lib/libopencm3_stm32l0.a(exti_common_all.o)
 .debug_loc     0x00000000000003b3       0x15 libopencm3/lib/libopencm3_stm32l0.a(flash_common_all.o)
 .debug_loc     0x00000000000003c8      0x151 libopencm3/lib/libopencm3_stm32l0.a(flash_common_l01.o)
 .debug_loc     0x0000000000000519       0xbe libopencm3/lib/libopencm3_stm32l0.a(gpio_common_all.o)
 .debug_loc     0x00000000000005d7      0x255 libopencm3/lib/libopencm3_stm32l0.a(gpio_common_f0234.o)
 .debug_loc     0x000000000000082c      0x110 libopencm3/lib/libopencm3_stm32l0.a(lptimer_common_all.o)
 .debug_loc     0x000000000000093c       0x25 libopencm3/lib/libopencm3_stm32l0.a(pwr_common_v1.o)
 .debug_loc     0x0000000000000961      0x65b libopencm3/lib/libopencm3_stm32l0.a(rcc.o)
 .debug_loc     0x0000000000000fbc       0x94 libopencm3/lib/libopencm3_stm32l0.a(rcc_common_all.o)
 .debug_loc     0x0000000000001050       0x94 libopencm3/lib/libopencm3_stm32l0.a(rtc_common_l1f024.o)
 .debug_loc     0x00000000000010e4      0x188 libopencm3/lib/libopencm3_stm32l0.a(spi_common_all.o)
 .debug_loc     0x000000000000126c     0x1105 libopencm3/lib/libopencm3_stm32l0.a(timer_common_all.o)
 .debug_loc     0x0000000000002371      0x1cc libopencm3/lib/libopencm3_stm32l0.a(usart_common_all.o)
 .debug_loc     0x000000000000253d       0xdb libopencm3/lib/libopencm3_stm32l0.a(usart_common_v2.o)
 .debug_loc     0x0000000000002618      0x11b libopencm3/lib/libopencm3_stm32l0.a(vector.o)

.debug_aranges  0x0000000000000000      0xab8
 .debug_aranges
                0x0000000000000000      0x128 libopencm3/lib/libopencm3_stm32l0.a(adc_common_v2.o)
 .debug_aranges
                0x0000000000000128       0x48 libopencm3/lib/libopencm3_stm32l0.a(exti_common_all.o)
 .debug_aranges
                0x0000000000000170       0x38 libopencm3/lib/libopencm3_stm32l0.a(flash_common_all.o)
 .debug_aranges
                0x00000000000001a8       0x68 libopencm3/lib/libopencm3_stm32l0.a(flash_common_l01.o)
 .debug_aranges
                0x0000000000000210       0x50 libopencm3/lib/libopencm3_stm32l0.a(gpio_common_all.o)
 .debug_aranges
                0x0000000000000260       0x30 libopencm3/lib/libopencm3_stm32l0.a(gpio_common_f0234.o)
 .debug_aranges
                0x0000000000000290       0xb8 libopencm3/lib/libopencm3_stm32l0.a(lptimer_common_all.o)
 .debug_aranges
                0x0000000000000348       0x90 libopencm3/lib/libopencm3_stm32l0.a(pwr_common_v1.o)
 .debug_aranges
                0x00000000000003d8       0xd0 libopencm3/lib/libopencm3_stm32l0.a(rcc.o)
 .debug_aranges
                0x00000000000004a8       0x58 libopencm3/lib/libopencm3_stm32l0.a(rcc_common_all.o)
 .debug_aranges
                0x0000000000000500       0x48 libopencm3/lib/libopencm3_stm32l0.a(rtc_common_l1f024.o)
 .debug_aranges
                0x0000000000000548      0x178 libopencm3/lib/libopencm3_stm32l0.a(spi_common_all.o)
 .debug_aranges
                0x00000000000006c0      0x268 libopencm3/lib/libopencm3_stm32l0.a(timer_common_all.o)
 .debug_aranges
                0x0000000000000928       0xb8 libopencm3/lib/libopencm3_stm32l0.a(usart_common_all.o)
 .debug_aranges
                0x00000000000009e0       0xa8 libopencm3/lib/libopencm3_stm32l0.a(usart_common_v2.o)
 .debug_aranges
                0x0000000000000a88       0x30 libopencm3/lib/libopencm3_stm32l0.a(vector.o)

.debug_ranges   0x0000000000000000      0xa98
 .debug_ranges  0x0000000000000000      0x130 libopencm3/lib/libopencm3_stm32l0.a(adc_common_v2.o)
 .debug_ranges  0x0000000000000130       0x60 libopencm3/lib/libopencm3_stm32l0.a(exti_common_all.o)
 .debug_ranges  0x0000000000000190       0x28 libopencm3/lib/libopencm3_stm32l0.a(flash_common_all.o)
 .debug_ranges  0x00000000000001b8       0x58 libopencm3/lib/libopencm3_stm32l0.a(flash_common_l01.o)
 .debug_ranges  0x0000000000000210       0x40 libopencm3/lib/libopencm3_stm32l0.a(gpio_common_all.o)
 .debug_ranges  0x0000000000000250       0x20 libopencm3/lib/libopencm3_stm32l0.a(gpio_common_f0234.o)
 .debug_ranges  0x0000000000000270       0xa8 libopencm3/lib/libopencm3_stm32l0.a(lptimer_common_all.o)
 .debug_ranges  0x0000000000000318       0x80 libopencm3/lib/libopencm3_stm32l0.a(pwr_common_v1.o)
 .debug_ranges  0x0000000000000398      0x148 libopencm3/lib/libopencm3_stm32l0.a(rcc.o)
 .debug_ranges  0x00000000000004e0       0x48 libopencm3/lib/libopencm3_stm32l0.a(rcc_common_all.o)
 .debug_ranges  0x0000000000000528       0x38 libopencm3/lib/libopencm3_stm32l0.a(rtc_common_l1f024.o)
 .debug_ranges  0x0000000000000560      0x180 libopencm3/lib/libopencm3_stm32l0.a(spi_common_all.o)
 .debug_ranges  0x00000000000006e0      0x258 libopencm3/lib/libopencm3_stm32l0.a(timer_common_all.o)
 .debug_ranges  0x0000000000000938       0xa8 libopencm3/lib/libopencm3_stm32l0.a(usart_common_all.o)
 .debug_ranges  0x00000000000009e0       0x98 libopencm3/lib/libopencm3_stm32l0.a(usart_common_v2.o)
 .debug_ranges  0x0000000000000a78       0x20 libopencm3/lib/libopencm3_stm32l0.a(vector.o)

.debug_macro    0x0000000000000000     0x4ed2
 .debug_macro   0x0000000000000000       0xc1 libopencm3/lib/libopencm3_stm32l0.a(adc_common_v2.o)
 .debug_macro   0x00000000000000c1      0xa72 libopencm3/lib/libopencm3_stm32l0.a(adc_common_v2.o)
 .debug_macro   0x0000000000000b33       0x1c libopencm3/lib/libopencm3_stm32l0.a(adc_common_v2.o)
 .debug_macro   0x0000000000000b4f       0x22 libopencm3/lib/libopencm3_stm32l0.a(adc_common_v2.o)
 .debug_macro   0x0000000000000b71       0x56 libopencm3/lib/libopencm3_stm32l0.a(adc_common_v2.o)
 .debug_macro   0x0000000000000bc7       0x51 libopencm3/lib/libopencm3_stm32l0.a(adc_common_v2.o)
 .debug_macro   0x0000000000000c18      0x103 libopencm3/lib/libopencm3_stm32l0.a(adc_common_v2.o)
 .debug_macro   0x0000000000000d1b       0x6a libopencm3/lib/libopencm3_stm32l0.a(adc_common_v2.o)
 .debug_macro   0x0000000000000d85      0x1df libopencm3/lib/libopencm3_stm32l0.a(adc_common_v2.o)
 .debug_macro   0x0000000000000f64       0x22 libopencm3/lib/libopencm3_stm32l0.a(adc_common_v2.o)
 .debug_macro   0x0000000000000f86       0xe8 libopencm3/lib/libopencm3_stm32l0.a(adc_common_v2.o)
 .debug_macro   0x000000000000106e       0x52 libopencm3/lib/libopencm3_stm32l0.a(adc_common_v2.o)
 .debug_macro   0x00000000000010c0      0x14e libopencm3/lib/libopencm3_stm32l0.a(adc_common_v2.o)
 .debug_macro   0x000000000000120e      0x197 libopencm3/lib/libopencm3_stm32l0.a(adc_common_v2.o)
 .debug_macro   0x00000000000013a5       0x3a libopencm3/lib/libopencm3_stm32l0.a(adc_common_v2.o)
 .debug_macro   0x00000000000013df       0x76 libopencm3/lib/libopencm3_stm32l0.a(adc_common_v2.o)
 .debug_macro   0x0000000000001455      0x10f libopencm3/lib/libopencm3_stm32l0.a(exti_common_all.o)
 .debug_macro   0x0000000000001564       0xee libopencm3/lib/libopencm3_stm32l0.a(exti_common_all.o)
 .debug_macro   0x0000000000001652       0x28 libopencm3/lib/libopencm3_stm32l0.a(exti_common_all.o)
 .debug_macro   0x000000000000167a       0x76 libopencm3/lib/libopencm3_stm32l0.a(exti_common_all.o)
 .debug_macro   0x00000000000016f0      0x2e6 libopencm3/lib/libopencm3_stm32l0.a(exti_common_all.o)
 .debug_macro   0x00000000000019d6      0x14e libopencm3/lib/libopencm3_stm32l0.a(exti_common_all.o)
 .debug_macro   0x0000000000001b24       0x40 libopencm3/lib/libopencm3_stm32l0.a(exti_common_all.o)
 .debug_macro   0x0000000000001b64      0x13c libopencm3/lib/libopencm3_stm32l0.a(exti_common_all.o)
 .debug_macro   0x0000000000001ca0       0xbc libopencm3/lib/libopencm3_stm32l0.a(flash_common_all.o)
 .debug_macro   0x0000000000001d5c      0x166 libopencm3/lib/libopencm3_stm32l0.a(flash_common_all.o)
 .debug_macro   0x0000000000001ec2       0x40 libopencm3/lib/libopencm3_stm32l0.a(flash_common_all.o)
 .debug_macro   0x0000000000001f02       0xbc libopencm3/lib/libopencm3_stm32l0.a(flash_common_l01.o)
 .debug_macro   0x0000000000001fbe       0xd6 libopencm3/lib/libopencm3_stm32l0.a(gpio_common_all.o)
 .debug_macro   0x0000000000002094       0xd6 libopencm3/lib/libopencm3_stm32l0.a(gpio_common_f0234.o)
 .debug_macro   0x000000000000216a       0xb9 libopencm3/lib/libopencm3_stm32l0.a(lptimer_common_all.o)
 .debug_macro   0x0000000000002223      0x28a libopencm3/lib/libopencm3_stm32l0.a(lptimer_common_all.o)
 .debug_macro   0x00000000000024ad       0xc2 libopencm3/lib/libopencm3_stm32l0.a(pwr_common_v1.o)
 .debug_macro   0x000000000000256f       0x8e libopencm3/lib/libopencm3_stm32l0.a(pwr_common_v1.o)
 .debug_macro   0x00000000000025fd       0x58 libopencm3/lib/libopencm3_stm32l0.a(pwr_common_v1.o)
 .debug_macro   0x0000000000002655      0x113 libopencm3/lib/libopencm3_stm32l0.a(rcc.o)
 .debug_macro   0x0000000000002768       0x16 libopencm3/lib/libopencm3_stm32l0.a(rcc.o)
 .debug_macro   0x000000000000277e       0xfa libopencm3/lib/libopencm3_stm32l0.a(rcc_common_all.o)
 .debug_macro   0x0000000000002878       0xb3 libopencm3/lib/libopencm3_stm32l0.a(rtc_common_l1f024.o)
 .debug_macro   0x000000000000292b      0x533 libopencm3/lib/libopencm3_stm32l0.a(rtc_common_l1f024.o)
 .debug_macro   0x0000000000002e5e      0x109 libopencm3/lib/libopencm3_stm32l0.a(spi_common_all.o)
 .debug_macro   0x0000000000002f67      0x2eb libopencm3/lib/libopencm3_stm32l0.a(spi_common_all.o)
 .debug_macro   0x0000000000003252       0x16 libopencm3/lib/libopencm3_stm32l0.a(spi_common_all.o)
 .debug_macro   0x0000000000003268       0x22 libopencm3/lib/libopencm3_stm32l0.a(spi_common_all.o)
 .debug_macro   0x000000000000328a       0xfc libopencm3/lib/libopencm3_stm32l0.a(timer_common_all.o)
 .debug_macro   0x0000000000003386      0xf64 libopencm3/lib/libopencm3_stm32l0.a(timer_common_all.o)
 .debug_macro   0x00000000000042ea      0x11e libopencm3/lib/libopencm3_stm32l0.a(timer_common_all.o)
 .debug_macro   0x0000000000004408      0x105 libopencm3/lib/libopencm3_stm32l0.a(usart_common_all.o)
 .debug_macro   0x000000000000450d       0x94 libopencm3/lib/libopencm3_stm32l0.a(usart_common_all.o)
 .debug_macro   0x00000000000045a1      0x4cd libopencm3/lib/libopencm3_stm32l0.a(usart_common_all.o)
 .debug_macro   0x0000000000004a6e       0x22 libopencm3/lib/libopencm3_stm32l0.a(usart_common_all.o)
 .debug_macro   0x0000000000004a90       0xc1 libopencm3/lib/libopencm3_stm32l0.a(usart_common_v2.o)
 .debug_macro   0x0000000000004b51       0xcf libopencm3/lib/libopencm3_stm32l0.a(vector.o)
 .debug_macro   0x0000000000004c20      0x19f libopencm3/lib/libopencm3_stm32l0.a(vector.o)
 .debug_macro   0x0000000000004dbf       0x49 libopencm3/lib/libopencm3_stm32l0.a(vector.o)
 .debug_macro   0x0000000000004e08       0xca libopencm3/lib/libopencm3_stm32l0.a(vector.o)

.debug_line     0x0000000000000000     0x6c08
 .debug_line    0x0000000000000000      0x83c libopencm3/lib/libopencm3_stm32l0.a(adc_common_v2.o)
 .debug_line    0x000000000000083c      0x502 libopencm3/lib/libopencm3_stm32l0.a(exti_common_all.o)
 .debug_line    0x0000000000000d3e      0x392 libopencm3/lib/libopencm3_stm32l0.a(flash_common_all.o)
 .debug_line    0x00000000000010d0      0x511 libopencm3/lib/libopencm3_stm32l0.a(flash_common_l01.o)
 .debug_line    0x00000000000015e1      0x427 libopencm3/lib/libopencm3_stm32l0.a(gpio_common_all.o)
 .debug_line    0x0000000000001a08      0x503 libopencm3/lib/libopencm3_stm32l0.a(gpio_common_f0234.o)
 .debug_line    0x0000000000001f0b      0x5a8 libopencm3/lib/libopencm3_stm32l0.a(lptimer_common_all.o)
 .debug_line    0x00000000000024b3      0x4f0 libopencm3/lib/libopencm3_stm32l0.a(pwr_common_v1.o)
 .debug_line    0x00000000000029a3      0xa96 libopencm3/lib/libopencm3_stm32l0.a(rcc.o)
 .debug_line    0x0000000000003439      0x474 libopencm3/lib/libopencm3_stm32l0.a(rcc_common_all.o)
 .debug_line    0x00000000000038ad      0x44f libopencm3/lib/libopencm3_stm32l0.a(rtc_common_l1f024.o)
 .debug_line    0x0000000000003cfc      0xa96 libopencm3/lib/libopencm3_stm32l0.a(spi_common_all.o)
 .debug_line    0x0000000000004792     0x13dc libopencm3/lib/libopencm3_stm32l0.a(timer_common_all.o)
 .debug_line    0x0000000000005b6e      0x6a7 libopencm3/lib/libopencm3_stm32l0.a(usart_common_all.o)
 .debug_line    0x0000000000006215      0x598 libopencm3/lib/libopencm3_stm32l0.a(usart_common_v2.o)
 .debug_line    0x00000000000067ad      0x45b libopencm3/lib/libopencm3_stm32l0.a(vector.o)

.debug_str      0x0000000000000000    0x17221
 .debug_str     0x0000000000000000     0x55e6 libopencm3/lib/libopencm3_stm32l0.a(adc_common_v2.o)
                                       0x5764 (size before relaxing)
 .debug_str     0x00000000000055e6     0x216c libopencm3/lib/libopencm3_stm32l0.a(exti_common_all.o)
                                       0x6aa0 (size before relaxing)
 .debug_str     0x0000000000007752      0x972 libopencm3/lib/libopencm3_stm32l0.a(flash_common_all.o)
                                       0x5299 (size before relaxing)
 .debug_str     0x00000000000080c4       0xe9 libopencm3/lib/libopencm3_stm32l0.a(flash_common_l01.o)
                                       0x532a (size before relaxing)
 .debug_str     0x00000000000081ad       0x80 libopencm3/lib/libopencm3_stm32l0.a(gpio_common_all.o)
                                       0x5e67 (size before relaxing)
 .debug_str     0x000000000000822d       0x95 libopencm3/lib/libopencm3_stm32l0.a(gpio_common_f0234.o)
                                       0x5e89 (size before relaxing)
 .debug_str     0x00000000000082c2     0x1100 libopencm3/lib/libopencm3_stm32l0.a(lptimer_common_all.o)
                                       0x5a6a (size before relaxing)
 .debug_str     0x00000000000093c2      0x625 libopencm3/lib/libopencm3_stm32l0.a(pwr_common_v1.o)
                                       0x4f52 (size before relaxing)
 .debug_str     0x00000000000099e7     0x2c72 libopencm3/lib/libopencm3_stm32l0.a(rcc.o)
                                       0x83e6 (size before relaxing)
 .debug_str     0x000000000000c659      0x2f1 libopencm3/lib/libopencm3_stm32l0.a(rcc_common_all.o)
                                       0x79a4 (size before relaxing)
 .debug_str     0x000000000000c94a     0x13fb libopencm3/lib/libopencm3_stm32l0.a(rtc_common_l1f024.o)
                                       0x5d53 (size before relaxing)
 .debug_str     0x000000000000dd45     0x1251 libopencm3/lib/libopencm3_stm32l0.a(spi_common_all.o)
                                       0x8771 (size before relaxing)
 .debug_str     0x000000000000ef96     0x5258 libopencm3/lib/libopencm3_stm32l0.a(timer_common_all.o)
                                       0xc6e1 (size before relaxing)
 .debug_str     0x00000000000141ee     0x1c22 libopencm3/lib/libopencm3_stm32l0.a(usart_common_all.o)
                                       0x8fb9 (size before relaxing)
 .debug_str     0x0000000000015e10      0x190 libopencm3/lib/libopencm3_stm32l0.a(usart_common_v2.o)
                                       0x652b (size before relaxing)
 .debug_str     0x0000000000015fa0     0x1281 libopencm3/lib/libopencm3_stm32l0.a(vector.o)
                                       0x52f9 (size before relaxing)

.debug_frame    0x0000000000000000     0x19c0
 .debug_frame   0x0000000000000000      0x250 libopencm3/lib/libopencm3_stm32l0.a(adc_common_v2.o)
 .debug_frame   0x0000000000000250       0x84 libopencm3/lib/libopencm3_stm32l0.a(exti_common_all.o)
 .debug_frame   0x00000000000002d4       0x50 libopencm3/lib/libopencm3_stm32l0.a(flash_common_all.o)
 .debug_frame   0x0000000000000324       0xdc libopencm3/lib/libopencm3_stm32l0.a(flash_common_l01.o)
 .debug_frame   0x0000000000000400       0x80 libopencm3/lib/libopencm3_stm32l0.a(gpio_common_all.o)
 .debug_frame   0x0000000000000480       0x78 libopencm3/lib/libopencm3_stm32l0.a(gpio_common_f0234.o)
 .debug_frame   0x00000000000004f8      0x150 libopencm3/lib/libopencm3_stm32l0.a(lptimer_common_all.o)
 .debug_frame   0x0000000000000648      0x100 libopencm3/lib/libopencm3_stm32l0.a(pwr_common_v1.o)
 .debug_frame   0x0000000000000748      0x1f4 libopencm3/lib/libopencm3_stm32l0.a(rcc.o)
 .debug_frame   0x000000000000093c       0xe0 libopencm3/lib/libopencm3_stm32l0.a(rcc_common_all.o)
 .debug_frame   0x0000000000000a1c       0x7c libopencm3/lib/libopencm3_stm32l0.a(rtc_common_l1f024.o)
 .debug_frame   0x0000000000000a98      0x2e0 libopencm3/lib/libopencm3_stm32l0.a(spi_common_all.o)
 .debug_frame   0x0000000000000d78      0x560 libopencm3/lib/libopencm3_stm32l0.a(timer_common_all.o)
 .debug_frame   0x00000000000012d8      0x170 libopencm3/lib/libopencm3_stm32l0.a(usart_common_all.o)
 .debug_frame   0x0000000000001448      0x130 libopencm3/lib/libopencm3_stm32l0.a(usart_common_v2.o)
 .debug_frame   0x0000000000001578       0x48 libopencm3/lib/libopencm3_stm32l0.a(vector.o)
 .debug_frame   0x00000000000015c0       0x40 /usr/local/Cellar/arm-gcc-bin/9-2020-q2-update/bin/../lib/gcc/arm-none-eabi/9.3.1/../../../../arm-none-eabi/lib/thumb/v6-m/nofp/libc_nano.a(lib_a-malloc.o)
 .debug_frame   0x0000000000001600       0x30 /usr/local/Cellar/arm-gcc-bin/9-2020-q2-update/bin/../lib/gcc/arm-none-eabi/9.3.1/../../../../arm-none-eabi/lib/thumb/v6-m/nofp/libc_nano.a(lib_a-nano-mallocr.o)
 .debug_frame   0x0000000000001630       0x2c /usr/local/Cellar/arm-gcc-bin/9-2020-q2-update/bin/../lib/gcc/arm-none-eabi/9.3.1/../../../../arm-none-eabi/lib/thumb/v6-m/nofp/libc_nano.a(lib_a-sbrkr.o)
 .debug_frame   0x000000000000165c       0x40 /usr/local/Cellar/arm-gcc-bin/9-2020-q2-update/bin/../lib/gcc/arm-none-eabi/9.3.1/../../../../arm-none-eabi/lib/thumb/v6-m/nofp/libc_nano.a(lib_a-mlock.o)
 .debug_frame   0x000000000000169c       0x48 /usr/local/Cellar/arm-gcc-bin/9-2020-q2-update/bin/../lib/gcc/arm-none-eabi/9.3.1/../../../../arm-none-eabi/lib/thumb/v6-m/nofp/libc_nano.a(lib_a-reent.o)
 .debug_frame   0x00000000000016e4       0xb0 /usr/local/Cellar/arm-gcc-bin/9-2020-q2-update/bin/../lib/gcc/arm-none-eabi/9.3.1/../../../../arm-none-eabi/lib/thumb/v6-m/nofp/libc_nano.a(lib_a-lock.o)
 .debug_frame   0x0000000000001794       0x20 /usr/local/Cellar/arm-gcc-bin/9-2020-q2-update/bin/../lib/gcc/arm-none-eabi/9.3.1/thumb/v6-m/nofp/libgcc.a(_udivsi3.o)
 .debug_frame   0x00000000000017b4       0x20 /usr/local/Cellar/arm-gcc-bin/9-2020-q2-update/bin/../lib/gcc/arm-none-eabi/9.3.1/thumb/v6-m/nofp/libgcc.a(_divsi3.o)
 .debug_frame   0x00000000000017d4       0x2c /usr/local/Cellar/arm-gcc-bin/9-2020-q2-update/bin/../lib/gcc/arm-none-eabi/9.3.1/thumb/v6-m/nofp/libgcc.a(_fixunsdfsi.o)
 .debug_frame   0x0000000000001800       0x38 /usr/local/Cellar/arm-gcc-bin/9-2020-q2-update/bin/../lib/gcc/arm-none-eabi/9.3.1/thumb/v6-m/nofp/libgcc.a(eqdf2.o)
 .debug_frame   0x0000000000001838       0x38 /usr/local/Cellar/arm-gcc-bin/9-2020-q2-update/bin/../lib/gcc/arm-none-eabi/9.3.1/thumb/v6-m/nofp/libgcc.a(gedf2.o)
 .debug_frame   0x0000000000001870       0x38 /usr/local/Cellar/arm-gcc-bin/9-2020-q2-update/bin/../lib/gcc/arm-none-eabi/9.3.1/thumb/v6-m/nofp/libgcc.a(ledf2.o)
 .debug_frame   0x00000000000018a8       0x3c /usr/local/Cellar/arm-gcc-bin/9-2020-q2-update/bin/../lib/gcc/arm-none-eabi/9.3.1/thumb/v6-m/nofp/libgcc.a(muldf3.o)
 .debug_frame   0x00000000000018e4       0x3c /usr/local/Cellar/arm-gcc-bin/9-2020-q2-update/bin/../lib/gcc/arm-none-eabi/9.3.1/thumb/v6-m/nofp/libgcc.a(subdf3.o)
 .debug_frame   0x0000000000001920       0x2c /usr/local/Cellar/arm-gcc-bin/9-2020-q2-update/bin/../lib/gcc/arm-none-eabi/9.3.1/thumb/v6-m/nofp/libgcc.a(fixdfsi.o)
 .debug_frame   0x000000000000194c       0x2c /usr/local/Cellar/arm-gcc-bin/9-2020-q2-update/bin/../lib/gcc/arm-none-eabi/9.3.1/thumb/v6-m/nofp/libgcc.a(floatsidf.o)
 .debug_frame   0x0000000000001978       0x28 /usr/local/Cellar/arm-gcc-bin/9-2020-q2-update/bin/../lib/gcc/arm-none-eabi/9.3.1/thumb/v6-m/nofp/libgcc.a(floatunsidf.o)
 .debug_frame   0x00000000000019a0       0x20 /usr/local/Cellar/arm-gcc-bin/9-2020-q2-update/bin/../lib/gcc/arm-none-eabi/9.3.1/../../../../arm-none-eabi/lib/thumb/v6-m/nofp/libnosys.a(sbrk.o)
