Archive member included to satisfy reference by file (symbol)

libopencm3/lib/libopencm3_stm32l0.a(adc_common_v2.o)
                              hub/obj/battery.o (adc_eoc)
libopencm3/lib/libopencm3_stm32l0.a(dma_common_l1f013.o)
                              hub/obj/battery.o (dma_channel_reset)
libopencm3/lib/libopencm3_stm32l0.a(exti_common_all.o)
                              hub/obj/battery.o (exti_set_trigger)
libopencm3/lib/libopencm3_stm32l0.a(flash_common_all.o)
                              hub/obj/cusb.o (flash_set_ws)
libopencm3/lib/libopencm3_stm32l0.a(flash_common_l01.o)
                              hub/obj/memory.o (flash_unlock)
libopencm3/lib/libopencm3_stm32l0.a(gpio_common_all.o)
                              hub/obj/sim.o (gpio_set)
libopencm3/lib/libopencm3_stm32l0.a(gpio_common_f0234.o)
                              hub/obj/sim.o (gpio_mode_setup)
libopencm3/lib/libopencm3_stm32l0.a(iwdg_common_all.o)
                              hub/obj/timers.o (iwdg_start)
libopencm3/lib/libopencm3_stm32l0.a(lptimer_common_all.o)
                              hub/obj/testing.o (lptimer_get_counter)
libopencm3/lib/libopencm3_stm32l0.a(pwr_common_v1.o)
                              hub/obj/timers.o (pwr_disable_backup_domain_write_protect)
libopencm3/lib/libopencm3_stm32l0.a(pwr_common_v2.o)
                              hub/obj/battery.o (pwr_set_vos_scale)
libopencm3/lib/libopencm3_stm32l0.a(rcc.o)
                              hub/obj/cusb.o (rcc_osc_on)
libopencm3/lib/libopencm3_stm32l0.a(rcc_common_all.o)
                              hub/obj/board_defs.o (rcc_periph_clock_enable)
libopencm3/lib/libopencm3_stm32l0.a(rtc_common_l1f024.o)
                              hub/obj/timers.o (rtc_set_prescaler)
libopencm3/lib/libopencm3_stm32l0.a(spi_common_all.o)
                              hub/obj/w25qxx.o (spi_enable)
libopencm3/lib/libopencm3_stm32l0.a(spi_common_v1.o)
                              hub/obj/w25qxx.o (spi_init_master)
libopencm3/lib/libopencm3_stm32l0.a(timer_common_all.o)
                              hub/obj/timers.o (timer_enable_counter)
libopencm3/lib/libopencm3_stm32l0.a(usart_common_all.o)
                              hub/obj/sim.o (usart_set_baudrate)
libopencm3/lib/libopencm3_stm32l0.a(usart_common_v2.o)
                              hub/obj/sim.o (usart_send)
libopencm3/lib/libopencm3_stm32l0.a(usb.o)
                              hub/obj/cusb.o (usbd_init)
libopencm3/lib/libopencm3_stm32l0.a(usb_control.o)
                              hub/obj/cusb.o (usbd_register_control_callback)
libopencm3/lib/libopencm3_stm32l0.a(usb_standard.o)
                              hub/obj/cusb.o (usbd_register_set_config_callback)
libopencm3/lib/libopencm3_stm32l0.a(st_usbfs_v2.o)
                              hub/obj/cusb.o (st_usbfs_v2_usb_driver)
libopencm3/lib/libopencm3_stm32l0.a(vector.o)
                              (reset_handler)
libopencm3/lib/libopencm3_stm32l0.a(nvic.o)
                              hub/obj/sim.o (nvic_enable_irq)
libopencm3/lib/libopencm3_stm32l0.a(assert.o)
                              libopencm3/lib/libopencm3_stm32l0.a(rcc.o) (cm3_assert_failed)
libopencm3/lib/libopencm3_stm32l0.a(st_usbfs_core.o)
                              libopencm3/lib/libopencm3_stm32l0.a(st_usbfs_v2.o) (st_usbfs_set_address)
/usr/local/Cellar/arm-gcc-bin/9-2020-q2-update/bin/../lib/gcc/arm-none-eabi/9.3.1/../../../../arm-none-eabi/lib/thumb/v6-m/nofp/libc_nano.a(lib_a-memcpy-stub.o)
                              hub/obj/hub_test.o (memcpy)
/usr/local/Cellar/arm-gcc-bin/9-2020-q2-update/bin/../lib/gcc/arm-none-eabi/9.3.1/../../../../arm-none-eabi/lib/thumb/v6-m/nofp/libc_nano.a(lib_a-memset.o)
                              hub/obj/sim.o (memset)
/usr/local/Cellar/arm-gcc-bin/9-2020-q2-update/bin/../lib/gcc/arm-none-eabi/9.3.1/../../../../arm-none-eabi/lib/thumb/v6-m/nofp/libc_nano.a(lib_a-strlen.o)
                              libopencm3/lib/libopencm3_stm32l0.a(usb_standard.o) (strlen)
/usr/local/Cellar/arm-gcc-bin/9-2020-q2-update/bin/../lib/gcc/arm-none-eabi/9.3.1/../../../../arm-none-eabi/lib/thumb/v6-m/nofp/libc_nano.a(lib_a-strstr.o)
                              hub/obj/sim.o (strstr)
/usr/local/Cellar/arm-gcc-bin/9-2020-q2-update/bin/../lib/gcc/arm-none-eabi/9.3.1/thumb/v6-m/nofp/libgcc.a(_thumb1_case_uqi.o)
                              hub/obj/w25qxx.o (__gnu_thumb1_case_uqi)
/usr/local/Cellar/arm-gcc-bin/9-2020-q2-update/bin/../lib/gcc/arm-none-eabi/9.3.1/thumb/v6-m/nofp/libgcc.a(_thumb1_case_shi.o)
                              hub/obj/printf.o (__gnu_thumb1_case_shi)
/usr/local/Cellar/arm-gcc-bin/9-2020-q2-update/bin/../lib/gcc/arm-none-eabi/9.3.1/thumb/v6-m/nofp/libgcc.a(_udivsi3.o)
                              hub/obj/w25qxx.o (__aeabi_uidiv)
/usr/local/Cellar/arm-gcc-bin/9-2020-q2-update/bin/../lib/gcc/arm-none-eabi/9.3.1/thumb/v6-m/nofp/libgcc.a(_divsi3.o)
                              hub/obj/printf.o (__aeabi_idiv)
[...]
Memory Configuration

Name             Origin             Length             Attributes
ram              0x0000000020000000 0x0000000000002000 xrw
rom              0x0000000008000000 0x0000000000004000 xr
*default*        0x0000000000000000 0xffffffffffffffff

Linker script and memory map

LOAD hub/obj/board_defs.o
LOAD hub/obj/cusb.o
LOAD hub/obj/hub_bootloader.o
LOAD hub/obj/hub_test.o
LOAD hub/obj/sim.o
LOAD hub/obj/w25qxx.o
LOAD hub/obj/aes.o
LOAD hub/obj/battery.o
LOAD hub/obj/bootloader_utils.o
LOAD hub/obj/memory.o
LOAD hub/obj/printf.o
LOAD hub/obj/reset.o
LOAD hub/obj/rf_scan.o
LOAD hub/obj/rfm.o
LOAD hub/obj/serial_printf.o
LOAD hub/obj/testing.o
LOAD hub/obj/timers.o
LOAD libopencm3/lib/libopencm3_stm32l0.a
START GROUP
LOAD /usr/local/Cellar/arm-gcc-bin/9-2020-q2-update/bin/../lib/gcc/arm-none-eabi/9.3.1/../../../../arm-none-eabi/lib/thumb/v6-m/nofp/libc_nano.a
LOAD /usr/local/Cellar/arm-gcc-bin/9-2020-q2-update/bin/../lib/gcc/arm-none-eabi/9.3.1/thumb/v6-m/nofp/libgcc.a
LOAD /usr/local/Cellar/arm-gcc-bin/9-2020-q2-update/bin/../lib/gcc/arm-none-eabi/9.3.1/../../../../arm-none-eabi/lib/thumb/v6-m/nofp/libnosys.a
END GROUP
START GROUP
LOAD /usr/local/Cellar/arm-gcc-bin/9-2020-q2-update/bin/../lib/gcc/arm-none-eabi/9.3.1/thumb/v6-m/nofp/libgcc.a
LOAD /usr/local/Cellar/arm-gcc-bin/9-2020-q2-update/bin/../lib/gcc/arm-none-eabi/9.3.1/../../../../arm-none-eabi/lib/thumb/v6-m/nofp/libc_nano.a
END GROUP
START GROUP
LOAD /usr/local/Cellar/arm-gcc-bin/9-2020-q2-update/bin/../lib/gcc/arm-none-eabi/9.3.1/thumb/v6-m/nofp/libgcc.a
LOAD /usr/local/Cellar/arm-gcc-bin/9-2020-q2-update/bin/../lib/gcc/arm-none-eabi/9.3.1/../../../../arm-none-eabi/lib/thumb/v6-m/nofp/libc_nano.a
END GROUP
                0x0000000000000800                _min_heap_size = 0x800
                0x0000000000000800                _min_stack_size = 0x800

.text           0x0000000008000000     0x2908
 *(.vectors)
 .vectors       0x0000000008000000       0xc0 libopencm3/lib/libopencm3_stm32l0.a(vector.o)
                0x0000000008000000                vector_table
 *(.text*)
 .text.startup.main
                0x00000000080000c0       0x10 hub/obj/hub_bootloader.o
                0x00000000080000c0                main
 .text.usart2_isr
                0x00000000080000d0       0x38 hub/obj/sim.o
                0x00000000080000d0                usart2_isr
 .text.adc_comp_isr
                0x0000000008000108      0x130 hub/obj/battery.o
                0x0000000008000108                adc_comp_isr
 .text.boot_jump_to_application
                0x0000000008000238       0x1c hub/obj/bootloader_utils.o
                0x0000000008000238                boot_jump_to_application
 .text._out_char_spf
                0x0000000008000254        0xc hub/obj/printf.o
 .text._out_rev.constprop.0
                0x0000000008000260       0x96 hub/obj/printf.o
 .text._ntoa_long.constprop.0
                0x00000000080002f6      0x158 hub/obj/printf.o
 *fill*         0x000000000800044e        0x2 
 .text._vsnprintf.constprop.0
                0x0000000008000450      0x774 hub/obj/printf.o
 .text.vprintf_spf
                0x0000000008000bc4       0x14 hub/obj/printf.o
                0x0000000008000bc4                vprintf_spf
 .text.spi_read_single
                0x0000000008000bd8       0x40 hub/obj/rfm.o
 .text.spi_write_single
                0x0000000008000c18       0x7c hub/obj/rfm.o
 .text.exti4_15_isr
                0x0000000008000c94       0x7c hub/obj/rfm.o
                0x0000000008000c94                exti4_15_isr
 .text.spf_init
                0x0000000008000d10       0xfc hub/obj/serial_printf.o
                0x0000000008000d10                spf_init
 .text.spf_serial_printf
                0x0000000008000e0c       0x30 hub/obj/serial_printf.o
                0x0000000008000e0c                spf_serial_printf
 .text._putchar_spf
                0x0000000008000e3c       0x10 hub/obj/serial_printf.o
                0x0000000008000e3c                _putchar_spf
 .text.timers_delay_microseconds
                0x0000000008000e4c       0x2c hub/obj/timers.o
                0x0000000008000e4c                timers_delay_microseconds
 .text.timers_micros
                0x0000000008000e78       0x10 hub/obj/timers.o
                0x0000000008000e78                timers_micros
 .text.timers_millis
                0x0000000008000e88       0x10 hub/obj/timers.o
                0x0000000008000e88                timers_millis
 .text.timeout_init
                0x0000000008000e98       0x1c hub/obj/timers.o
                0x0000000008000e98                timeout_init
 .text.timeout  0x0000000008000eb4       0x48 hub/obj/timers.o
                0x0000000008000eb4                timeout
 .text.set_gpio_for_standby
                0x0000000008000efc       0xe4 hub/obj/timers.o
                0x0000000008000efc                set_gpio_for_standby
 .text.rtc_isr  0x0000000008000fe0       0x48 hub/obj/timers.o
                0x0000000008000fe0                rtc_isr
 .text.adc_start_conversion_regular
                0x0000000008001028        0xa libopencm3/lib/libopencm3_stm32l0.a(adc_common_v2.o)
                0x0000000008001028                adc_start_conversion_regular
 *fill*         0x0000000008001032        0x2 
 .text.exti_reset_request
                0x0000000008001034        0xc libopencm3/lib/libopencm3_stm32l0.a(exti_common_all.o)
                0x0000000008001034                exti_reset_request
 .text.flash_set_ws
                0x0000000008001040       0x14 libopencm3/lib/libopencm3_stm32l0.a(flash_common_all.o)
                0x0000000008001040                flash_set_ws
 .text.gpio_set
                0x0000000008001054        0x4 libopencm3/lib/libopencm3_stm32l0.a(gpio_common_all.o)
                0x0000000008001054                gpio_set
 .text.gpio_clear
                0x0000000008001058        0x6 libopencm3/lib/libopencm3_stm32l0.a(gpio_common_all.o)
                0x0000000008001058                gpio_clear
 .text.gpio_mode_setup
                0x000000000800105e       0x40 libopencm3/lib/libopencm3_stm32l0.a(gpio_common_f0234.o)
                0x000000000800105e                gpio_mode_setup
 .text.gpio_set_output_options
                0x000000000800109e       0x3c libopencm3/lib/libopencm3_stm32l0.a(gpio_common_f0234.o)
                0x000000000800109e                gpio_set_output_options
 .text.gpio_set_af
                0x00000000080010da       0x54 libopencm3/lib/libopencm3_stm32l0.a(gpio_common_f0234.o)
                0x00000000080010da                gpio_set_af
 .text.lptimer_get_counter
                0x000000000800112e        0x6 libopencm3/lib/libopencm3_stm32l0.a(lptimer_common_all.o)
                0x000000000800112e                lptimer_get_counter
 .text.pwr_disable_backup_domain_write_protect
                0x0000000008001134       0x14 libopencm3/lib/libopencm3_stm32l0.a(pwr_common_v1.o)
                0x0000000008001134                pwr_disable_backup_domain_write_protect
 .text.pwr_enable_backup_domain_write_protect
                0x0000000008001148       0x14 libopencm3/lib/libopencm3_stm32l0.a(pwr_common_v1.o)
                0x0000000008001148                pwr_enable_backup_domain_write_protect
 .text.pwr_clear_standby_flag
                0x000000000800115c       0x10 libopencm3/lib/libopencm3_stm32l0.a(pwr_common_v1.o)
                0x000000000800115c                pwr_clear_standby_flag
 .text.pwr_clear_wakeup_flag
                0x000000000800116c       0x10 libopencm3/lib/libopencm3_stm32l0.a(pwr_common_v1.o)
                0x000000000800116c                pwr_clear_wakeup_flag
 .text.rcc_osc_on
                0x000000000800117c       0x54 libopencm3/lib/libopencm3_stm32l0.a(rcc.o)
                0x000000000800117c                rcc_osc_on
 .text.rcc_is_osc_ready
                0x00000000080011d0       0x58 libopencm3/lib/libopencm3_stm32l0.a(rcc.o)
                0x00000000080011d0                rcc_is_osc_ready
 .text.rcc_wait_for_osc_ready
                0x0000000008001228       0x10 libopencm3/lib/libopencm3_stm32l0.a(rcc.o)
                0x0000000008001228                rcc_wait_for_osc_ready
 .text.rcc_set_ppre1
                0x0000000008001238       0x18 libopencm3/lib/libopencm3_stm32l0.a(rcc.o)
                0x0000000008001238                rcc_set_ppre1
 .text.rcc_set_ppre2
                0x0000000008001250       0x18 libopencm3/lib/libopencm3_stm32l0.a(rcc.o)
                0x0000000008001250                rcc_set_ppre2
 .text.rcc_set_hpre
                0x0000000008001268       0x14 libopencm3/lib/libopencm3_stm32l0.a(rcc.o)
                0x0000000008001268                rcc_set_hpre
 .text.rcc_set_msi_range
                0x000000000800127c       0x18 libopencm3/lib/libopencm3_stm32l0.a(rcc.o)
                0x000000000800127c                rcc_set_msi_range
 .text.rcc_periph_clock_enable
                0x0000000008001294       0x1c libopencm3/lib/libopencm3_stm32l0.a(rcc_common_all.o)
                0x0000000008001294                rcc_periph_clock_enable
 .text.rcc_periph_reset_pulse
                0x00000000080012b0       0x20 libopencm3/lib/libopencm3_stm32l0.a(rcc_common_all.o)
                0x00000000080012b0                rcc_periph_reset_pulse
 .text.rtc_unlock
                0x00000000080012d0       0x10 libopencm3/lib/libopencm3_stm32l0.a(rtc_common_l1f024.o)
                0x00000000080012d0                rtc_unlock
 .text.rtc_lock
                0x00000000080012e0        0xc libopencm3/lib/libopencm3_stm32l0.a(rtc_common_l1f024.o)
                0x00000000080012e0                rtc_lock
 .text.rtc_clear_wakeup_flag
                0x00000000080012ec       0x14 libopencm3/lib/libopencm3_stm32l0.a(rtc_common_l1f024.o)
                0x00000000080012ec                rtc_clear_wakeup_flag
 .text.spi_xfer
                0x0000000008001300       0x10 libopencm3/lib/libopencm3_stm32l0.a(spi_common_all.o)
                0x0000000008001300                spi_xfer
 .text.timer_get_counter
                0x0000000008001310        0x4 libopencm3/lib/libopencm3_stm32l0.a(timer_common_all.o)
                0x0000000008001310                timer_get_counter
 .text.usart_set_baudrate
                0x0000000008001314       0x58 libopencm3/lib/libopencm3_stm32l0.a(usart_common_all.o)
                0x0000000008001314                usart_set_baudrate
 .text.usart_set_databits
                0x000000000800136c       0x1c libopencm3/lib/libopencm3_stm32l0.a(usart_common_all.o)
                0x000000000800136c                usart_set_databits
 .text.usart_set_stopbits
                0x0000000008001388       0x10 libopencm3/lib/libopencm3_stm32l0.a(usart_common_all.o)
                0x0000000008001388                usart_set_stopbits
 .text.usart_set_parity
                0x0000000008001398       0x10 libopencm3/lib/libopencm3_stm32l0.a(usart_common_all.o)
                0x0000000008001398                usart_set_parity
 .text.usart_set_mode
                0x00000000080013a8        0xc libopencm3/lib/libopencm3_stm32l0.a(usart_common_all.o)
                0x00000000080013a8                usart_set_mode
 .text.usart_set_flow_control
                0x00000000080013b4       0x10 libopencm3/lib/libopencm3_stm32l0.a(usart_common_all.o)
                0x00000000080013b4                usart_set_flow_control
 .text.usart_enable
                0x00000000080013c4        0xa libopencm3/lib/libopencm3_stm32l0.a(usart_common_all.o)
                0x00000000080013c4                usart_enable
 .text.usart_disable
                0x00000000080013ce        0xa libopencm3/lib/libopencm3_stm32l0.a(usart_common_all.o)
                0x00000000080013ce                usart_disable
 .text.usart_send_blocking
                0x00000000080013d8       0x14 libopencm3/lib/libopencm3_stm32l0.a(usart_common_all.o)
                0x00000000080013d8                usart_send_blocking
 .text.usart_send
                0x00000000080013ec        0x8 libopencm3/lib/libopencm3_stm32l0.a(usart_common_v2.o)
                0x00000000080013ec                usart_send
 .text.usart_recv
                0x00000000080013f4        0x8 libopencm3/lib/libopencm3_stm32l0.a(usart_common_v2.o)
                0x00000000080013f4                usart_recv
 .text.usart_wait_send_ready
                0x00000000080013fc        0xa libopencm3/lib/libopencm3_stm32l0.a(usart_common_v2.o)
                0x00000000080013fc                usart_wait_send_ready
 .text.usart_get_flag
                0x0000000008001406        0xc libopencm3/lib/libopencm3_stm32l0.a(usart_common_v2.o)
                0x0000000008001406                usart_get_flag
 .text.blocking_handler
                0x0000000008001412        0x2 libopencm3/lib/libopencm3_stm32l0.a(vector.o)
                0x0000000008001412                exti0_1_isr
                0x0000000008001412                blocking_handler
                0x0000000008001412                tsc_isr
                0x0000000008001412                spi1_isr
                0x0000000008001412                i2c1_isr
                0x0000000008001412                i2c2_isr
                0x0000000008001412                tim21_isr
                0x0000000008001412                usart1_isr
                0x0000000008001412                i2c3_isr
                0x0000000008001412                reserved4_isr
                0x0000000008001412                exti2_3_isr
                0x0000000008001412                lptim1_isr
                0x0000000008001412                pvd_isr
                0x0000000008001412                rcc_isr
                0x0000000008001412                flash_isr
                0x0000000008001412                hard_fault_handler
                0x0000000008001412                spi2_isr
                0x0000000008001412                lpuart1_aes_rng_isr
                0x0000000008001412                usb_isr
                0x0000000008001412                tim3_isr
                0x0000000008001412                dma1_channel1_isr
                0x0000000008001412                tim6_dac_isr
                0x0000000008001412                lcd_isr
                0x0000000008001412                dma1_channel2_3_isr
                0x0000000008001412                tim22_isr
                0x0000000008001412                usart4_5_isr
                0x0000000008001412                wwdg_isr
                0x0000000008001412                tim2_isr
                0x0000000008001412                dma1_channel4_5_isr
                0x0000000008001412                tim7_isr
 .text.null_handler
                0x0000000008001414        0x2 libopencm3/lib/libopencm3_stm32l0.a(vector.o)
                0x0000000008001414                null_handler
                0x0000000008001414                sv_call_handler
                0x0000000008001414                pend_sv_handler
                0x0000000008001414                sys_tick_handler
                0x0000000008001414                nmi_handler
 *fill*         0x0000000008001416        0x2 
 .text.reset_handler
                0x0000000008001418       0x88 libopencm3/lib/libopencm3_stm32l0.a(vector.o)
                0x0000000008001418                reset_handler
 .text          0x00000000080014a0       0x14 /usr/local/Cellar/arm-gcc-bin/9-2020-q2-update/bin/../lib/gcc/arm-none-eabi/9.3.1/thumb/v6-m/nofp/libgcc.a(_thumb1_case_uqi.o)
                0x00000000080014a0                __gnu_thumb1_case_uqi
 .text          0x00000000080014b4       0x14 /usr/local/Cellar/arm-gcc-bin/9-2020-q2-update/bin/../lib/gcc/arm-none-eabi/9.3.1/thumb/v6-m/nofp/libgcc.a(_thumb1_case_shi.o)
                0x00000000080014b4                __gnu_thumb1_case_shi
 .text          0x00000000080014c8      0x114 /usr/local/Cellar/arm-gcc-bin/9-2020-q2-update/bin/../lib/gcc/arm-none-eabi/9.3.1/thumb/v6-m/nofp/libgcc.a(_udivsi3.o)
                0x00000000080014c8                __udivsi3
                0x00000000080014c8                __aeabi_uidiv
                0x00000000080015d4                __aeabi_uidivmod
 .text          0x00000000080015dc      0x1d4 /usr/local/Cellar/arm-gcc-bin/9-2020-q2-update/bin/../lib/gcc/arm-none-eabi/9.3.1/thumb/v6-m/nofp/libgcc.a(_divsi3.o)
                0x00000000080015dc                __aeabi_idiv
                0x00000000080015dc                __divsi3
                0x00000000080017a8                __aeabi_idivmod
 .text          0x00000000080017b0        0x4 /usr/local/Cellar/arm-gcc-bin/9-2020-q2-update/bin/../lib/gcc/arm-none-eabi/9.3.1/thumb/v6-m/nofp/libgcc.a(_dvmd_tls.o)
                0x00000000080017b0                __aeabi_ldiv0
                0x00000000080017b0                __aeabi_idiv0
 .text          0x00000000080017b4       0x7c /usr/local/Cellar/arm-gcc-bin/9-2020-q2-update/bin/../lib/gcc/arm-none-eabi/9.3.1/thumb/v6-m/nofp/libgcc.a(_arm_cmpdf2.o)
                0x00000000080017b4                __aeabi_cdrcmple
                0x00000000080017c4                __aeabi_cdcmple
                0x00000000080017c4                __aeabi_cdcmpeq
                0x00000000080017d4                __aeabi_dcmpeq
                0x00000000080017e0                __aeabi_dcmplt
                0x00000000080017f4                __aeabi_dcmple
                0x0000000008001808                __aeabi_dcmpgt
                0x000000000800181c                __aeabi_dcmpge
 .text          0x0000000008001830       0x3c /usr/local/Cellar/arm-gcc-bin/9-2020-q2-update/bin/../lib/gcc/arm-none-eabi/9.3.1/thumb/v6-m/nofp/libgcc.a(_fixunsdfsi.o)
                0x0000000008001830                __fixunsdfsi
                0x0000000008001830                __aeabi_d2uiz
 .text          0x000000000800186c       0x78 /usr/local/Cellar/arm-gcc-bin/9-2020-q2-update/bin/../lib/gcc/arm-none-eabi/9.3.1/thumb/v6-m/nofp/libgcc.a(eqdf2.o)
                0x000000000800186c                __eqdf2
                0x000000000800186c                __nedf2
 .text          0x00000000080018e4       0xe4 /usr/local/Cellar/arm-gcc-bin/9-2020-q2-update/bin/../lib/gcc/arm-none-eabi/9.3.1/thumb/v6-m/nofp/libgcc.a(gedf2.o)
                0x00000000080018e4                __gtdf2
                0x00000000080018e4                __gedf2
 .text          0x00000000080019c8       0xe0 /usr/local/Cellar/arm-gcc-bin/9-2020-q2-update/bin/../lib/gcc/arm-none-eabi/9.3.1/thumb/v6-m/nofp/libgcc.a(ledf2.o)
                0x00000000080019c8                __ltdf2
                0x00000000080019c8                __ledf2
 .text          0x0000000008001aa8      0x4d8 /usr/local/Cellar/arm-gcc-bin/9-2020-q2-update/bin/../lib/gcc/arm-none-eabi/9.3.1/thumb/v6-m/nofp/libgcc.a(muldf3.o)
                0x0000000008001aa8                __aeabi_dmul
 .text          0x0000000008001f80      0x724 /usr/local/Cellar/arm-gcc-bin/9-2020-q2-update/bin/../lib/gcc/arm-none-eabi/9.3.1/thumb/v6-m/nofp/libgcc.a(subdf3.o)
                0x0000000008001f80                __aeabi_dsub
 .text          0x00000000080026a4       0x6c /usr/local/Cellar/arm-gcc-bin/9-2020-q2-update/bin/../lib/gcc/arm-none-eabi/9.3.1/thumb/v6-m/nofp/libgcc.a(fixdfsi.o)
                0x00000000080026a4                __aeabi_d2iz
 .text          0x0000000008002710       0x60 /usr/local/Cellar/arm-gcc-bin/9-2020-q2-update/bin/../lib/gcc/arm-none-eabi/9.3.1/thumb/v6-m/nofp/libgcc.a(floatsidf.o)
                0x0000000008002710                __aeabi_i2d
 .text          0x0000000008002770       0x4c /usr/local/Cellar/arm-gcc-bin/9-2020-q2-update/bin/../lib/gcc/arm-none-eabi/9.3.1/thumb/v6-m/nofp/libgcc.a(floatunsidf.o)
                0x0000000008002770                __aeabi_ui2d
 .text          0x00000000080027bc       0x3c /usr/local/Cellar/arm-gcc-bin/9-2020-q2-update/bin/../lib/gcc/arm-none-eabi/9.3.1/thumb/v6-m/nofp/libgcc.a(_clzsi2.o)
                0x00000000080027bc                __clzsi2
                0x00000000080027f8                . = ALIGN (0x4)
 *(.rodata*)
 .rodata.adc_comp_isr.str1.1
                0x00000000080027f8       0x44 hub/obj/battery.o
 .rodata._vsnprintf.constprop.0.str1.1
                0x000000000800283c       0x12 hub/obj/printf.o
 *fill*         0x000000000800284e        0x2 
 .rodata.pow10.4171
                0x0000000008002850       0x50 hub/obj/printf.o
 .rodata.spi_write_single.str1.1
                0x00000000080028a0        0xe hub/obj/rfm.o
 .rodata.timeout.str1.1
                0x00000000080028ae       0x11 hub/obj/timers.o
 .rodata.rtc_isr.str1.1
                0x00000000080028bf        0x9 hub/obj/timers.o
 .rodata        0x00000000080028c8       0x40 /usr/local/Cellar/arm-gcc-bin/9-2020-q2-update/bin/../lib/gcc/arm-none-eabi/9.3.1/thumb/v6-m/nofp/libgcc.a(muldf3.o)
                0x0000000008002908                . = ALIGN (0x4)

.glue_7         0x0000000008002908        0x0
 .glue_7        0x0000000008002908        0x0 linker stubs

.glue_7t        0x0000000008002908        0x0
 .glue_7t       0x0000000008002908        0x0 linker stubs

.vfp11_veneer   0x0000000008002908        0x0
 .vfp11_veneer  0x0000000008002908        0x0 linker stubs

.v4_bx          0x0000000008002908        0x0
 .v4_bx         0x0000000008002908        0x0 linker stubs

.iplt           0x0000000008002908        0x0
 .iplt          0x0000000008002908        0x0 hub/obj/hub_bootloader.o

.rel.dyn        0x0000000008002908        0x0
 .rel.iplt      0x0000000008002908        0x0 hub/obj/hub_bootloader.o

.preinit_array  0x0000000008002908        0x0
                0x0000000008002908                . = ALIGN (0x4)
                0x0000000008002908                __preinit_array_start = .
 *(.preinit_array)
                0x0000000008002908                __preinit_array_end = .

.init_array     0x0000000008002908        0x0
                0x0000000008002908                . = ALIGN (0x4)
                0x0000000008002908                __init_array_start = .
 *(SORT_BY_NAME(.init_array.*))
 *(.init_array)
                0x0000000008002908                __init_array_end = .

.fini_array     0x0000000008002908        0x0
                0x0000000008002908                . = ALIGN (0x4)
                0x0000000008002908                __fini_array_start = .
 *(.fini_array)
 *(SORT_BY_NAME(.fini_array.*))
                0x0000000008002908                __fini_array_end = .

.ARM.extab
 *(.ARM.extab*)

.ARM.exidx      0x0000000008002908        0x0
                0x0000000008002908                __exidx_start = .
 *(.ARM.exidx*)
                0x0000000008002908                __exidx_end = .
                0x0000000008002908                . = ALIGN (0x4)
                0x0000000008002908                _etext = .

.data           0x0000000020000000        0xc load address 0x0000000008002908
                0x0000000020000000                _data = .
 *(.data*)
 .data.rcc_ahb_frequency
                0x0000000020000000        0x4 libopencm3/lib/libopencm3_stm32l0.a(rcc.o)
                0x0000000020000000                rcc_ahb_frequency
 .data.rcc_apb1_frequency
                0x0000000020000004        0x4 libopencm3/lib/libopencm3_stm32l0.a(rcc.o)
                0x0000000020000004                rcc_apb1_frequency
 .data.rcc_apb2_frequency
                0x0000000020000008        0x4 libopencm3/lib/libopencm3_stm32l0.a(rcc.o)
                0x0000000020000008                rcc_apb2_frequency
                0x000000002000000c                . = ALIGN (0x4)
                0x000000002000000c                _edata = .
                0x0000000008002908                _data_loadaddr = LOADADDR (.data)

.igot.plt       0x000000002000000c        0x0 load address 0x0000000008002914
 .igot.plt      0x000000002000000c        0x0 hub/obj/hub_bootloader.o

.bss            0x000000002000000c      0x2a0 load address 0x0000000008002914
 *(.bss*)
 .bss.sim_rx_buf
                0x000000002000000c      0x100 hub/obj/sim.o
                0x000000002000000c                sim_rx_buf
 .bss.sim_rx_head
                0x000000002000010c        0x1 hub/obj/sim.o
                0x000000002000010c                sim_rx_head
 *fill*         0x000000002000010d        0x1 
 .bss.adc_vals  0x000000002000010e        0x6 hub/obj/battery.o
 .bss.batt_rst_seq
                0x0000000020000114        0x1 hub/obj/battery.o
                0x0000000020000114                batt_rst_seq
 *fill*         0x0000000020000115        0x1 
 .bss.batt_voltages
                0x0000000020000116        0x4 hub/obj/battery.o
                0x0000000020000116                batt_voltages
 .bss.state.4944
                0x000000002000011a        0x1 hub/obj/battery.o
 *fill*         0x000000002000011b        0x1 
 .bss.timer.4943
                0x000000002000011c        0x2 hub/obj/battery.o
 *fill*         0x000000002000011e        0x2 
 .bss.packets_buf
                0x0000000020000120      0x180 hub/obj/rfm.o
 .bss.packets_head
                0x00000000200002a0        0x1 hub/obj/rfm.o
 *fill*         0x00000000200002a1        0x3 
 .bss.timeout_counter
                0x00000000200002a4        0x4 hub/obj/timers.o
 .bss.timeout_timer
                0x00000000200002a8        0x2 hub/obj/timers.o
 *(COMMON)
                0x00000000200002ac                . = ALIGN (0x4)
 *fill*         0x00000000200002aa        0x2 
                0x00000000200002ac                _ebss = .
                0x00000000200002ac                . = ALIGN (0x4)
                [!provide]                        PROVIDE (end = .)

._user_heap_stack
                0x00000000200002ac     0x1004 load address 0x0000000008002914
                0x00000000200002b0                . = ALIGN (0x8)
 *fill*         0x00000000200002ac        0x4 
                0x0000000020000ab0                . = (. + _min_heap_size)
 *fill*         0x00000000200002b0      0x800 
                0x00000000200012b0                . = (. + _min_stack_size)
 *fill*         0x0000000020000ab0      0x800 
                0x00000000200012b0                . = ALIGN (0x8)

/DISCARD/
 *(.eh_frame)
 libc.a(*)
 libm.a(*)
 libgcc.a(*)

.ARM.attributes
                0x0000000000000000       0x2a
 *(.ARM.attributes)
 .ARM.attributes
                0x0000000000000000       0x2c hub/obj/hub_bootloader.o
 .ARM.attributes
                0x000000000000002c       0x2c hub/obj/sim.o
 .ARM.attributes
                0x0000000000000058       0x2c hub/obj/battery.o
 .ARM.attributes
                0x0000000000000084       0x2c hub/obj/bootloader_utils.o
 .ARM.attributes
                0x00000000000000b0       0x2c hub/obj/printf.o
 .ARM.attributes
                0x00000000000000dc       0x2c hub/obj/rfm.o
 .ARM.attributes
                0x0000000000000108       0x2c hub/obj/serial_printf.o
 .ARM.attributes
                0x0000000000000134       0x2c hub/obj/timers.o
 .ARM.attributes
                0x0000000000000160       0x2c libopencm3/lib/libopencm3_stm32l0.a(adc_common_v2.o)
 .ARM.attributes
                0x000000000000018c       0x2c libopencm3/lib/libopencm3_stm32l0.a(exti_common_all.o)
 .ARM.attributes
                0x00000000000001b8       0x2c libopencm3/lib/libopencm3_stm32l0.a(flash_common_all.o)
 .ARM.attributes
                0x00000000000001e4       0x2c libopencm3/lib/libopencm3_stm32l0.a(gpio_common_all.o)
 .ARM.attributes
                0x0000000000000210       0x2c libopencm3/lib/libopencm3_stm32l0.a(gpio_common_f0234.o)
 .ARM.attributes
                0x000000000000023c       0x2c libopencm3/lib/libopencm3_stm32l0.a(lptimer_common_all.o)
 .ARM.attributes
                0x0000000000000268       0x2c libopencm3/lib/libopencm3_stm32l0.a(pwr_common_v1.o)
 .ARM.attributes
                0x0000000000000294       0x2c libopencm3/lib/libopencm3_stm32l0.a(rcc.o)
 .ARM.attributes
                0x00000000000002c0       0x2c libopencm3/lib/libopencm3_stm32l0.a(rcc_common_all.o)
 .ARM.attributes
                0x00000000000002ec       0x2c libopencm3/lib/libopencm3_stm32l0.a(rtc_common_l1f024.o)
 .ARM.attributes
                0x0000000000000318       0x2c libopencm3/lib/libopencm3_stm32l0.a(spi_common_all.o)
 .ARM.attributes
                0x0000000000000344       0x2c libopencm3/lib/libopencm3_stm32l0.a(timer_common_all.o)
 .ARM.attributes
                0x0000000000000370       0x2c libopencm3/lib/libopencm3_stm32l0.a(usart_common_all.o)
 .ARM.attributes
                0x000000000000039c       0x2c libopencm3/lib/libopencm3_stm32l0.a(usart_common_v2.o)
 .ARM.attributes
                0x00000000000003c8       0x2c libopencm3/lib/libopencm3_stm32l0.a(vector.o)
 .ARM.attributes
                0x00000000000003f4       0x1e /usr/local/Cellar/arm-gcc-bin/9-2020-q2-update/bin/../lib/gcc/arm-none-eabi/9.3.1/thumb/v6-m/nofp/libgcc.a(_thumb1_case_uqi.o)
 .ARM.attributes
                0x0000000000000412       0x1e /usr/local/Cellar/arm-gcc-bin/9-2020-q2-update/bin/../lib/gcc/arm-none-eabi/9.3.1/thumb/v6-m/nofp/libgcc.a(_thumb1_case_shi.o)
 .ARM.attributes
                0x0000000000000430       0x1e /usr/local/Cellar/arm-gcc-bin/9-2020-q2-update/bin/../lib/gcc/arm-none-eabi/9.3.1/thumb/v6-m/nofp/libgcc.a(_udivsi3.o)
 .ARM.attributes
                0x000000000000044e       0x1e /usr/local/Cellar/arm-gcc-bin/9-2020-q2-update/bin/../lib/gcc/arm-none-eabi/9.3.1/thumb/v6-m/nofp/libgcc.a(_divsi3.o)
 .ARM.attributes
                0x000000000000046c       0x1e /usr/local/Cellar/arm-gcc-bin/9-2020-q2-update/bin/../lib/gcc/arm-none-eabi/9.3.1/thumb/v6-m/nofp/libgcc.a(_dvmd_tls.o)
 .ARM.attributes
                0x000000000000048a       0x1e /usr/local/Cellar/arm-gcc-bin/9-2020-q2-update/bin/../lib/gcc/arm-none-eabi/9.3.1/thumb/v6-m/nofp/libgcc.a(_arm_cmpdf2.o)
 .ARM.attributes
                0x00000000000004a8       0x2c /usr/local/Cellar/arm-gcc-bin/9-2020-q2-update/bin/../lib/gcc/arm-none-eabi/9.3.1/thumb/v6-m/nofp/libgcc.a(_fixunsdfsi.o)
 .ARM.attributes
                0x00000000000004d4       0x2c /usr/local/Cellar/arm-gcc-bin/9-2020-q2-update/bin/../lib/gcc/arm-none-eabi/9.3.1/thumb/v6-m/nofp/libgcc.a(eqdf2.o)
 .ARM.attributes
                0x0000000000000500       0x2c /usr/local/Cellar/arm-gcc-bin/9-2020-q2-update/bin/../lib/gcc/arm-none-eabi/9.3.1/thumb/v6-m/nofp/libgcc.a(gedf2.o)
 .ARM.attributes
                0x000000000000052c       0x2c /usr/local/Cellar/arm-gcc-bin/9-2020-q2-update/bin/../lib/gcc/arm-none-eabi/9.3.1/thumb/v6-m/nofp/libgcc.a(ledf2.o)
 .ARM.attributes
                0x0000000000000558       0x2c /usr/local/Cellar/arm-gcc-bin/9-2020-q2-update/bin/../lib/gcc/arm-none-eabi/9.3.1/thumb/v6-m/nofp/libgcc.a(muldf3.o)
 .ARM.attributes
                0x0000000000000584       0x2c /usr/local/Cellar/arm-gcc-bin/9-2020-q2-update/bin/../lib/gcc/arm-none-eabi/9.3.1/thumb/v6-m/nofp/libgcc.a(subdf3.o)
 .ARM.attributes
                0x00000000000005b0       0x2c /usr/local/Cellar/arm-gcc-bin/9-2020-q2-update/bin/../lib/gcc/arm-none-eabi/9.3.1/thumb/v6-m/nofp/libgcc.a(fixdfsi.o)
 .ARM.attributes
                0x00000000000005dc       0x2c /usr/local/Cellar/arm-gcc-bin/9-2020-q2-update/bin/../lib/gcc/arm-none-eabi/9.3.1/thumb/v6-m/nofp/libgcc.a(floatsidf.o)
 .ARM.attributes
                0x0000000000000608       0x2c /usr/local/Cellar/arm-gcc-bin/9-2020-q2-update/bin/../lib/gcc/arm-none-eabi/9.3.1/thumb/v6-m/nofp/libgcc.a(floatunsidf.o)
 .ARM.attributes
                0x0000000000000634       0x1e /usr/local/Cellar/arm-gcc-bin/9-2020-q2-update/bin/../lib/gcc/arm-none-eabi/9.3.1/thumb/v6-m/nofp/libgcc.a(_clzsi2.o)
                0x0000000020002000                PROVIDE (_stack = (ORIGIN (ram) + LENGTH (ram)))
OUTPUT(hub/bin/hub_bootloader.elf elf32-littlearm)
LOAD linker stubs
LOAD /usr/local/Cellar/arm-gcc-bin/9-2020-q2-update/bin/../lib/gcc/arm-none-eabi/9.3.1/../../../../arm-none-eabi/lib/thumb/v6-m/nofp/libc.a
LOAD /usr/local/Cellar/arm-gcc-bin/9-2020-q2-update/bin/../lib/gcc/arm-none-eabi/9.3.1/../../../../arm-none-eabi/lib/thumb/v6-m/nofp/libm.a
LOAD /usr/local/Cellar/arm-gcc-bin/9-2020-q2-update/bin/../lib/gcc/arm-none-eabi/9.3.1/thumb/v6-m/nofp/libgcc.a

.comment        0x0000000000000000       0x4c
 .comment       0x0000000000000000       0x4c hub/obj/hub_bootloader.o
                                         0x4d (size before relaxing)
 .comment       0x000000000000004c       0x4d hub/obj/sim.o
 .comment       0x000000000000004c       0x4d hub/obj/battery.o
 .comment       0x000000000000004c       0x4d hub/obj/bootloader_utils.o
 .comment       0x000000000000004c       0x4d hub/obj/printf.o
 .comment       0x000000000000004c       0x4d hub/obj/rfm.o
 .comment       0x000000000000004c       0x4d hub/obj/serial_printf.o
 .comment       0x000000000000004c       0x4d hub/obj/timers.o
 .comment       0x000000000000004c       0x4d libopencm3/lib/libopencm3_stm32l0.a(adc_common_v2.o)
 .comment       0x000000000000004c       0x4d libopencm3/lib/libopencm3_stm32l0.a(exti_common_all.o)
 .comment       0x000000000000004c       0x4d libopencm3/lib/libopencm3_stm32l0.a(flash_common_all.o)
 .comment       0x000000000000004c       0x4d libopencm3/lib/libopencm3_stm32l0.a(gpio_common_all.o)
 .comment       0x000000000000004c       0x4d libopencm3/lib/libopencm3_stm32l0.a(gpio_common_f0234.o)
 .comment       0x000000000000004c       0x4d libopencm3/lib/libopencm3_stm32l0.a(lptimer_common_all.o)
 .comment       0x000000000000004c       0x4d libopencm3/lib/libopencm3_stm32l0.a(pwr_common_v1.o)
 .comment       0x000000000000004c       0x4d libopencm3/lib/libopencm3_stm32l0.a(rcc.o)
 .comment       0x000000000000004c       0x4d libopencm3/lib/libopencm3_stm32l0.a(rcc_common_all.o)
 .comment       0x000000000000004c       0x4d libopencm3/lib/libopencm3_stm32l0.a(rtc_common_l1f024.o)
 .comment       0x000000000000004c       0x4d libopencm3/lib/libopencm3_stm32l0.a(spi_common_all.o)
 .comment       0x000000000000004c       0x4d libopencm3/lib/libopencm3_stm32l0.a(timer_common_all.o)
 .comment       0x000000000000004c       0x4d libopencm3/lib/libopencm3_stm32l0.a(usart_common_all.o)
 .comment       0x000000000000004c       0x4d libopencm3/lib/libopencm3_stm32l0.a(usart_common_v2.o)
 .comment       0x000000000000004c       0x4d libopencm3/lib/libopencm3_stm32l0.a(vector.o)

.debug_info     0x0000000000000000     0x5008
 .debug_info    0x0000000000000000      0x6fa libopencm3/lib/libopencm3_stm32l0.a(adc_common_v2.o)
 .debug_info    0x00000000000006fa      0x241 libopencm3/lib/libopencm3_stm32l0.a(exti_common_all.o)
 .debug_info    0x000000000000093b       0xf6 libopencm3/lib/libopencm3_stm32l0.a(flash_common_all.o)
 .debug_info    0x0000000000000a31      0x266 libopencm3/lib/libopencm3_stm32l0.a(gpio_common_all.o)
 .debug_info    0x0000000000000c97      0x257 libopencm3/lib/libopencm3_stm32l0.a(gpio_common_f0234.o)
 .debug_info    0x0000000000000eee      0x47f libopencm3/lib/libopencm3_stm32l0.a(lptimer_common_all.o)
 .debug_info    0x000000000000136d      0x1c2 libopencm3/lib/libopencm3_stm32l0.a(pwr_common_v1.o)
 .debug_info    0x000000000000152f      0xbbd libopencm3/lib/libopencm3_stm32l0.a(rcc.o)
 .debug_info    0x00000000000020ec      0x648 libopencm3/lib/libopencm3_stm32l0.a(rcc_common_all.o)
 .debug_info    0x0000000000002734      0x17a libopencm3/lib/libopencm3_stm32l0.a(rtc_common_l1f024.o)
 .debug_info    0x00000000000028ae      0x9bf libopencm3/lib/libopencm3_stm32l0.a(spi_common_all.o)
 .debug_info    0x000000000000326d     0x11f2 libopencm3/lib/libopencm3_stm32l0.a(timer_common_all.o)
 .debug_info    0x000000000000445f      0x525 libopencm3/lib/libopencm3_stm32l0.a(usart_common_all.o)
 .debug_info    0x0000000000004984      0x3a8 libopencm3/lib/libopencm3_stm32l0.a(usart_common_v2.o)
 .debug_info    0x0000000000004d2c      0x2dc libopencm3/lib/libopencm3_stm32l0.a(vector.o)

.debug_abbrev   0x0000000000000000     0x134d
 .debug_abbrev  0x0000000000000000      0x202 libopencm3/lib/libopencm3_stm32l0.a(adc_common_v2.o)
 .debug_abbrev  0x0000000000000202      0x102 libopencm3/lib/libopencm3_stm32l0.a(exti_common_all.o)
 .debug_abbrev  0x0000000000000304       0x97 libopencm3/lib/libopencm3_stm32l0.a(flash_common_all.o)
 .debug_abbrev  0x000000000000039b      0x116 libopencm3/lib/libopencm3_stm32l0.a(gpio_common_all.o)
 .debug_abbrev  0x00000000000004b1       0xbf libopencm3/lib/libopencm3_stm32l0.a(gpio_common_f0234.o)
 .debug_abbrev  0x0000000000000570      0x107 libopencm3/lib/libopencm3_stm32l0.a(lptimer_common_all.o)
 .debug_abbrev  0x0000000000000677       0xa2 libopencm3/lib/libopencm3_stm32l0.a(pwr_common_v1.o)
 .debug_abbrev  0x0000000000000719      0x302 libopencm3/lib/libopencm3_stm32l0.a(rcc.o)
 .debug_abbrev  0x0000000000000a1b      0x14c libopencm3/lib/libopencm3_stm32l0.a(rcc_common_all.o)
 .debug_abbrev  0x0000000000000b67       0xa0 libopencm3/lib/libopencm3_stm32l0.a(rtc_common_l1f024.o)
 .debug_abbrev  0x0000000000000c07      0x1e6 libopencm3/lib/libopencm3_stm32l0.a(spi_common_all.o)
 .debug_abbrev  0x0000000000000ded      0x1b1 libopencm3/lib/libopencm3_stm32l0.a(timer_common_all.o)
 .debug_abbrev  0x0000000000000f9e      0x142 libopencm3/lib/libopencm3_stm32l0.a(usart_common_all.o)
 .debug_abbrev  0x00000000000010e0      0x128 libopencm3/lib/libopencm3_stm32l0.a(usart_common_v2.o)
 .debug_abbrev  0x0000000000001208      0x145 libopencm3/lib/libopencm3_stm32l0.a(vector.o)

.debug_loc      0x0000000000000000     0x25e2
 .debug_loc     0x0000000000000000      0x236 libopencm3/lib/libopencm3_stm32l0.a(adc_common_v2.o)
 .debug_loc     0x0000000000000236      0x17d libopencm3/lib/libopencm3_stm32l0.a(exti_common_all.o)
 .debug_loc     0x00000000000003b3       0x15 libopencm3/lib/libopencm3_stm32l0.a(flash_common_all.o)
 .debug_loc     0x00000000000003c8       0xbe libopencm3/lib/libopencm3_stm32l0.a(gpio_common_all.o)
 .debug_loc     0x0000000000000486      0x255 libopencm3/lib/libopencm3_stm32l0.a(gpio_common_f0234.o)
 .debug_loc     0x00000000000006db      0x110 libopencm3/lib/libopencm3_stm32l0.a(lptimer_common_all.o)
 .debug_loc     0x00000000000007eb       0x25 libopencm3/lib/libopencm3_stm32l0.a(pwr_common_v1.o)
 .debug_loc     0x0000000000000810      0x65b libopencm3/lib/libopencm3_stm32l0.a(rcc.o)
 .debug_loc     0x0000000000000e6b       0x94 libopencm3/lib/libopencm3_stm32l0.a(rcc_common_all.o)
 .debug_loc     0x0000000000000eff       0x94 libopencm3/lib/libopencm3_stm32l0.a(rtc_common_l1f024.o)
 .debug_loc     0x0000000000000f93      0x188 libopencm3/lib/libopencm3_stm32l0.a(spi_common_all.o)
 .debug_loc     0x000000000000111b     0x1105 libopencm3/lib/libopencm3_stm32l0.a(timer_common_all.o)
 .debug_loc     0x0000000000002220      0x1cc libopencm3/lib/libopencm3_stm32l0.a(usart_common_all.o)
 .debug_loc     0x00000000000023ec       0xdb libopencm3/lib/libopencm3_stm32l0.a(usart_common_v2.o)
 .debug_loc     0x00000000000024c7      0x11b libopencm3/lib/libopencm3_stm32l0.a(vector.o)

.debug_aranges  0x0000000000000000      0xa50
 .debug_aranges
                0x0000000000000000      0x128 libopencm3/lib/libopencm3_stm32l0.a(adc_common_v2.o)
 .debug_aranges
                0x0000000000000128       0x48 libopencm3/lib/libopencm3_stm32l0.a(exti_common_all.o)
 .debug_aranges
                0x0000000000000170       0x38 libopencm3/lib/libopencm3_stm32l0.a(flash_common_all.o)
 .debug_aranges
                0x00000000000001a8       0x50 libopencm3/lib/libopencm3_stm32l0.a(gpio_common_all.o)
 .debug_aranges
                0x00000000000001f8       0x30 libopencm3/lib/libopencm3_stm32l0.a(gpio_common_f0234.o)
 .debug_aranges
                0x0000000000000228       0xb8 libopencm3/lib/libopencm3_stm32l0.a(lptimer_common_all.o)
 .debug_aranges
                0x00000000000002e0       0x90 libopencm3/lib/libopencm3_stm32l0.a(pwr_common_v1.o)
 .debug_aranges
                0x0000000000000370       0xd0 libopencm3/lib/libopencm3_stm32l0.a(rcc.o)
 .debug_aranges
                0x0000000000000440       0x58 libopencm3/lib/libopencm3_stm32l0.a(rcc_common_all.o)
 .debug_aranges
                0x0000000000000498       0x48 libopencm3/lib/libopencm3_stm32l0.a(rtc_common_l1f024.o)
 .debug_aranges
                0x00000000000004e0      0x178 libopencm3/lib/libopencm3_stm32l0.a(spi_common_all.o)
 .debug_aranges
                0x0000000000000658      0x268 libopencm3/lib/libopencm3_stm32l0.a(timer_common_all.o)
 .debug_aranges
                0x00000000000008c0       0xb8 libopencm3/lib/libopencm3_stm32l0.a(usart_common_all.o)
 .debug_aranges
                0x0000000000000978       0xa8 libopencm3/lib/libopencm3_stm32l0.a(usart_common_v2.o)
 .debug_aranges
                0x0000000000000a20       0x30 libopencm3/lib/libopencm3_stm32l0.a(vector.o)

.debug_ranges   0x0000000000000000      0xa40
 .debug_ranges  0x0000000000000000      0x130 libopencm3/lib/libopencm3_stm32l0.a(adc_common_v2.o)
 .debug_ranges  0x0000000000000130       0x60 libopencm3/lib/libopencm3_stm32l0.a(exti_common_all.o)
 .debug_ranges  0x0000000000000190       0x28 libopencm3/lib/libopencm3_stm32l0.a(flash_common_all.o)
 .debug_ranges  0x00000000000001b8       0x40 libopencm3/lib/libopencm3_stm32l0.a(gpio_common_all.o)
 .debug_ranges  0x00000000000001f8       0x20 libopencm3/lib/libopencm3_stm32l0.a(gpio_common_f0234.o)
 .debug_ranges  0x0000000000000218       0xa8 libopencm3/lib/libopencm3_stm32l0.a(lptimer_common_all.o)
 .debug_ranges  0x00000000000002c0       0x80 libopencm3/lib/libopencm3_stm32l0.a(pwr_common_v1.o)
 .debug_ranges  0x0000000000000340      0x148 libopencm3/lib/libopencm3_stm32l0.a(rcc.o)
 .debug_ranges  0x0000000000000488       0x48 libopencm3/lib/libopencm3_stm32l0.a(rcc_common_all.o)
 .debug_ranges  0x00000000000004d0       0x38 libopencm3/lib/libopencm3_stm32l0.a(rtc_common_l1f024.o)
 .debug_ranges  0x0000000000000508      0x180 libopencm3/lib/libopencm3_stm32l0.a(spi_common_all.o)
 .debug_ranges  0x0000000000000688      0x258 libopencm3/lib/libopencm3_stm32l0.a(timer_common_all.o)
 .debug_ranges  0x00000000000008e0       0xa8 libopencm3/lib/libopencm3_stm32l0.a(usart_common_all.o)
 .debug_ranges  0x0000000000000988       0x98 libopencm3/lib/libopencm3_stm32l0.a(usart_common_v2.o)
 .debug_ranges  0x0000000000000a20       0x20 libopencm3/lib/libopencm3_stm32l0.a(vector.o)

.debug_macro    0x0000000000000000     0x4e16
 .debug_macro   0x0000000000000000       0xc1 libopencm3/lib/libopencm3_stm32l0.a(adc_common_v2.o)
 .debug_macro   0x00000000000000c1      0xa72 libopencm3/lib/libopencm3_stm32l0.a(adc_common_v2.o)
 .debug_macro   0x0000000000000b33       0x1c libopencm3/lib/libopencm3_stm32l0.a(adc_common_v2.o)
 .debug_macro   0x0000000000000b4f       0x22 libopencm3/lib/libopencm3_stm32l0.a(adc_common_v2.o)
 .debug_macro   0x0000000000000b71       0x56 libopencm3/lib/libopencm3_stm32l0.a(adc_common_v2.o)
 .debug_macro   0x0000000000000bc7       0x51 libopencm3/lib/libopencm3_stm32l0.a(adc_common_v2.o)
 .debug_macro   0x0000000000000c18      0x103 libopencm3/lib/libopencm3_stm32l0.a(adc_common_v2.o)
 .debug_macro   0x0000000000000d1b       0x6a libopencm3/lib/libopencm3_stm32l0.a(adc_common_v2.o)
 .debug_macro   0x0000000000000d85      0x1df libopencm3/lib/libopencm3_stm32l0.a(adc_common_v2.o)
 .debug_macro   0x0000000000000f64       0x22 libopencm3/lib/libopencm3_stm32l0.a(adc_common_v2.o)
 .debug_macro   0x0000000000000f86       0xe8 libopencm3/lib/libopencm3_stm32l0.a(adc_common_v2.o)
 .debug_macro   0x000000000000106e       0x52 libopencm3/lib/libopencm3_stm32l0.a(adc_common_v2.o)
 .debug_macro   0x00000000000010c0      0x14e libopencm3/lib/libopencm3_stm32l0.a(adc_common_v2.o)
 .debug_macro   0x000000000000120e      0x197 libopencm3/lib/libopencm3_stm32l0.a(adc_common_v2.o)
 .debug_macro   0x00000000000013a5       0x3a libopencm3/lib/libopencm3_stm32l0.a(adc_common_v2.o)
 .debug_macro   0x00000000000013df       0x76 libopencm3/lib/libopencm3_stm32l0.a(adc_common_v2.o)
 .debug_macro   0x0000000000001455      0x10f libopencm3/lib/libopencm3_stm32l0.a(exti_common_all.o)
 .debug_macro   0x0000000000001564       0xee libopencm3/lib/libopencm3_stm32l0.a(exti_common_all.o)
 .debug_macro   0x0000000000001652       0x28 libopencm3/lib/libopencm3_stm32l0.a(exti_common_all.o)
 .debug_macro   0x000000000000167a       0x76 libopencm3/lib/libopencm3_stm32l0.a(exti_common_all.o)
 .debug_macro   0x00000000000016f0      0x2e6 libopencm3/lib/libopencm3_stm32l0.a(exti_common_all.o)
 .debug_macro   0x00000000000019d6      0x14e libopencm3/lib/libopencm3_stm32l0.a(exti_common_all.o)
 .debug_macro   0x0000000000001b24       0x40 libopencm3/lib/libopencm3_stm32l0.a(exti_common_all.o)
 .debug_macro   0x0000000000001b64      0x13c libopencm3/lib/libopencm3_stm32l0.a(exti_common_all.o)
 .debug_macro   0x0000000000001ca0       0xbc libopencm3/lib/libopencm3_stm32l0.a(flash_common_all.o)
 .debug_macro   0x0000000000001d5c      0x166 libopencm3/lib/libopencm3_stm32l0.a(flash_common_all.o)
 .debug_macro   0x0000000000001ec2       0x40 libopencm3/lib/libopencm3_stm32l0.a(flash_common_all.o)
 .debug_macro   0x0000000000001f02       0xd6 libopencm3/lib/libopencm3_stm32l0.a(gpio_common_all.o)
 .debug_macro   0x0000000000001fd8       0xd6 libopencm3/lib/libopencm3_stm32l0.a(gpio_common_f0234.o)
 .debug_macro   0x00000000000020ae       0xb9 libopencm3/lib/libopencm3_stm32l0.a(lptimer_common_all.o)
 .debug_macro   0x0000000000002167      0x28a libopencm3/lib/libopencm3_stm32l0.a(lptimer_common_all.o)
 .debug_macro   0x00000000000023f1       0xc2 libopencm3/lib/libopencm3_stm32l0.a(pwr_common_v1.o)
 .debug_macro   0x00000000000024b3       0x8e libopencm3/lib/libopencm3_stm32l0.a(pwr_common_v1.o)
 .debug_macro   0x0000000000002541       0x58 libopencm3/lib/libopencm3_stm32l0.a(pwr_common_v1.o)
 .debug_macro   0x0000000000002599      0x113 libopencm3/lib/libopencm3_stm32l0.a(rcc.o)
 .debug_macro   0x00000000000026ac       0x16 libopencm3/lib/libopencm3_stm32l0.a(rcc.o)
 .debug_macro   0x00000000000026c2       0xfa libopencm3/lib/libopencm3_stm32l0.a(rcc_common_all.o)
 .debug_macro   0x00000000000027bc       0xb3 libopencm3/lib/libopencm3_stm32l0.a(rtc_common_l1f024.o)
 .debug_macro   0x000000000000286f      0x533 libopencm3/lib/libopencm3_stm32l0.a(rtc_common_l1f024.o)
 .debug_macro   0x0000000000002da2      0x109 libopencm3/lib/libopencm3_stm32l0.a(spi_common_all.o)
 .debug_macro   0x0000000000002eab      0x2eb libopencm3/lib/libopencm3_stm32l0.a(spi_common_all.o)
 .debug_macro   0x0000000000003196       0x16 libopencm3/lib/libopencm3_stm32l0.a(spi_common_all.o)
 .debug_macro   0x00000000000031ac       0x22 libopencm3/lib/libopencm3_stm32l0.a(spi_common_all.o)
 .debug_macro   0x00000000000031ce       0xfc libopencm3/lib/libopencm3_stm32l0.a(timer_common_all.o)
 .debug_macro   0x00000000000032ca      0xf64 libopencm3/lib/libopencm3_stm32l0.a(timer_common_all.o)
 .debug_macro   0x000000000000422e      0x11e libopencm3/lib/libopencm3_stm32l0.a(timer_common_all.o)
 .debug_macro   0x000000000000434c      0x105 libopencm3/lib/libopencm3_stm32l0.a(usart_common_all.o)
 .debug_macro   0x0000000000004451       0x94 libopencm3/lib/libopencm3_stm32l0.a(usart_common_all.o)
 .debug_macro   0x00000000000044e5      0x4cd libopencm3/lib/libopencm3_stm32l0.a(usart_common_all.o)
 .debug_macro   0x00000000000049b2       0x22 libopencm3/lib/libopencm3_stm32l0.a(usart_common_all.o)
 .debug_macro   0x00000000000049d4       0xc1 libopencm3/lib/libopencm3_stm32l0.a(usart_common_v2.o)
 .debug_macro   0x0000000000004a95       0xcf libopencm3/lib/libopencm3_stm32l0.a(vector.o)
 .debug_macro   0x0000000000004b64      0x19f libopencm3/lib/libopencm3_stm32l0.a(vector.o)
 .debug_macro   0x0000000000004d03       0x49 libopencm3/lib/libopencm3_stm32l0.a(vector.o)
 .debug_macro   0x0000000000004d4c       0xca libopencm3/lib/libopencm3_stm32l0.a(vector.o)

.debug_line     0x0000000000000000     0x66f7
 .debug_line    0x0000000000000000      0x83c libopencm3/lib/libopencm3_stm32l0.a(adc_common_v2.o)
 .debug_line    0x000000000000083c      0x502 libopencm3/lib/libopencm3_stm32l0.a(exti_common_all.o)
 .debug_line    0x0000000000000d3e      0x392 libopencm3/lib/libopencm3_stm32l0.a(flash_common_all.o)
 .debug_line    0x00000000000010d0      0x427 libopencm3/lib/libopencm3_stm32l0.a(gpio_common_all.o)
 .debug_line    0x00000000000014f7      0x503 libopencm3/lib/libopencm3_stm32l0.a(gpio_common_f0234.o)
 .debug_line    0x00000000000019fa      0x5a8 libopencm3/lib/libopencm3_stm32l0.a(lptimer_common_all.o)
 .debug_line    0x0000000000001fa2      0x4f0 libopencm3/lib/libopencm3_stm32l0.a(pwr_common_v1.o)
 .debug_line    0x0000000000002492      0xa96 libopencm3/lib/libopencm3_stm32l0.a(rcc.o)
 .debug_line    0x0000000000002f28      0x474 libopencm3/lib/libopencm3_stm32l0.a(rcc_common_all.o)
 .debug_line    0x000000000000339c      0x44f libopencm3/lib/libopencm3_stm32l0.a(rtc_common_l1f024.o)
 .debug_line    0x00000000000037eb      0xa96 libopencm3/lib/libopencm3_stm32l0.a(spi_common_all.o)
 .debug_line    0x0000000000004281     0x13dc libopencm3/lib/libopencm3_stm32l0.a(timer_common_all.o)
 .debug_line    0x000000000000565d      0x6a7 libopencm3/lib/libopencm3_stm32l0.a(usart_common_all.o)
 .debug_line    0x0000000000005d04      0x598 libopencm3/lib/libopencm3_stm32l0.a(usart_common_v2.o)
 .debug_line    0x000000000000629c      0x45b libopencm3/lib/libopencm3_stm32l0.a(vector.o)

.debug_str      0x0000000000000000    0x17138
 .debug_str     0x0000000000000000     0x55e6 libopencm3/lib/libopencm3_stm32l0.a(adc_common_v2.o)
                                       0x5764 (size before relaxing)
 .debug_str     0x00000000000055e6     0x216c libopencm3/lib/libopencm3_stm32l0.a(exti_common_all.o)
                                       0x6aa0 (size before relaxing)
 .debug_str     0x0000000000007752      0x972 libopencm3/lib/libopencm3_stm32l0.a(flash_common_all.o)
                                       0x5299 (size before relaxing)
 .debug_str     0x00000000000080c4       0x80 libopencm3/lib/libopencm3_stm32l0.a(gpio_common_all.o)
                                       0x5e67 (size before relaxing)
 .debug_str     0x0000000000008144       0x95 libopencm3/lib/libopencm3_stm32l0.a(gpio_common_f0234.o)
                                       0x5e89 (size before relaxing)
 .debug_str     0x00000000000081d9     0x1100 libopencm3/lib/libopencm3_stm32l0.a(lptimer_common_all.o)
                                       0x5a6a (size before relaxing)
 .debug_str     0x00000000000092d9      0x625 libopencm3/lib/libopencm3_stm32l0.a(pwr_common_v1.o)
                                       0x4f52 (size before relaxing)
 .debug_str     0x00000000000098fe     0x2c72 libopencm3/lib/libopencm3_stm32l0.a(rcc.o)
                                       0x83e6 (size before relaxing)
 .debug_str     0x000000000000c570      0x2f1 libopencm3/lib/libopencm3_stm32l0.a(rcc_common_all.o)
                                       0x79a4 (size before relaxing)
 .debug_str     0x000000000000c861     0x13fb libopencm3/lib/libopencm3_stm32l0.a(rtc_common_l1f024.o)
                                       0x5d53 (size before relaxing)
 .debug_str     0x000000000000dc5c     0x1251 libopencm3/lib/libopencm3_stm32l0.a(spi_common_all.o)
                                       0x8771 (size before relaxing)
 .debug_str     0x000000000000eead     0x5258 libopencm3/lib/libopencm3_stm32l0.a(timer_common_all.o)
                                       0xc6e1 (size before relaxing)
 .debug_str     0x0000000000014105     0x1c22 libopencm3/lib/libopencm3_stm32l0.a(usart_common_all.o)
                                       0x8fb9 (size before relaxing)
 .debug_str     0x0000000000015d27      0x190 libopencm3/lib/libopencm3_stm32l0.a(usart_common_v2.o)
                                       0x652b (size before relaxing)
 .debug_str     0x0000000000015eb7     0x1281 libopencm3/lib/libopencm3_stm32l0.a(vector.o)
                                       0x52f9 (size before relaxing)

.debug_frame    0x0000000000000000     0x16f0
 .debug_frame   0x0000000000000000      0x250 libopencm3/lib/libopencm3_stm32l0.a(adc_common_v2.o)
 .debug_frame   0x0000000000000250       0x84 libopencm3/lib/libopencm3_stm32l0.a(exti_common_all.o)
 .debug_frame   0x00000000000002d4       0x50 libopencm3/lib/libopencm3_stm32l0.a(flash_common_all.o)
 .debug_frame   0x0000000000000324       0x80 libopencm3/lib/libopencm3_stm32l0.a(gpio_common_all.o)
 .debug_frame   0x00000000000003a4       0x78 libopencm3/lib/libopencm3_stm32l0.a(gpio_common_f0234.o)
 .debug_frame   0x000000000000041c      0x150 libopencm3/lib/libopencm3_stm32l0.a(lptimer_common_all.o)
 .debug_frame   0x000000000000056c      0x100 libopencm3/lib/libopencm3_stm32l0.a(pwr_common_v1.o)
 .debug_frame   0x000000000000066c      0x1f4 libopencm3/lib/libopencm3_stm32l0.a(rcc.o)
 .debug_frame   0x0000000000000860       0xe0 libopencm3/lib/libopencm3_stm32l0.a(rcc_common_all.o)
 .debug_frame   0x0000000000000940       0x7c libopencm3/lib/libopencm3_stm32l0.a(rtc_common_l1f024.o)
 .debug_frame   0x00000000000009bc      0x2e0 libopencm3/lib/libopencm3_stm32l0.a(spi_common_all.o)
 .debug_frame   0x0000000000000c9c      0x560 libopencm3/lib/libopencm3_stm32l0.a(timer_common_all.o)
 .debug_frame   0x00000000000011fc      0x170 libopencm3/lib/libopencm3_stm32l0.a(usart_common_all.o)
 .debug_frame   0x000000000000136c      0x130 libopencm3/lib/libopencm3_stm32l0.a(usart_common_v2.o)
 .debug_frame   0x000000000000149c       0x48 libopencm3/lib/libopencm3_stm32l0.a(vector.o)
 .debug_frame   0x00000000000014e4       0x20 /usr/local/Cellar/arm-gcc-bin/9-2020-q2-update/bin/../lib/gcc/arm-none-eabi/9.3.1/thumb/v6-m/nofp/libgcc.a(_udivsi3.o)
 .debug_frame   0x0000000000001504       0x20 /usr/local/Cellar/arm-gcc-bin/9-2020-q2-update/bin/../lib/gcc/arm-none-eabi/9.3.1/thumb/v6-m/nofp/libgcc.a(_divsi3.o)
 .debug_frame   0x0000000000001524       0x2c /usr/local/Cellar/arm-gcc-bin/9-2020-q2-update/bin/../lib/gcc/arm-none-eabi/9.3.1/thumb/v6-m/nofp/libgcc.a(_fixunsdfsi.o)
 .debug_frame   0x0000000000001550       0x38 /usr/local/Cellar/arm-gcc-bin/9-2020-q2-update/bin/../lib/gcc/arm-none-eabi/9.3.1/thumb/v6-m/nofp/libgcc.a(eqdf2.o)
 .debug_frame   0x0000000000001588       0x38 /usr/local/Cellar/arm-gcc-bin/9-2020-q2-update/bin/../lib/gcc/arm-none-eabi/9.3.1/thumb/v6-m/nofp/libgcc.a(gedf2.o)
 .debug_frame   0x00000000000015c0       0x38 /usr/local/Cellar/arm-gcc-bin/9-2020-q2-update/bin/../lib/gcc/arm-none-eabi/9.3.1/thumb/v6-m/nofp/libgcc.a(ledf2.o)
 .debug_frame   0x00000000000015f8       0x3c /usr/local/Cellar/arm-gcc-bin/9-2020-q2-update/bin/../lib/gcc/arm-none-eabi/9.3.1/thumb/v6-m/nofp/libgcc.a(muldf3.o)
 .debug_frame   0x0000000000001634       0x3c /usr/local/Cellar/arm-gcc-bin/9-2020-q2-update/bin/../lib/gcc/arm-none-eabi/9.3.1/thumb/v6-m/nofp/libgcc.a(subdf3.o)
 .debug_frame   0x0000000000001670       0x2c /usr/local/Cellar/arm-gcc-bin/9-2020-q2-update/bin/../lib/gcc/arm-none-eabi/9.3.1/thumb/v6-m/nofp/libgcc.a(fixdfsi.o)
 .debug_frame   0x000000000000169c       0x2c /usr/local/Cellar/arm-gcc-bin/9-2020-q2-update/bin/../lib/gcc/arm-none-eabi/9.3.1/thumb/v6-m/nofp/libgcc.a(floatsidf.o)
 .debug_frame   0x00000000000016c8       0x28 /usr/local/Cellar/arm-gcc-bin/9-2020-q2-update/bin/../lib/gcc/arm-none-eabi/9.3.1/thumb/v6-m/nofp/libgcc.a(floatunsidf.o)
