Archive member included to satisfy reference by file (symbol)

libopencm3/lib/libopencm3_stm32l0.a(adc_common_v2.o)
                              sensor/obj/battery.o (adc_eoc)
libopencm3/lib/libopencm3_stm32l0.a(dma_common_l1f013.o)
                              sensor/obj/battery.o (dma_channel_reset)
libopencm3/lib/libopencm3_stm32l0.a(exti_common_all.o)
                              sensor/obj/battery.o (exti_set_trigger)
libopencm3/lib/libopencm3_stm32l0.a(flash_common_all.o)
                              sensor/obj/si7051.o (flash_set_ws)
libopencm3/lib/libopencm3_stm32l0.a(flash_common_l01.o)
                              sensor/obj/memory.o (flash_unlock_pecr)
libopencm3/lib/libopencm3_stm32l0.a(gpio_common_all.o)
                              sensor/obj/rfm.o (gpio_set)
libopencm3/lib/libopencm3_stm32l0.a(gpio_common_f0234.o)
                              sensor/obj/si7051.o (gpio_mode_setup)
libopencm3/lib/libopencm3_stm32l0.a(i2c_common_v2.o)
                              sensor/obj/si7051.o (i2c_peripheral_enable)
libopencm3/lib/libopencm3_stm32l0.a(iwdg_common_all.o)
                              sensor/obj/timers.o (iwdg_start)
libopencm3/lib/libopencm3_stm32l0.a(lptimer_common_all.o)
                              sensor/obj/test.o (lptimer_get_counter)
libopencm3/lib/libopencm3_stm32l0.a(pwr_common_v1.o)
                              sensor/obj/timers.o (pwr_disable_backup_domain_write_protect)
libopencm3/lib/libopencm3_stm32l0.a(pwr_common_v2.o)
                              sensor/obj/battery.o (pwr_set_vos_scale)
libopencm3/lib/libopencm3_stm32l0.a(rcc.o)
                              sensor/obj/si7051.o (rcc_osc_on)
libopencm3/lib/libopencm3_stm32l0.a(rcc_common_all.o)
                              sensor/obj/si7051.o (rcc_periph_clock_enable)
libopencm3/lib/libopencm3_stm32l0.a(rtc_common_l1f024.o)
                              sensor/obj/timers.o (rtc_set_prescaler)
libopencm3/lib/libopencm3_stm32l0.a(spi_common_all.o)
                              sensor/obj/rfm.o (spi_enable)
libopencm3/lib/libopencm3_stm32l0.a(spi_common_v1.o)
                              sensor/obj/rfm.o (spi_init_master)
libopencm3/lib/libopencm3_stm32l0.a(timer_common_all.o)
                              sensor/obj/timers.o (timer_enable_counter)
libopencm3/lib/libopencm3_stm32l0.a(usart_common_all.o)
                              sensor/obj/log.o (usart_set_baudrate)
libopencm3/lib/libopencm3_stm32l0.a(usart_common_v2.o)
                              libopencm3/lib/libopencm3_stm32l0.a(usart_common_all.o) (usart_send)
libopencm3/lib/libopencm3_stm32l0.a(vector.o)
                              (reset_handler)
libopencm3/lib/libopencm3_stm32l0.a(nvic.o)
                              sensor/obj/battery.o (nvic_enable_irq)
libopencm3/lib/libopencm3_stm32l0.a(assert.o)
                              libopencm3/lib/libopencm3_stm32l0.a(rcc.o) (cm3_assert_failed)
/usr/local/Cellar/arm-gcc-bin/9-2020-q2-update/bin/../lib/gcc/arm-none-eabi/9.3.1/../../../../arm-none-eabi/lib/thumb/v6-m/nofp/libc_nano.a(lib_a-malloc.o)
                              sensor/obj/test.o (malloc)
/usr/local/Cellar/arm-gcc-bin/9-2020-q2-update/bin/../lib/gcc/arm-none-eabi/9.3.1/../../../../arm-none-eabi/lib/thumb/v6-m/nofp/libc_nano.a(lib_a-nano-freer.o)
                              /usr/local/Cellar/arm-gcc-bin/9-2020-q2-update/bin/../lib/gcc/arm-none-eabi/9.3.1/../../../../arm-none-eabi/lib/thumb/v6-m/nofp/libc_nano.a(lib_a-malloc.o) (_free_r)
/usr/local/Cellar/arm-gcc-bin/9-2020-q2-update/bin/../lib/gcc/arm-none-eabi/9.3.1/../../../../arm-none-eabi/lib/thumb/v6-m/nofp/libc_nano.a(lib_a-nano-mallocr.o)
                              /usr/local/Cellar/arm-gcc-bin/9-2020-q2-update/bin/../lib/gcc/arm-none-eabi/9.3.1/../../../../arm-none-eabi/lib/thumb/v6-m/nofp/libc_nano.a(lib_a-malloc.o) (_malloc_r)
/usr/local/Cellar/arm-gcc-bin/9-2020-q2-update/bin/../lib/gcc/arm-none-eabi/9.3.1/../../../../arm-none-eabi/lib/thumb/v6-m/nofp/libc_nano.a(lib_a-sbrkr.o)
                              /usr/local/Cellar/arm-gcc-bin/9-2020-q2-update/bin/../lib/gcc/arm-none-eabi/9.3.1/../../../../arm-none-eabi/lib/thumb/v6-m/nofp/libc_nano.a(lib_a-nano-mallocr.o) (_sbrk_r)
/usr/local/Cellar/arm-gcc-bin/9-2020-q2-update/bin/../lib/gcc/arm-none-eabi/9.3.1/../../../../arm-none-eabi/lib/thumb/v6-m/nofp/libc_nano.a(lib_a-impure.o)
                              /usr/local/Cellar/arm-gcc-bin/9-2020-q2-update/bin/../lib/gcc/arm-none-eabi/9.3.1/../../../../arm-none-eabi/lib/thumb/v6-m/nofp/libc_nano.a(lib_a-malloc.o) (_impure_ptr)
/usr/local/Cellar/arm-gcc-bin/9-2020-q2-update/bin/../lib/gcc/arm-none-eabi/9.3.1/../../../../arm-none-eabi/lib/thumb/v6-m/nofp/libc_nano.a(lib_a-mlock.o)
                              /usr/local/Cellar/arm-gcc-bin/9-2020-q2-update/bin/../lib/gcc/arm-none-eabi/9.3.1/../../../../arm-none-eabi/lib/thumb/v6-m/nofp/libc_nano.a(lib_a-nano-freer.o) (__malloc_lock)
[...]
Memory Configuration

Name             Origin             Length             Attributes
ram              0x0000000020000000 0x0000000000002000 xrw
rom              0x0000000008000000 0x0000000000004000 xr
*default*        0x0000000000000000 0xffffffffffffffff

Linker script and memory map

LOAD sensor/obj/sensor_bootloader.o
LOAD sensor/obj/sensor_test.o
LOAD sensor/obj/si7051.o
LOAD sensor/obj/tmp112.o
LOAD sensor/obj/aes.o
LOAD sensor/obj/battery.o
LOAD sensor/obj/bootloader_utils.o
LOAD sensor/obj/log.o
LOAD sensor/obj/memory.o
LOAD sensor/obj/printf.o
LOAD sensor/obj/reset.o
LOAD sensor/obj/rf_scan.o
LOAD sensor/obj/rfm.o
LOAD sensor/obj/test.o
LOAD sensor/obj/timers.o
LOAD libopencm3/lib/libopencm3_stm32l0.a
START GROUP
LOAD /usr/local/Cellar/arm-gcc-bin/9-2020-q2-update/bin/../lib/gcc/arm-none-eabi/9.3.1/../../../../arm-none-eabi/lib/thumb/v6-m/nofp/libc_nano.a
LOAD /usr/local/Cellar/arm-gcc-bin/9-2020-q2-update/bin/../lib/gcc/arm-none-eabi/9.3.1/thumb/v6-m/nofp/libgcc.a
LOAD /usr/local/Cellar/arm-gcc-bin/9-2020-q2-update/bin/../lib/gcc/arm-none-eabi/9.3.1/../../../../arm-none-eabi/lib/thumb/v6-m/nofp/libnosys.a
END GROUP
START GROUP
LOAD /usr/local/Cellar/arm-gcc-bin/9-2020-q2-update/bin/../lib/gcc/arm-none-eabi/9.3.1/thumb/v6-m/nofp/libgcc.a
LOAD /usr/local/Cellar/arm-gcc-bin/9-2020-q2-update/bin/../lib/gcc/arm-none-eabi/9.3.1/../../../../arm-none-eabi/lib/thumb/v6-m/nofp/libc_nano.a
END GROUP
START GROUP
LOAD /usr/local/Cellar/arm-gcc-bin/9-2020-q2-update/bin/../lib/gcc/arm-none-eabi/9.3.1/thumb/v6-m/nofp/libgcc.a
LOAD /usr/local/Cellar/arm-gcc-bin/9-2020-q2-update/bin/../lib/gcc/arm-none-eabi/9.3.1/../../../../arm-none-eabi/lib/thumb/v6-m/nofp/libc_nano.a
END GROUP
                0x0000000000000800                _min_heap_size = 0x800
                0x0000000000000800                _min_stack_size = 0x800

.text           0x0000000008000000      0xfc8
 *(.vectors)
 .vectors       0x0000000008000000       0xc0 libopencm3/lib/libopencm3_stm32l0.a(vector.o)
                0x0000000008000000                vector_table
 *(.text*)
 .text.main     0x00000000080000c0       0x18 sensor/obj/sensor_bootloader.o
                0x00000000080000c0                main
 .text.clock_setup
                0x00000000080000d8       0x4c sensor/obj/log.o
 .text.usart_setup
                0x0000000008000124       0xac sensor/obj/log.o
 .text._putchar_mem
                0x00000000080001d0       0x30 sensor/obj/log.o
 .text._putchar_spf
                0x0000000008000200       0x10 sensor/obj/log.o
 .text._putchar_main
                0x0000000008000210       0x10 sensor/obj/log.o
 .text.log_init
                0x0000000008000220       0x1c sensor/obj/log.o
                0x0000000008000220                log_init
 .text.log_printf
                0x000000000800023c       0x68 sensor/obj/log.o
                0x000000000800023c                log_printf
 .text.mem_init
                0x00000000080002a4        0xc sensor/obj/memory.o
                0x00000000080002a4                mem_init
 .text.mem_eeprom_write_byte
                0x00000000080002b0       0x54 sensor/obj/memory.o
                0x00000000080002b0                mem_eeprom_write_byte
 .text._atoi    0x0000000008000304       0x24 sensor/obj/printf.o
 .text._ntoa_format
                0x0000000008000328       0xd4 sensor/obj/printf.o
 .text.fnprintf
                0x00000000080003fc      0x140 sensor/obj/printf.o
                0x00000000080003fc                fnprintf
 .text.spi_read_single
                0x000000000800053c       0x40 sensor/obj/rfm.o
 .text.spi_write_single
                0x000000000800057c       0x84 sensor/obj/rfm.o
 .text.exti4_15_isr
                0x0000000008000600       0x8c sensor/obj/rfm.o
                0x0000000008000600                exti4_15_isr
 .text.timers_delay_microseconds
                0x000000000800068c       0x2c sensor/obj/timers.o
                0x000000000800068c                timers_delay_microseconds
 .text.timers_micros
                0x00000000080006b8       0x10 sensor/obj/timers.o
                0x00000000080006b8                timers_micros
 .text.timeout_init
                0x00000000080006c8       0x1c sensor/obj/timers.o
                0x00000000080006c8                timeout_init
 .text.timeout  0x00000000080006e4       0x50 sensor/obj/timers.o
                0x00000000080006e4                timeout
 .text.set_gpio_for_standby
                0x0000000008000734       0xf8 sensor/obj/timers.o
                0x0000000008000734                set_gpio_for_standby
 .text.rtc_isr  0x000000000800082c       0x4c sensor/obj/timers.o
                0x000000000800082c                rtc_isr
 .text.exti_reset_request
                0x0000000008000878        0xc libopencm3/lib/libopencm3_stm32l0.a(exti_common_all.o)
                0x0000000008000878                exti_reset_request
 .text.flash_set_ws
                0x0000000008000884       0x14 libopencm3/lib/libopencm3_stm32l0.a(flash_common_all.o)
                0x0000000008000884                flash_set_ws
 .text.flash_unlock_pecr
                0x0000000008000898       0x18 libopencm3/lib/libopencm3_stm32l0.a(flash_common_l01.o)
                0x0000000008000898                flash_unlock_pecr
 .text.flash_lock_pecr
                0x00000000080008b0       0x10 libopencm3/lib/libopencm3_stm32l0.a(flash_common_l01.o)
                0x00000000080008b0                flash_lock_pecr
 .text.gpio_set
                0x00000000080008c0        0x4 libopencm3/lib/libopencm3_stm32l0.a(gpio_common_all.o)
                0x00000000080008c0                gpio_set
 .text.gpio_clear
                0x00000000080008c4        0x6 libopencm3/lib/libopencm3_stm32l0.a(gpio_common_all.o)
                0x00000000080008c4                gpio_clear
 .text.gpio_mode_setup
                0x00000000080008ca       0x40 libopencm3/lib/libopencm3_stm32l0.a(gpio_common_f0234.o)
                0x00000000080008ca                gpio_mode_setup
 .text.gpio_set_output_options
                0x000000000800090a       0x3c libopencm3/lib/libopencm3_stm32l0.a(gpio_common_f0234.o)
                0x000000000800090a                gpio_set_output_options
 .text.gpio_set_af
                0x0000000008000946       0x54 libopencm3/lib/libopencm3_stm32l0.a(gpio_common_f0234.o)
                0x0000000008000946                gpio_set_af
 .text.lptimer_get_counter
                0x000000000800099a        0x6 libopencm3/lib/libopencm3_stm32l0.a(lptimer_common_all.o)
                0x000000000800099a                lptimer_get_counter
 .text.pwr_disable_backup_domain_write_protect
                0x00000000080009a0       0x14 libopencm3/lib/libopencm3_stm32l0.a(pwr_common_v1.o)
                0x00000000080009a0                pwr_disable_backup_domain_write_protect
 .text.pwr_enable_backup_domain_write_protect
                0x00000000080009b4       0x14 libopencm3/lib/libopencm3_stm32l0.a(pwr_common_v1.o)
                0x00000000080009b4                pwr_enable_backup_domain_write_protect
 .text.pwr_clear_standby_flag
                0x00000000080009c8       0x10 libopencm3/lib/libopencm3_stm32l0.a(pwr_common_v1.o)
                0x00000000080009c8                pwr_clear_standby_flag
 .text.pwr_clear_wakeup_flag
                0x00000000080009d8       0x10 libopencm3/lib/libopencm3_stm32l0.a(pwr_common_v1.o)
                0x00000000080009d8                pwr_clear_wakeup_flag
 .text.rcc_osc_on
                0x00000000080009e8       0x54 libopencm3/lib/libopencm3_stm32l0.a(rcc.o)
                0x00000000080009e8                rcc_osc_on
 .text.rcc_is_osc_ready
                0x0000000008000a3c       0x58 libopencm3/lib/libopencm3_stm32l0.a(rcc.o)
                0x0000000008000a3c                rcc_is_osc_ready
 .text.rcc_wait_for_osc_ready
                0x0000000008000a94       0x10 libopencm3/lib/libopencm3_stm32l0.a(rcc.o)
                0x0000000008000a94                rcc_wait_for_osc_ready
 .text.rcc_set_ppre1
                0x0000000008000aa4       0x18 libopencm3/lib/libopencm3_stm32l0.a(rcc.o)
                0x0000000008000aa4                rcc_set_ppre1
 .text.rcc_set_ppre2
                0x0000000008000abc       0x18 libopencm3/lib/libopencm3_stm32l0.a(rcc.o)
                0x0000000008000abc                rcc_set_ppre2
 .text.rcc_set_hpre
                0x0000000008000ad4       0x14 libopencm3/lib/libopencm3_stm32l0.a(rcc.o)
                0x0000000008000ad4                rcc_set_hpre
 .text.rcc_set_msi_range
                0x0000000008000ae8       0x18 libopencm3/lib/libopencm3_stm32l0.a(rcc.o)
                0x0000000008000ae8                rcc_set_msi_range
 .text.rcc_periph_clock_enable
                0x0000000008000b00       0x1c libopencm3/lib/libopencm3_stm32l0.a(rcc_common_all.o)
                0x0000000008000b00                rcc_periph_clock_enable
 .text.rcc_periph_reset_pulse
                0x0000000008000b1c       0x20 libopencm3/lib/libopencm3_stm32l0.a(rcc_common_all.o)
                0x0000000008000b1c                rcc_periph_reset_pulse
 .text.rtc_unlock
                0x0000000008000b3c       0x10 libopencm3/lib/libopencm3_stm32l0.a(rtc_common_l1f024.o)
                0x0000000008000b3c                rtc_unlock
 .text.rtc_lock
                0x0000000008000b4c        0xc libopencm3/lib/libopencm3_stm32l0.a(rtc_common_l1f024.o)
                0x0000000008000b4c                rtc_lock
 .text.rtc_clear_wakeup_flag
                0x0000000008000b58       0x14 libopencm3/lib/libopencm3_stm32l0.a(rtc_common_l1f024.o)
                0x0000000008000b58                rtc_clear_wakeup_flag
 .text.spi_xfer
                0x0000000008000b6c       0x10 libopencm3/lib/libopencm3_stm32l0.a(spi_common_all.o)
                0x0000000008000b6c                spi_xfer
 .text.usart_set_baudrate
                0x0000000008000b7c       0x58 libopencm3/lib/libopencm3_stm32l0.a(usart_common_all.o)
                0x0000000008000b7c                usart_set_baudrate
 .text.usart_set_databits
                0x0000000008000bd4       0x1c libopencm3/lib/libopencm3_stm32l0.a(usart_common_all.o)
                0x0000000008000bd4                usart_set_databits
 .text.usart_set_stopbits
                0x0000000008000bf0       0x10 libopencm3/lib/libopencm3_stm32l0.a(usart_common_all.o)
                0x0000000008000bf0                usart_set_stopbits
 .text.usart_set_parity
                0x0000000008000c00       0x10 libopencm3/lib/libopencm3_stm32l0.a(usart_common_all.o)
                0x0000000008000c00                usart_set_parity
 .text.usart_set_mode
                0x0000000008000c10        0xc libopencm3/lib/libopencm3_stm32l0.a(usart_common_all.o)
                0x0000000008000c10                usart_set_mode
 .text.usart_set_flow_control
                0x0000000008000c1c       0x10 libopencm3/lib/libopencm3_stm32l0.a(usart_common_all.o)
                0x0000000008000c1c                usart_set_flow_control
 .text.usart_enable
                0x0000000008000c2c        0xa libopencm3/lib/libopencm3_stm32l0.a(usart_common_all.o)
                0x0000000008000c2c                usart_enable
 .text.usart_disable
                0x0000000008000c36        0xa libopencm3/lib/libopencm3_stm32l0.a(usart_common_all.o)
                0x0000000008000c36                usart_disable
 .text.usart_send_blocking
                0x0000000008000c40       0x14 libopencm3/lib/libopencm3_stm32l0.a(usart_common_all.o)
                0x0000000008000c40                usart_send_blocking
 .text.usart_send
                0x0000000008000c54        0x8 libopencm3/lib/libopencm3_stm32l0.a(usart_common_v2.o)
                0x0000000008000c54                usart_send
 .text.usart_wait_send_ready
                0x0000000008000c5c        0xa libopencm3/lib/libopencm3_stm32l0.a(usart_common_v2.o)
                0x0000000008000c5c                usart_wait_send_ready
 .text.usart_get_flag
                0x0000000008000c66        0xc libopencm3/lib/libopencm3_stm32l0.a(usart_common_v2.o)
                0x0000000008000c66                usart_get_flag
 .text.blocking_handler
                0x0000000008000c72        0x2 libopencm3/lib/libopencm3_stm32l0.a(vector.o)
                0x0000000008000c72                exti0_1_isr
                0x0000000008000c72                blocking_handler
                0x0000000008000c72                tsc_isr
                0x0000000008000c72                spi1_isr
                0x0000000008000c72                i2c1_isr
                0x0000000008000c72                i2c2_isr
                0x0000000008000c72                tim21_isr
                0x0000000008000c72                usart1_isr
                0x0000000008000c72                i2c3_isr
                0x0000000008000c72                reserved4_isr
                0x0000000008000c72                exti2_3_isr
                0x0000000008000c72                lptim1_isr
                0x0000000008000c72                pvd_isr
                0x0000000008000c72                rcc_isr
                0x0000000008000c72                flash_isr
                0x0000000008000c72                hard_fault_handler
                0x0000000008000c72                spi2_isr
                0x0000000008000c72                lpuart1_aes_rng_isr
                0x0000000008000c72                usb_isr
                0x0000000008000c72                tim3_isr
                0x0000000008000c72                usart2_isr
                0x0000000008000c72                adc_comp_isr
                0x0000000008000c72                dma1_channel1_isr
                0x0000000008000c72                tim6_dac_isr
                0x0000000008000c72                lcd_isr
                0x0000000008000c72                dma1_channel2_3_isr
                0x0000000008000c72                tim22_isr
                0x0000000008000c72                usart4_5_isr
                0x0000000008000c72                wwdg_isr
                0x0000000008000c72                tim2_isr
                0x0000000008000c72                dma1_channel4_5_isr
                0x0000000008000c72                tim7_isr
 .text.null_handler
                0x0000000008000c74        0x2 libopencm3/lib/libopencm3_stm32l0.a(vector.o)
                0x0000000008000c74                null_handler
                0x0000000008000c74                sv_call_handler
                0x0000000008000c74                pend_sv_handler
                0x0000000008000c74                sys_tick_handler
                0x0000000008000c74                nmi_handler
 *fill*         0x0000000008000c76        0x2 
 .text.reset_handler
                0x0000000008000c78       0x88 libopencm3/lib/libopencm3_stm32l0.a(vector.o)
                0x0000000008000c78                reset_handler
 .text          0x0000000008000d00       0x14 /usr/local/Cellar/arm-gcc-bin/9-2020-q2-update/bin/../lib/gcc/arm-none-eabi/9.3.1/thumb/v6-m/nofp/libgcc.a(_thumb1_case_uqi.o)
                0x0000000008000d00                __gnu_thumb1_case_uqi
 .text          0x0000000008000d14      0x114 /usr/local/Cellar/arm-gcc-bin/9-2020-q2-update/bin/../lib/gcc/arm-none-eabi/9.3.1/thumb/v6-m/nofp/libgcc.a(_udivsi3.o)
                0x0000000008000d14                __udivsi3
                0x0000000008000d14                __aeabi_uidiv
                0x0000000008000e20                __aeabi_uidivmod
 .text          0x0000000008000e28        0x4 /usr/local/Cellar/arm-gcc-bin/9-2020-q2-update/bin/../lib/gcc/arm-none-eabi/9.3.1/thumb/v6-m/nofp/libgcc.a(_dvmd_tls.o)
                0x0000000008000e28                __aeabi_ldiv0
                0x0000000008000e28                __aeabi_idiv0
                0x0000000008000e2c                . = ALIGN (0x4)
 *(.rodata*)
 .rodata.main.str1.4
                0x0000000008000e2c       0x19 sensor/obj/sensor_bootloader.o
 *fill*         0x0000000008000e45        0x3 
 .rodata.fnprintf
                0x0000000008000e48      0x150 sensor/obj/printf.o
 .rodata.spi_write_single.str1.4
                0x0000000008000f98        0xe sensor/obj/rfm.o
 *fill*         0x0000000008000fa6        0x2 
 .rodata.timeout.str1.4
                0x0000000008000fa8       0x11 sensor/obj/timers.o
 *fill*         0x0000000008000fb9        0x3 
 .rodata.rtc_isr.str1.4
                0x0000000008000fbc        0x9 sensor/obj/timers.o
                0x0000000008000fc8                . = ALIGN (0x4)
 *fill*         0x0000000008000fc5        0x3 

.glue_7         0x0000000008000fc8        0x0
 .glue_7        0x0000000008000fc8        0x0 linker stubs

.glue_7t        0x0000000008000fc8        0x0
 .glue_7t       0x0000000008000fc8        0x0 linker stubs

.vfp11_veneer   0x0000000008000fc8        0x0
 .vfp11_veneer  0x0000000008000fc8        0x0 linker stubs

.v4_bx          0x0000000008000fc8        0x0
 .v4_bx         0x0000000008000fc8        0x0 linker stubs

.iplt           0x0000000008000fc8        0x0
 .iplt          0x0000000008000fc8        0x0 sensor/obj/sensor_bootloader.o

.rel.dyn        0x0000000008000fc8        0x0
 .rel.iplt      0x0000000008000fc8        0x0 sensor/obj/sensor_bootloader.o

.preinit_array  0x0000000008000fc8        0x0
                0x0000000008000fc8                . = ALIGN (0x4)
                0x0000000008000fc8                __preinit_array_start = .
 *(.preinit_array)
                0x0000000008000fc8                __preinit_array_end = .

.init_array     0x0000000008000fc8        0x0
                0x0000000008000fc8                . = ALIGN (0x4)
                0x0000000008000fc8                __init_array_start = .
 *(SORT_BY_NAME(.init_array.*))
 *(.init_array)
                0x0000000008000fc8                __init_array_end = .

.fini_array     0x0000000008000fc8        0x0
                0x0000000008000fc8                . = ALIGN (0x4)
                0x0000000008000fc8                __fini_array_start = .
 *(.fini_array)
 *(SORT_BY_NAME(.fini_array.*))
                0x0000000008000fc8                __fini_array_end = .

.ARM.extab
 *(.ARM.extab*)

.ARM.exidx      0x0000000008000fc8        0x0
                0x0000000008000fc8                __exidx_start = .
 *(.ARM.exidx*)
                0x0000000008000fc8                __exidx_end = .
                0x0000000008000fc8                . = ALIGN (0x4)
                0x0000000008000fc8                _etext = .

.data           0x0000000020000000       0x10 load address 0x0000000008000fc8
                0x0000000020000000                _data = .
 *(.data*)
 .data.curr_address
                0x0000000020000000        0x4 sensor/obj/log.o
 .data.rcc_ahb_frequency
                0x0000000020000004        0x4 libopencm3/lib/libopencm3_stm32l0.a(rcc.o)
                0x0000000020000004                rcc_ahb_frequency
 .data.rcc_apb1_frequency
                0x0000000020000008        0x4 libopencm3/lib/libopencm3_stm32l0.a(rcc.o)
                0x0000000020000008                rcc_apb1_frequency
 .data.rcc_apb2_frequency
                0x000000002000000c        0x4 libopencm3/lib/libopencm3_stm32l0.a(rcc.o)
                0x000000002000000c                rcc_apb2_frequency
                0x0000000020000010                . = ALIGN (0x4)
                0x0000000020000010                _edata = .
                0x0000000008000fc8                _data_loadaddr = LOADADDR (.data)

.igot.plt       0x0000000020000010        0x0 load address 0x0000000008000fd8
 .igot.plt      0x0000000020000010        0x0 sensor/obj/sensor_bootloader.o

.bss            0x0000000020000010      0x18c load address 0x0000000008000fd8
 *(.bss*)
 .bss.packets_buf
                0x0000000020000010      0x180 sensor/obj/rfm.o
 .bss.packets_head
                0x0000000020000190        0x1 sensor/obj/rfm.o
 *fill*         0x0000000020000191        0x3 
 .bss.timeout_counter
                0x0000000020000194        0x4 sensor/obj/timers.o
 .bss.timeout_timer
                0x0000000020000198        0x2 sensor/obj/timers.o
 *(COMMON)
                0x000000002000019c                . = ALIGN (0x4)
 *fill*         0x000000002000019a        0x2 
                0x000000002000019c                _ebss = .
                0x000000002000019c                . = ALIGN (0x4)
                0x000000002000019c                PROVIDE (end = .)

._user_heap_stack
                0x000000002000019c     0x1004 load address 0x0000000008000fd8
                0x00000000200001a0                . = ALIGN (0x8)
 *fill*         0x000000002000019c        0x4 
                0x00000000200009a0                . = (. + _min_heap_size)
 *fill*         0x00000000200001a0      0x800 
                0x00000000200011a0                . = (. + _min_stack_size)
 *fill*         0x00000000200009a0      0x800 
                0x00000000200011a0                . = ALIGN (0x8)

/DISCARD/
 *(.eh_frame)
 libc.a(*)
 libm.a(*)
 libgcc.a(*)

.ARM.attributes
                0x0000000000000000       0x2c
 *(.ARM.attributes)
 .ARM.attributes
                0x0000000000000000       0x2c sensor/obj/sensor_bootloader.o
 .ARM.attributes
                0x000000000000002c       0x2c sensor/obj/log.o
 .ARM.attributes
                0x0000000000000058       0x2c sensor/obj/memory.o
 .ARM.attributes
                0x0000000000000084       0x2c sensor/obj/printf.o
 .ARM.attributes
                0x00000000000000b0       0x2c sensor/obj/rfm.o
 .ARM.attributes
                0x00000000000000dc       0x2c sensor/obj/timers.o
 .ARM.attributes
                0x0000000000000108       0x2c libopencm3/lib/libopencm3_stm32l0.a(exti_common_all.o)
 .ARM.attributes
                0x0000000000000134       0x2c libopencm3/lib/libopencm3_stm32l0.a(flash_common_all.o)
 .ARM.attributes
                0x0000000000000160       0x2c libopencm3/lib/libopencm3_stm32l0.a(flash_common_l01.o)
 .ARM.attributes
                0x000000000000018c       0x2c libopencm3/lib/libopencm3_stm32l0.a(gpio_common_all.o)
 .ARM.attributes
                0x00000000000001b8       0x2c libopencm3/lib/libopencm3_stm32l0.a(gpio_common_f0234.o)
 .ARM.attributes
                0x00000000000001e4       0x2c libopencm3/lib/libopencm3_stm32l0.a(lptimer_common_all.o)
 .ARM.attributes
                0x0000000000000210       0x2c libopencm3/lib/libopencm3_stm32l0.a(pwr_common_v1.o)
 .ARM.attributes
                0x000000000000023c       0x2c libopencm3/lib/libopencm3_stm32l0.a(rcc.o)
 .ARM.attributes
                0x0000000000000268       0x2c libopencm3/lib/libopencm3_stm32l0.a(rcc_common_all.o)
 .ARM.attributes
                0x0000000000000294       0x2c libopencm3/lib/libopencm3_stm32l0.a(rtc_common_l1f024.o)
 .ARM.attributes
                0x00000000000002c0       0x2c libopencm3/lib/libopencm3_stm32l0.a(spi_common_all.o)
 .ARM.attributes
                0x00000000000002ec       0x2c libopencm3/lib/libopencm3_stm32l0.a(usart_common_all.o)
 .ARM.attributes
                0x0000000000000318       0x2c libopencm3/lib/libopencm3_stm32l0.a(usart_common_v2.o)
 .ARM.attributes
                0x0000000000000344       0x2c libopencm3/lib/libopencm3_stm32l0.a(vector.o)
 .ARM.attributes
                0x0000000000000370       0x1e /usr/local/Cellar/arm-gcc-bin/9-2020-q2-update/bin/../lib/gcc/arm-none-eabi/9.3.1/thumb/v6-m/nofp/libgcc.a(_thumb1_case_uqi.o)
 .ARM.attributes
                0x000000000000038e       0x1e /usr/local/Cellar/arm-gcc-bin/9-2020-q2-update/bin/../lib/gcc/arm-none-eabi/9.3.1/thumb/v6-m/nofp/libgcc.a(_udivsi3.o)
 .ARM.attributes
                0x00000000000003ac       0x1e /usr/local/Cellar/arm-gcc-bin/9-2020-q2-update/bin/../lib/gcc/arm-none-eabi/9.3.1/thumb/v6-m/nofp/libgcc.a(_dvmd_tls.o)
                0x0000000020002000                PROVIDE (_stack = (ORIGIN (ram) + LENGTH (ram)))
OUTPUT(sensor/bin/sensor_bootloader.elf elf32-littlearm)
LOAD linker stubs
LOAD /usr/local/Cellar/arm-gcc-bin/9-2020-q2-update/bin/../lib/gcc/arm-none-eabi/9.3.1/../../../../arm-none-eabi/lib/thumb/v6-m/nofp/libc.a
LOAD /usr/local/Cellar/arm-gcc-bin/9-2020-q2-update/bin/../lib/gcc/arm-none-eabi/9.3.1/../../../../arm-none-eabi/lib/thumb/v6-m/nofp/libm.a
LOAD /usr/local/Cellar/arm-gcc-bin/9-2020-q2-update/bin/../lib/gcc/arm-none-eabi/9.3.1/thumb/v6-m/nofp/libgcc.a

.debug_info     0x0000000000000000     0x9029
 .debug_info    0x0000000000000000       0xfb sensor/obj/sensor_bootloader.o
 .debug_info    0x00000000000000fb      0xadc sensor/obj/log.o
 .debug_info    0x0000000000000bd7      0xc16 sensor/obj/memory.o
 .debug_info    0x00000000000017ed      0x481 sensor/obj/printf.o
 .debug_info    0x0000000000001c6e     0x22bd sensor/obj/rfm.o
 .debug_info    0x0000000000003f2b     0x17b0 sensor/obj/timers.o
 .debug_info    0x00000000000056db      0x241 libopencm3/lib/libopencm3_stm32l0.a(exti_common_all.o)
 .debug_info    0x000000000000591c       0xf6 libopencm3/lib/libopencm3_stm32l0.a(flash_common_all.o)
 .debug_info    0x0000000000005a12      0x232 libopencm3/lib/libopencm3_stm32l0.a(flash_common_l01.o)
 .debug_info    0x0000000000005c44      0x266 libopencm3/lib/libopencm3_stm32l0.a(gpio_common_all.o)
 .debug_info    0x0000000000005eaa      0x257 libopencm3/lib/libopencm3_stm32l0.a(gpio_common_f0234.o)
 .debug_info    0x0000000000006101      0x47f libopencm3/lib/libopencm3_stm32l0.a(lptimer_common_all.o)
 .debug_info    0x0000000000006580      0x1c2 libopencm3/lib/libopencm3_stm32l0.a(pwr_common_v1.o)
 .debug_info    0x0000000000006742      0xbbd libopencm3/lib/libopencm3_stm32l0.a(rcc.o)
 .debug_info    0x00000000000072ff      0x648 libopencm3/lib/libopencm3_stm32l0.a(rcc_common_all.o)
 .debug_info    0x0000000000007947      0x17a libopencm3/lib/libopencm3_stm32l0.a(rtc_common_l1f024.o)
 .debug_info    0x0000000000007ac1      0x9bf libopencm3/lib/libopencm3_stm32l0.a(spi_common_all.o)
 .debug_info    0x0000000000008480      0x525 libopencm3/lib/libopencm3_stm32l0.a(usart_common_all.o)
 .debug_info    0x00000000000089a5      0x3a8 libopencm3/lib/libopencm3_stm32l0.a(usart_common_v2.o)
 .debug_info    0x0000000000008d4d      0x2dc libopencm3/lib/libopencm3_stm32l0.a(vector.o)

.debug_abbrev   0x0000000000000000     0x1efd
 .debug_abbrev  0x0000000000000000       0xa7 sensor/obj/sensor_bootloader.o
 .debug_abbrev  0x00000000000000a7      0x1e3 sensor/obj/log.o
 .debug_abbrev  0x000000000000028a      0x2ab sensor/obj/memory.o
 .debug_abbrev  0x0000000000000535      0x245 sensor/obj/printf.o
 .debug_abbrev  0x000000000000077a      0x40c sensor/obj/rfm.o
 .debug_abbrev  0x0000000000000b86      0x31c sensor/obj/timers.o
 .debug_abbrev  0x0000000000000ea2      0x102 libopencm3/lib/libopencm3_stm32l0.a(exti_common_all.o)
 .debug_abbrev  0x0000000000000fa4       0x97 libopencm3/lib/libopencm3_stm32l0.a(flash_common_all.o)
 .debug_abbrev  0x000000000000103b       0xc1 libopencm3/lib/libopencm3_stm32l0.a(flash_common_l01.o)
 .debug_abbrev  0x00000000000010fc      0x116 libopencm3/lib/libopencm3_stm32l0.a(gpio_common_all.o)
 .debug_abbrev  0x0000000000001212       0xbf libopencm3/lib/libopencm3_stm32l0.a(gpio_common_f0234.o)
 .debug_abbrev  0x00000000000012d1      0x107 libopencm3/lib/libopencm3_stm32l0.a(lptimer_common_all.o)
 .debug_abbrev  0x00000000000013d8       0xa2 libopencm3/lib/libopencm3_stm32l0.a(pwr_common_v1.o)
 .debug_abbrev  0x000000000000147a      0x302 libopencm3/lib/libopencm3_stm32l0.a(rcc.o)
 .debug_abbrev  0x000000000000177c      0x14c libopencm3/lib/libopencm3_stm32l0.a(rcc_common_all.o)
 .debug_abbrev  0x00000000000018c8       0xa0 libopencm3/lib/libopencm3_stm32l0.a(rtc_common_l1f024.o)
 .debug_abbrev  0x0000000000001968      0x1e6 libopencm3/lib/libopencm3_stm32l0.a(spi_common_all.o)
 .debug_abbrev  0x0000000000001b4e      0x142 libopencm3/lib/libopencm3_stm32l0.a(usart_common_all.o)
 .debug_abbrev  0x0000000000001c90      0x128 libopencm3/lib/libopencm3_stm32l0.a(usart_common_v2.o)
 .debug_abbrev  0x0000000000001db8      0x145 libopencm3/lib/libopencm3_stm32l0.a(vector.o)

.debug_aranges  0x0000000000000000      0xa30
 .debug_aranges
                0x0000000000000000       0x20 sensor/obj/sensor_bootloader.o
 .debug_aranges
                0x0000000000000020       0x50 sensor/obj/log.o
 .debug_aranges
                0x0000000000000070       0xd8 sensor/obj/memory.o
 .debug_aranges
                0x0000000000000148       0x30 sensor/obj/printf.o
 .debug_aranges
                0x0000000000000178      0x108 sensor/obj/rfm.o
 .debug_aranges
                0x0000000000000280       0x88 sensor/obj/timers.o
 .debug_aranges
                0x0000000000000308       0x48 libopencm3/lib/libopencm3_stm32l0.a(exti_common_all.o)
 .debug_aranges
                0x0000000000000350       0x38 libopencm3/lib/libopencm3_stm32l0.a(flash_common_all.o)
 .debug_aranges
                0x0000000000000388       0x68 libopencm3/lib/libopencm3_stm32l0.a(flash_common_l01.o)
 .debug_aranges
                0x00000000000003f0       0x50 libopencm3/lib/libopencm3_stm32l0.a(gpio_common_all.o)
 .debug_aranges
                0x0000000000000440       0x30 libopencm3/lib/libopencm3_stm32l0.a(gpio_common_f0234.o)
 .debug_aranges
                0x0000000000000470       0xb8 libopencm3/lib/libopencm3_stm32l0.a(lptimer_common_all.o)
 .debug_aranges
                0x0000000000000528       0x90 libopencm3/lib/libopencm3_stm32l0.a(pwr_common_v1.o)
 .debug_aranges
                0x00000000000005b8       0xd0 libopencm3/lib/libopencm3_stm32l0.a(rcc.o)
 .debug_aranges
                0x0000000000000688       0x58 libopencm3/lib/libopencm3_stm32l0.a(rcc_common_all.o)
 .debug_aranges
                0x00000000000006e0       0x48 libopencm3/lib/libopencm3_stm32l0.a(rtc_common_l1f024.o)
 .debug_aranges
                0x0000000000000728      0x178 libopencm3/lib/libopencm3_stm32l0.a(spi_common_all.o)
 .debug_aranges
                0x00000000000008a0       0xb8 libopencm3/lib/libopencm3_stm32l0.a(usart_common_all.o)
 .debug_aranges
                0x0000000000000958       0xa8 libopencm3/lib/libopencm3_stm32l0.a(usart_common_v2.o)
 .debug_aranges
                0x0000000000000a00       0x30 libopencm3/lib/libopencm3_stm32l0.a(vector.o)

.debug_ranges   0x0000000000000000      0x9d8
 .debug_ranges  0x0000000000000000       0x10 sensor/obj/sensor_bootloader.o
 .debug_ranges  0x0000000000000010       0x40 sensor/obj/log.o
 .debug_ranges  0x0000000000000050       0xc8 sensor/obj/memory.o
 .debug_ranges  0x0000000000000118       0x40 sensor/obj/printf.o
 .debug_ranges  0x0000000000000158       0xf8 sensor/obj/rfm.o
 .debug_ranges  0x0000000000000250       0x78 sensor/obj/timers.o
 .debug_ranges  0x00000000000002c8       0x60 libopencm3/lib/libopencm3_stm32l0.a(exti_common_all.o)
 .debug_ranges  0x0000000000000328       0x28 libopencm3/lib/libopencm3_stm32l0.a(flash_common_all.o)
 .debug_ranges  0x0000000000000350       0x58 libopencm3/lib/libopencm3_stm32l0.a(flash_common_l01.o)
 .debug_ranges  0x00000000000003a8       0x40 libopencm3/lib/libopencm3_stm32l0.a(gpio_common_all.o)
 .debug_ranges  0x00000000000003e8       0x20 libopencm3/lib/libopencm3_stm32l0.a(gpio_common_f0234.o)
 .debug_ranges  0x0000000000000408       0xa8 libopencm3/lib/libopencm3_stm32l0.a(lptimer_common_all.o)
 .debug_ranges  0x00000000000004b0       0x80 libopencm3/lib/libopencm3_stm32l0.a(pwr_common_v1.o)
 .debug_ranges  0x0000000000000530      0x148 libopencm3/lib/libopencm3_stm32l0.a(rcc.o)
 .debug_ranges  0x0000000000000678       0x48 libopencm3/lib/libopencm3_stm32l0.a(rcc_common_all.o)
 .debug_ranges  0x00000000000006c0       0x38 libopencm3/lib/libopencm3_stm32l0.a(rtc_common_l1f024.o)
 .debug_ranges  0x00000000000006f8      0x180 libopencm3/lib/libopencm3_stm32l0.a(spi_common_all.o)
 .debug_ranges  0x0000000000000878       0xa8 libopencm3/lib/libopencm3_stm32l0.a(usart_common_all.o)
 .debug_ranges  0x0000000000000920       0x98 libopencm3/lib/libopencm3_stm32l0.a(usart_common_v2.o)
 .debug_ranges  0x00000000000009b8       0x20 libopencm3/lib/libopencm3_stm32l0.a(vector.o)

.debug_macro    0x0000000000000000     0x2ea1
 .debug_macro   0x0000000000000000       0x80 sensor/obj/sensor_bootloader.o
 .debug_macro   0x0000000000000080      0xa78 sensor/obj/sensor_bootloader.o
 .debug_macro   0x0000000000000af8       0x22 sensor/obj/sensor_bootloader.o
 .debug_macro   0x0000000000000b1a       0x56 sensor/obj/sensor_bootloader.o
 .debug_macro   0x0000000000000b70       0x51 sensor/obj/sensor_bootloader.o
 .debug_macro   0x0000000000000bc1      0x103 sensor/obj/sensor_bootloader.o
 .debug_macro   0x0000000000000cc4       0x6a sensor/obj/sensor_bootloader.o
 .debug_macro   0x0000000000000d2e      0x1df sensor/obj/sensor_bootloader.o
 .debug_macro   0x0000000000000f0d       0x22 sensor/obj/sensor_bootloader.o
 .debug_macro   0x0000000000000f2f      0x1e7 sensor/obj/log.o
 .debug_macro   0x0000000000001116       0x58 sensor/obj/log.o
 .debug_macro   0x000000000000116e      0x1ef sensor/obj/memory.o
 .debug_macro   0x000000000000135d       0x94 sensor/obj/printf.o
 .debug_macro   0x00000000000013f1      0x220 sensor/obj/rfm.o
 .debug_macro   0x0000000000001611      0x4e0 sensor/obj/rfm.o
 .debug_macro   0x0000000000001af1      0x371 sensor/obj/timers.o
 .debug_macro   0x0000000000001e62       0x16 sensor/obj/timers.o
 .debug_macro   0x0000000000001e78       0x70 sensor/obj/timers.o
 .debug_macro   0x0000000000001ee8       0x10 sensor/obj/timers.o
 .debug_macro   0x0000000000001ef8      0x1a5 sensor/obj/timers.o
 .debug_macro   0x000000000000209d       0x6f sensor/obj/timers.o
 .debug_macro   0x000000000000210c       0xaf sensor/obj/timers.o
 .debug_macro   0x00000000000021bb       0xc4 sensor/obj/timers.o
 .debug_macro   0x000000000000227f      0x10f libopencm3/lib/libopencm3_stm32l0.a(exti_common_all.o)
 .debug_macro   0x000000000000238e       0xbc libopencm3/lib/libopencm3_stm32l0.a(flash_common_all.o)
 .debug_macro   0x000000000000244a       0xbc libopencm3/lib/libopencm3_stm32l0.a(flash_common_l01.o)
 .debug_macro   0x0000000000002506       0xd6 libopencm3/lib/libopencm3_stm32l0.a(gpio_common_all.o)
 .debug_macro   0x00000000000025dc       0xd6 libopencm3/lib/libopencm3_stm32l0.a(gpio_common_f0234.o)
 .debug_macro   0x00000000000026b2       0xb9 libopencm3/lib/libopencm3_stm32l0.a(lptimer_common_all.o)
 .debug_macro   0x000000000000276b       0xc2 libopencm3/lib/libopencm3_stm32l0.a(pwr_common_v1.o)
 .debug_macro   0x000000000000282d      0x113 libopencm3/lib/libopencm3_stm32l0.a(rcc.o)
 .debug_macro   0x0000000000002940       0x16 libopencm3/lib/libopencm3_stm32l0.a(rcc.o)
 .debug_macro   0x0000000000002956       0xfa libopencm3/lib/libopencm3_stm32l0.a(rcc_common_all.o)
 .debug_macro   0x0000000000002a50       0xb3 libopencm3/lib/libopencm3_stm32l0.a(rtc_common_l1f024.o)
 .debug_macro   0x0000000000002b03      0x109 libopencm3/lib/libopencm3_stm32l0.a(spi_common_all.o)
 .debug_macro   0x0000000000002c0c      0x105 libopencm3/lib/libopencm3_stm32l0.a(usart_common_all.o)
 .debug_macro   0x0000000000002d11       0xc1 libopencm3/lib/libopencm3_stm32l0.a(usart_common_v2.o)
 .debug_macro   0x0000000000002dd2       0xcf libopencm3/lib/libopencm3_stm32l0.a(vector.o)

.debug_line     0x0000000000000000     0x8348
 .debug_line    0x0000000000000000      0x249 sensor/obj/sensor_bootloader.o
 .debug_line    0x0000000000000249      0x607 sensor/obj/log.o
 .debug_line    0x0000000000000850      0xd17 sensor/obj/memory.o
 .debug_line    0x0000000000001567      0x582 sensor/obj/printf.o
 .debug_line    0x0000000000001ae9      0xe49 sensor/obj/rfm.o
 .debug_line    0x0000000000002932      0xa26 sensor/obj/timers.o
 .debug_line    0x0000000000003358      0x502 libopencm3/lib/libopencm3_stm32l0.a(exti_common_all.o)
 .debug_line    0x000000000000385a      0x392 libopencm3/lib/libopencm3_stm32l0.a(flash_common_all.o)
 .debug_line    0x0000000000003bec      0x511 libopencm3/lib/libopencm3_stm32l0.a(flash_common_l01.o)
 .debug_line    0x00000000000040fd      0x427 libopencm3/lib/libopencm3_stm32l0.a(gpio_common_all.o)
 .debug_line    0x0000000000004524      0x503 libopencm3/lib/libopencm3_stm32l0.a(gpio_common_f0234.o)
 .debug_line    0x0000000000004a27      0x5a8 libopencm3/lib/libopencm3_stm32l0.a(lptimer_common_all.o)
 .debug_line    0x0000000000004fcf      0x4f0 libopencm3/lib/libopencm3_stm32l0.a(pwr_common_v1.o)
 .debug_line    0x00000000000054bf      0xa96 libopencm3/lib/libopencm3_stm32l0.a(rcc.o)
 .debug_line    0x0000000000005f55      0x474 libopencm3/lib/libopencm3_stm32l0.a(rcc_common_all.o)
 .debug_line    0x00000000000063c9      0x44f libopencm3/lib/libopencm3_stm32l0.a(rtc_common_l1f024.o)
 .debug_line    0x0000000000006818      0xa96 libopencm3/lib/libopencm3_stm32l0.a(spi_common_all.o)
 .debug_line    0x00000000000072ae      0x6a7 libopencm3/lib/libopencm3_stm32l0.a(usart_common_all.o)
 .debug_line    0x0000000000007955      0x598 libopencm3/lib/libopencm3_stm32l0.a(usart_common_v2.o)
 .debug_line    0x0000000000007eed      0x45b libopencm3/lib/libopencm3_stm32l0.a(vector.o)

.debug_str      0x0000000000000000    0x1bd5e
 .debug_str     0x0000000000000000     0x3a62 sensor/obj/sensor_bootloader.o
                                       0x3bc7 (size before relaxing)
 .debug_str     0x0000000000003a62     0x8ce1 sensor/obj/log.o
                                       0xc9ab (size before relaxing)
 .debug_str     0x000000000000c743      0x5ae sensor/obj/memory.o
                                       0xc780 (size before relaxing)
 .debug_str     0x000000000000ccf1       0xa0 sensor/obj/printf.o
                                       0x40ad (size before relaxing)
 .debug_str     0x000000000000cd91     0x2977 sensor/obj/rfm.o
                                       0xefb8 (size before relaxing)
 .debug_str     0x000000000000f708     0xaecd sensor/obj/timers.o
                                      0x18987 (size before relaxing)
 .debug_str     0x000000000001a5d5      0x1ae libopencm3/lib/libopencm3_stm32l0.a(exti_common_all.o)
                                       0x6aa0 (size before relaxing)
 .debug_str     0x000000000001a783       0x6a libopencm3/lib/libopencm3_stm32l0.a(flash_common_all.o)
                                       0x5299 (size before relaxing)
 .debug_str     0x000000000001a7ed       0x93 libopencm3/lib/libopencm3_stm32l0.a(flash_common_l01.o)
                                       0x532a (size before relaxing)
 .debug_str     0x000000000001a880       0x63 libopencm3/lib/libopencm3_stm32l0.a(gpio_common_all.o)
                                       0x5e67 (size before relaxing)
 .debug_str     0x000000000001a8e3       0x61 libopencm3/lib/libopencm3_stm32l0.a(gpio_common_f0234.o)
                                       0x5e89 (size before relaxing)
 .debug_str     0x000000000001a944      0x18b libopencm3/lib/libopencm3_stm32l0.a(lptimer_common_all.o)
                                       0x5a6a (size before relaxing)
 .debug_str     0x000000000001aacf      0x12a libopencm3/lib/libopencm3_stm32l0.a(pwr_common_v1.o)
                                       0x4f52 (size before relaxing)
 .debug_str     0x000000000001abf9      0x2f3 libopencm3/lib/libopencm3_stm32l0.a(rcc.o)
                                       0x83e6 (size before relaxing)
 .debug_str     0x000000000001aeec      0x14f libopencm3/lib/libopencm3_stm32l0.a(rcc_common_all.o)
                                       0x79a4 (size before relaxing)
 .debug_str     0x000000000001b03b       0x52 libopencm3/lib/libopencm3_stm32l0.a(rtc_common_l1f024.o)
                                       0x5d53 (size before relaxing)
 .debug_str     0x000000000001b08d      0x3f9 libopencm3/lib/libopencm3_stm32l0.a(spi_common_all.o)
                                       0x8771 (size before relaxing)
 .debug_str     0x000000000001b486      0x181 libopencm3/lib/libopencm3_stm32l0.a(usart_common_all.o)
                                       0x8fb9 (size before relaxing)
 .debug_str     0x000000000001b607      0x181 libopencm3/lib/libopencm3_stm32l0.a(usart_common_v2.o)
                                       0x652b (size before relaxing)
 .debug_str     0x000000000001b788      0x5d6 libopencm3/lib/libopencm3_stm32l0.a(vector.o)
                                       0x52f9 (size before relaxing)

.comment        0x0000000000000000       0x4c
 .comment       0x0000000000000000       0x4c sensor/obj/sensor_bootloader.o
                                         0x4d (size before relaxing)
 .comment       0x000000000000004c       0x4d sensor/obj/log.o
 .comment       0x000000000000004c       0x4d sensor/obj/memory.o
 .comment       0x000000000000004c       0x4d sensor/obj/printf.o
 .comment       0x000000000000004c       0x4d sensor/obj/rfm.o
 .comment       0x000000000000004c       0x4d sensor/obj/timers.o
 .comment       0x000000000000004c       0x4d libopencm3/lib/libopencm3_stm32l0.a(exti_common_all.o)
 .comment       0x000000000000004c       0x4d libopencm3/lib/libopencm3_stm32l0.a(flash_common_all.o)
 .comment       0x000000000000004c       0x4d libopencm3/lib/libopencm3_stm32l0.a(flash_common_l01.o)
 .comment       0x000000000000004c       0x4d libopencm3/lib/libopencm3_stm32l0.a(gpio_common_all.o)
 .comment       0x000000000000004c       0x4d libopencm3/lib/libopencm3_stm32l0.a(gpio_common_f0234.o)
 .comment       0x000000000000004c       0x4d libopencm3/lib/libopencm3_stm32l0.a(lptimer_common_all.o)
 .comment       0x000000000000004c       0x4d libopencm3/lib/libopencm3_stm32l0.a(pwr_common_v1.o)
 .comment       0x000000000000004c       0x4d libopencm3/lib/libopencm3_stm32l0.a(rcc.o)
 .comment       0x000000000000004c       0x4d libopencm3/lib/libopencm3_stm32l0.a(rcc_common_all.o)
 .comment       0x000000000000004c       0x4d libopencm3/lib/libopencm3_stm32l0.a(rtc_common_l1f024.o)
 .comment       0x000000000000004c       0x4d libopencm3/lib/libopencm3_stm32l0.a(spi_common_all.o)
 .comment       0x000000000000004c       0x4d libopencm3/lib/libopencm3_stm32l0.a(usart_common_all.o)
 .comment       0x000000000000004c       0x4d libopencm3/lib/libopencm3_stm32l0.a(usart_common_v2.o)
 .comment       0x000000000000004c       0x4d libopencm3/lib/libopencm3_stm32l0.a(vector.o)

.debug_frame    0x0000000000000000     0x1618
 .debug_frame   0x0000000000000000       0x28 sensor/obj/sensor_bootloader.o
 .debug_frame   0x0000000000000028       0xbc sensor/obj/log.o
 .debug_frame   0x00000000000000e4      0x238 sensor/obj/memory.o
 .debug_frame   0x000000000000031c       0x6c sensor/obj/printf.o
 .debug_frame   0x0000000000000388      0x2ec sensor/obj/rfm.o
 .debug_frame   0x0000000000000674      0x174 sensor/obj/timers.o
 .debug_frame   0x00000000000007e8       0x84 libopencm3/lib/libopencm3_stm32l0.a(exti_common_all.o)
 .debug_frame   0x000000000000086c       0x50 libopencm3/lib/libopencm3_stm32l0.a(flash_common_all.o)
 .debug_frame   0x00000000000008bc       0xdc libopencm3/lib/libopencm3_stm32l0.a(flash_common_l01.o)
 .debug_frame   0x0000000000000998       0x80 libopencm3/lib/libopencm3_stm32l0.a(gpio_common_all.o)
 .debug_frame   0x0000000000000a18       0x78 libopencm3/lib/libopencm3_stm32l0.a(gpio_common_f0234.o)
 .debug_frame   0x0000000000000a90      0x150 libopencm3/lib/libopencm3_stm32l0.a(lptimer_common_all.o)
 .debug_frame   0x0000000000000be0      0x100 libopencm3/lib/libopencm3_stm32l0.a(pwr_common_v1.o)
 .debug_frame   0x0000000000000ce0      0x1f4 libopencm3/lib/libopencm3_stm32l0.a(rcc.o)
 .debug_frame   0x0000000000000ed4       0xe0 libopencm3/lib/libopencm3_stm32l0.a(rcc_common_all.o)
 .debug_frame   0x0000000000000fb4       0x7c libopencm3/lib/libopencm3_stm32l0.a(rtc_common_l1f024.o)
 .debug_frame   0x0000000000001030      0x2e0 libopencm3/lib/libopencm3_stm32l0.a(spi_common_all.o)
 .debug_frame   0x0000000000001310      0x170 libopencm3/lib/libopencm3_stm32l0.a(usart_common_all.o)
 .debug_frame   0x0000000000001480      0x130 libopencm3/lib/libopencm3_stm32l0.a(usart_common_v2.o)
 .debug_frame   0x00000000000015b0       0x48 libopencm3/lib/libopencm3_stm32l0.a(vector.o)
 .debug_frame   0x00000000000015f8       0x20 /usr/local/Cellar/arm-gcc-bin/9-2020-q2-update/bin/../lib/gcc/arm-none-eabi/9.3.1/thumb/v6-m/nofp/libgcc.a(_udivsi3.o)

.debug_loc      0x0000000000000000     0x27bb
 .debug_loc     0x0000000000000000       0xeb sensor/obj/log.o
 .debug_loc     0x00000000000000eb      0x6f7 sensor/obj/memory.o
 .debug_loc     0x00000000000007e2      0x4d7 sensor/obj/printf.o
 .debug_loc     0x0000000000000cb9      0x56e sensor/obj/rfm.o
 .debug_loc     0x0000000000001227      0x19c sensor/obj/timers.o
 .debug_loc     0x00000000000013c3      0x17d libopencm3/lib/libopencm3_stm32l0.a(exti_common_all.o)
 .debug_loc     0x0000000000001540       0x15 libopencm3/lib/libopencm3_stm32l0.a(flash_common_all.o)
 .debug_loc     0x0000000000001555      0x151 libopencm3/lib/libopencm3_stm32l0.a(flash_common_l01.o)
 .debug_loc     0x00000000000016a6       0xbe libopencm3/lib/libopencm3_stm32l0.a(gpio_common_all.o)
 .debug_loc     0x0000000000001764      0x255 libopencm3/lib/libopencm3_stm32l0.a(gpio_common_f0234.o)
 .debug_loc     0x00000000000019b9      0x110 libopencm3/lib/libopencm3_stm32l0.a(lptimer_common_all.o)
 .debug_loc     0x0000000000001ac9       0x25 libopencm3/lib/libopencm3_stm32l0.a(pwr_common_v1.o)
 .debug_loc     0x0000000000001aee      0x65b libopencm3/lib/libopencm3_stm32l0.a(rcc.o)
 .debug_loc     0x0000000000002149       0x94 libopencm3/lib/libopencm3_stm32l0.a(rcc_common_all.o)
 .debug_loc     0x00000000000021dd       0x94 libopencm3/lib/libopencm3_stm32l0.a(rtc_common_l1f024.o)
 .debug_loc     0x0000000000002271      0x188 libopencm3/lib/libopencm3_stm32l0.a(spi_common_all.o)
 .debug_loc     0x00000000000023f9      0x1cc libopencm3/lib/libopencm3_stm32l0.a(usart_common_all.o)
 .debug_loc     0x00000000000025c5       0xdb libopencm3/lib/libopencm3_stm32l0.a(usart_common_v2.o)
 .debug_loc     0x00000000000026a0      0x11b libopencm3/lib/libopencm3_stm32l0.a(vector.o)
