Archive member included to satisfy reference by file (symbol)

libopencm3/lib/libopencm3_stm32l0.a(adc_common_v2.o)
                              sensor/obj/battery.o (adc_eoc)
libopencm3/lib/libopencm3_stm32l0.a(dma_common_l1f013.o)
                              sensor/obj/battery.o (dma_channel_reset)
libopencm3/lib/libopencm3_stm32l0.a(exti_common_all.o)
                              sensor/obj/battery.o (exti_set_trigger)
libopencm3/lib/libopencm3_stm32l0.a(flash_common_all.o)
                              sensor/obj/si7051.o (flash_set_ws)
libopencm3/lib/libopencm3_stm32l0.a(flash_common_l01.o)
                              sensor/obj/memory.o (flash_unlock)
libopencm3/lib/libopencm3_stm32l0.a(gpio_common_all.o)
                              sensor/obj/rfm.o (gpio_set)
libopencm3/lib/libopencm3_stm32l0.a(gpio_common_f0234.o)
                              sensor/obj/si7051.o (gpio_mode_setup)
libopencm3/lib/libopencm3_stm32l0.a(i2c_common_v2.o)
                              sensor/obj/si7051.o (i2c_peripheral_enable)
libopencm3/lib/libopencm3_stm32l0.a(iwdg_common_all.o)
                              sensor/obj/timers.o (iwdg_start)
libopencm3/lib/libopencm3_stm32l0.a(lptimer_common_all.o)
                              sensor/obj/testing.o (lptimer_get_counter)
libopencm3/lib/libopencm3_stm32l0.a(pwr_common_v1.o)
                              sensor/obj/timers.o (pwr_disable_backup_domain_write_protect)
libopencm3/lib/libopencm3_stm32l0.a(pwr_common_v2.o)
                              sensor/obj/battery.o (pwr_set_vos_scale)
libopencm3/lib/libopencm3_stm32l0.a(rcc.o)
                              sensor/obj/si7051.o (rcc_osc_on)
libopencm3/lib/libopencm3_stm32l0.a(rcc_common_all.o)
                              sensor/obj/si7051.o (rcc_periph_clock_enable)
libopencm3/lib/libopencm3_stm32l0.a(rtc_common_l1f024.o)
                              sensor/obj/timers.o (rtc_set_prescaler)
libopencm3/lib/libopencm3_stm32l0.a(spi_common_all.o)
                              sensor/obj/rfm.o (spi_enable)
libopencm3/lib/libopencm3_stm32l0.a(spi_common_v1.o)
                              sensor/obj/rfm.o (spi_init_master)
libopencm3/lib/libopencm3_stm32l0.a(timer_common_all.o)
                              sensor/obj/timers.o (timer_enable_counter)
libopencm3/lib/libopencm3_stm32l0.a(usart_common_all.o)
                              sensor/obj/serial_printf.o (usart_set_baudrate)
libopencm3/lib/libopencm3_stm32l0.a(usart_common_v2.o)
                              libopencm3/lib/libopencm3_stm32l0.a(usart_common_all.o) (usart_send)
libopencm3/lib/libopencm3_stm32l0.a(vector.o)
                              (reset_handler)
libopencm3/lib/libopencm3_stm32l0.a(nvic.o)
                              sensor/obj/battery.o (nvic_enable_irq)
libopencm3/lib/libopencm3_stm32l0.a(assert.o)
                              libopencm3/lib/libopencm3_stm32l0.a(rcc.o) (cm3_assert_failed)
/usr/local/Cellar/arm-gcc-bin/9-2020-q2-update/bin/../lib/gcc/arm-none-eabi/9.3.1/../../../../arm-none-eabi/lib/thumb/v6-m/nofp/libc_nano.a(lib_a-memcpy-stub.o)
                              sensor/obj/sensor_test.o (memcpy)
/usr/local/Cellar/arm-gcc-bin/9-2020-q2-update/bin/../lib/gcc/arm-none-eabi/9.3.1/thumb/v6-m/nofp/libgcc.a(_thumb1_case_uqi.o)
                              libopencm3/lib/libopencm3_stm32l0.a(rcc.o) (__gnu_thumb1_case_uqi)
/usr/local/Cellar/arm-gcc-bin/9-2020-q2-update/bin/../lib/gcc/arm-none-eabi/9.3.1/thumb/v6-m/nofp/libgcc.a(_thumb1_case_shi.o)
                              sensor/obj/printf.o (__gnu_thumb1_case_shi)
/usr/local/Cellar/arm-gcc-bin/9-2020-q2-update/bin/../lib/gcc/arm-none-eabi/9.3.1/thumb/v6-m/nofp/libgcc.a(_udivsi3.o)
                              sensor/obj/battery.o (__aeabi_uidiv)
/usr/local/Cellar/arm-gcc-bin/9-2020-q2-update/bin/../lib/gcc/arm-none-eabi/9.3.1/thumb/v6-m/nofp/libgcc.a(_divsi3.o)
                              sensor/obj/tmp112.o (__aeabi_idiv)
/usr/local/Cellar/arm-gcc-bin/9-2020-q2-update/bin/../lib/gcc/arm-none-eabi/9.3.1/thumb/v6-m/nofp/libgcc.a(_dvmd_tls.o)
                              /usr/local/Cellar/arm-gcc-bin/9-2020-q2-update/bin/../lib/gcc/arm-none-eabi/9.3.1/thumb/v6-m/nofp/libgcc.a(_udivsi3.o) (__aeabi_idiv0)
/usr/local/Cellar/arm-gcc-bin/9-2020-q2-update/bin/../lib/gcc/arm-none-eabi/9.3.1/thumb/v6-m/nofp/libgcc.a(_arm_cmpdf2.o)
                              sensor/obj/printf.o (__aeabi_dcmpeq)
/usr/local/Cellar/arm-gcc-bin/9-2020-q2-update/bin/../lib/gcc/arm-none-eabi/9.3.1/thumb/v6-m/nofp/libgcc.a(_fixunsdfsi.o)
                              sensor/obj/printf.o (__aeabi_d2uiz)
/usr/local/Cellar/arm-gcc-bin/9-2020-q2-update/bin/../lib/gcc/arm-none-eabi/9.3.1/thumb/v6-m/nofp/libgcc.a(eqdf2.o)
                              /usr/local/Cellar/arm-gcc-bin/9-2020-q2-update/bin/../lib/gcc/arm-none-eabi/9.3.1/thumb/v6-m/nofp/libgcc.a(_arm_cmpdf2.o) (__eqdf2)
/usr/local/Cellar/arm-gcc-bin/9-2020-q2-update/bin/../lib/gcc/arm-none-eabi/9.3.1/thumb/v6-m/nofp/libgcc.a(gedf2.o)
[...]
Memory Configuration

Name             Origin             Length             Attributes
ram              0x0000000020000000 0x0000000000002000 xrw
rom              0x0000000008000000 0x0000000000004000 xr
*default*        0x0000000000000000 0xffffffffffffffff

Linker script and memory map

LOAD sensor/obj/sensor_bootloader.o
LOAD sensor/obj/sensor_test.o
LOAD sensor/obj/si7051.o
LOAD sensor/obj/tmp112.o
LOAD sensor/obj/aes.o
LOAD sensor/obj/battery.o
LOAD sensor/obj/bootloader_utils.o
LOAD sensor/obj/memory.o
LOAD sensor/obj/printf.o
LOAD sensor/obj/reset.o
LOAD sensor/obj/rf_scan.o
LOAD sensor/obj/rfm.o
LOAD sensor/obj/serial_printf.o
LOAD sensor/obj/testing.o
LOAD sensor/obj/timers.o
LOAD libopencm3/lib/libopencm3_stm32l0.a
START GROUP
LOAD /usr/local/Cellar/arm-gcc-bin/9-2020-q2-update/bin/../lib/gcc/arm-none-eabi/9.3.1/../../../../arm-none-eabi/lib/thumb/v6-m/nofp/libc_nano.a
LOAD /usr/local/Cellar/arm-gcc-bin/9-2020-q2-update/bin/../lib/gcc/arm-none-eabi/9.3.1/thumb/v6-m/nofp/libgcc.a
LOAD /usr/local/Cellar/arm-gcc-bin/9-2020-q2-update/bin/../lib/gcc/arm-none-eabi/9.3.1/../../../../arm-none-eabi/lib/thumb/v6-m/nofp/libnosys.a
END GROUP
START GROUP
LOAD /usr/local/Cellar/arm-gcc-bin/9-2020-q2-update/bin/../lib/gcc/arm-none-eabi/9.3.1/thumb/v6-m/nofp/libgcc.a
LOAD /usr/local/Cellar/arm-gcc-bin/9-2020-q2-update/bin/../lib/gcc/arm-none-eabi/9.3.1/../../../../arm-none-eabi/lib/thumb/v6-m/nofp/libc_nano.a
END GROUP
START GROUP
LOAD /usr/local/Cellar/arm-gcc-bin/9-2020-q2-update/bin/../lib/gcc/arm-none-eabi/9.3.1/thumb/v6-m/nofp/libgcc.a
LOAD /usr/local/Cellar/arm-gcc-bin/9-2020-q2-update/bin/../lib/gcc/arm-none-eabi/9.3.1/../../../../arm-none-eabi/lib/thumb/v6-m/nofp/libc_nano.a
END GROUP
                0x0000000000000800                _min_heap_size = 0x800
                0x0000000000000800                _min_stack_size = 0x800

.text           0x0000000008000000     0x2740
 *(.vectors)
 .vectors       0x0000000008000000       0xc0 libopencm3/lib/libopencm3_stm32l0.a(vector.o)
                0x0000000008000000                vector_table
 *(.text*)
 .text.startup.main
                0x00000000080000c0       0x14 sensor/obj/sensor_bootloader.o
                0x00000000080000c0                main
 .text._out_char_spf
                0x00000000080000d4        0xc sensor/obj/printf.o
 .text._out_rev.constprop.0
                0x00000000080000e0       0x96 sensor/obj/printf.o
 .text._ntoa_long.constprop.0
                0x0000000008000176      0x158 sensor/obj/printf.o
 *fill*         0x00000000080002ce        0x2 
 .text._vsnprintf.constprop.0
                0x00000000080002d0      0x774 sensor/obj/printf.o
 .text.vprintf_spf
                0x0000000008000a44       0x14 sensor/obj/printf.o
                0x0000000008000a44                vprintf_spf
 .text.spi_read_single
                0x0000000008000a58       0x40 sensor/obj/rfm.o
 .text.spi_write_single
                0x0000000008000a98       0x7c sensor/obj/rfm.o
 .text.exti4_15_isr
                0x0000000008000b14       0x7c sensor/obj/rfm.o
                0x0000000008000b14                exti4_15_isr
 .text.spf_init
                0x0000000008000b90       0xf4 sensor/obj/serial_printf.o
                0x0000000008000b90                spf_init
 .text.spf_serial_printf
                0x0000000008000c84       0x30 sensor/obj/serial_printf.o
                0x0000000008000c84                spf_serial_printf
 .text._putchar_spf
                0x0000000008000cb4       0x10 sensor/obj/serial_printf.o
                0x0000000008000cb4                _putchar_spf
 .text.timers_delay_microseconds
                0x0000000008000cc4       0x2c sensor/obj/timers.o
                0x0000000008000cc4                timers_delay_microseconds
 .text.timers_micros
                0x0000000008000cf0       0x10 sensor/obj/timers.o
                0x0000000008000cf0                timers_micros
 .text.timeout_init
                0x0000000008000d00       0x1c sensor/obj/timers.o
                0x0000000008000d00                timeout_init
 .text.timeout  0x0000000008000d1c       0x48 sensor/obj/timers.o
                0x0000000008000d1c                timeout
 .text.set_gpio_for_standby
                0x0000000008000d64       0xf8 sensor/obj/timers.o
                0x0000000008000d64                set_gpio_for_standby
 .text.rtc_isr  0x0000000008000e5c       0x48 sensor/obj/timers.o
                0x0000000008000e5c                rtc_isr
 .text.exti_reset_request
                0x0000000008000ea4        0xc libopencm3/lib/libopencm3_stm32l0.a(exti_common_all.o)
                0x0000000008000ea4                exti_reset_request
 .text.flash_set_ws
                0x0000000008000eb0       0x14 libopencm3/lib/libopencm3_stm32l0.a(flash_common_all.o)
                0x0000000008000eb0                flash_set_ws
 .text.gpio_set
                0x0000000008000ec4        0x4 libopencm3/lib/libopencm3_stm32l0.a(gpio_common_all.o)
                0x0000000008000ec4                gpio_set
 .text.gpio_clear
                0x0000000008000ec8        0x6 libopencm3/lib/libopencm3_stm32l0.a(gpio_common_all.o)
                0x0000000008000ec8                gpio_clear
 .text.gpio_mode_setup
                0x0000000008000ece       0x40 libopencm3/lib/libopencm3_stm32l0.a(gpio_common_f0234.o)
                0x0000000008000ece                gpio_mode_setup
 .text.gpio_set_output_options
                0x0000000008000f0e       0x3c libopencm3/lib/libopencm3_stm32l0.a(gpio_common_f0234.o)
                0x0000000008000f0e                gpio_set_output_options
 .text.gpio_set_af
                0x0000000008000f4a       0x54 libopencm3/lib/libopencm3_stm32l0.a(gpio_common_f0234.o)
                0x0000000008000f4a                gpio_set_af
 .text.lptimer_get_counter
                0x0000000008000f9e        0x6 libopencm3/lib/libopencm3_stm32l0.a(lptimer_common_all.o)
                0x0000000008000f9e                lptimer_get_counter
 .text.pwr_disable_backup_domain_write_protect
                0x0000000008000fa4       0x14 libopencm3/lib/libopencm3_stm32l0.a(pwr_common_v1.o)
                0x0000000008000fa4                pwr_disable_backup_domain_write_protect
 .text.pwr_enable_backup_domain_write_protect
                0x0000000008000fb8       0x14 libopencm3/lib/libopencm3_stm32l0.a(pwr_common_v1.o)
                0x0000000008000fb8                pwr_enable_backup_domain_write_protect
 .text.pwr_clear_standby_flag
                0x0000000008000fcc       0x10 libopencm3/lib/libopencm3_stm32l0.a(pwr_common_v1.o)
                0x0000000008000fcc                pwr_clear_standby_flag
 .text.pwr_clear_wakeup_flag
                0x0000000008000fdc       0x10 libopencm3/lib/libopencm3_stm32l0.a(pwr_common_v1.o)
                0x0000000008000fdc                pwr_clear_wakeup_flag
 .text.rcc_osc_on
                0x0000000008000fec       0x54 libopencm3/lib/libopencm3_stm32l0.a(rcc.o)
                0x0000000008000fec                rcc_osc_on
 .text.rcc_is_osc_ready
                0x0000000008001040       0x58 libopencm3/lib/libopencm3_stm32l0.a(rcc.o)
                0x0000000008001040                rcc_is_osc_ready
 .text.rcc_wait_for_osc_ready
                0x0000000008001098       0x10 libopencm3/lib/libopencm3_stm32l0.a(rcc.o)
                0x0000000008001098                rcc_wait_for_osc_ready
 .text.rcc_set_ppre1
                0x00000000080010a8       0x18 libopencm3/lib/libopencm3_stm32l0.a(rcc.o)
                0x00000000080010a8                rcc_set_ppre1
 .text.rcc_set_ppre2
                0x00000000080010c0       0x18 libopencm3/lib/libopencm3_stm32l0.a(rcc.o)
                0x00000000080010c0                rcc_set_ppre2
 .text.rcc_set_hpre
                0x00000000080010d8       0x14 libopencm3/lib/libopencm3_stm32l0.a(rcc.o)
                0x00000000080010d8                rcc_set_hpre
 .text.rcc_set_msi_range
                0x00000000080010ec       0x18 libopencm3/lib/libopencm3_stm32l0.a(rcc.o)
                0x00000000080010ec                rcc_set_msi_range
 .text.rcc_periph_clock_enable
                0x0000000008001104       0x1c libopencm3/lib/libopencm3_stm32l0.a(rcc_common_all.o)
                0x0000000008001104                rcc_periph_clock_enable
 .text.rcc_periph_reset_pulse
                0x0000000008001120       0x20 libopencm3/lib/libopencm3_stm32l0.a(rcc_common_all.o)
                0x0000000008001120                rcc_periph_reset_pulse
 .text.rtc_unlock
                0x0000000008001140       0x10 libopencm3/lib/libopencm3_stm32l0.a(rtc_common_l1f024.o)
                0x0000000008001140                rtc_unlock
 .text.rtc_lock
                0x0000000008001150        0xc libopencm3/lib/libopencm3_stm32l0.a(rtc_common_l1f024.o)
                0x0000000008001150                rtc_lock
 .text.rtc_clear_wakeup_flag
                0x000000000800115c       0x14 libopencm3/lib/libopencm3_stm32l0.a(rtc_common_l1f024.o)
                0x000000000800115c                rtc_clear_wakeup_flag
 .text.spi_xfer
                0x0000000008001170       0x10 libopencm3/lib/libopencm3_stm32l0.a(spi_common_all.o)
                0x0000000008001170                spi_xfer
 .text.usart_set_baudrate
                0x0000000008001180       0x58 libopencm3/lib/libopencm3_stm32l0.a(usart_common_all.o)
                0x0000000008001180                usart_set_baudrate
 .text.usart_set_databits
                0x00000000080011d8       0x1c libopencm3/lib/libopencm3_stm32l0.a(usart_common_all.o)
                0x00000000080011d8                usart_set_databits
 .text.usart_set_stopbits
                0x00000000080011f4       0x10 libopencm3/lib/libopencm3_stm32l0.a(usart_common_all.o)
                0x00000000080011f4                usart_set_stopbits
 .text.usart_set_parity
                0x0000000008001204       0x10 libopencm3/lib/libopencm3_stm32l0.a(usart_common_all.o)
                0x0000000008001204                usart_set_parity
 .text.usart_set_mode
                0x0000000008001214        0xc libopencm3/lib/libopencm3_stm32l0.a(usart_common_all.o)
                0x0000000008001214                usart_set_mode
 .text.usart_set_flow_control
                0x0000000008001220       0x10 libopencm3/lib/libopencm3_stm32l0.a(usart_common_all.o)
                0x0000000008001220                usart_set_flow_control
 .text.usart_enable
                0x0000000008001230        0xa libopencm3/lib/libopencm3_stm32l0.a(usart_common_all.o)
                0x0000000008001230                usart_enable
 .text.usart_disable
                0x000000000800123a        0xa libopencm3/lib/libopencm3_stm32l0.a(usart_common_all.o)
                0x000000000800123a                usart_disable
 .text.usart_send_blocking
                0x0000000008001244       0x14 libopencm3/lib/libopencm3_stm32l0.a(usart_common_all.o)
                0x0000000008001244                usart_send_blocking
 .text.usart_send
                0x0000000008001258        0x8 libopencm3/lib/libopencm3_stm32l0.a(usart_common_v2.o)
                0x0000000008001258                usart_send
 .text.usart_wait_send_ready
                0x0000000008001260        0xa libopencm3/lib/libopencm3_stm32l0.a(usart_common_v2.o)
                0x0000000008001260                usart_wait_send_ready
 .text.usart_get_flag
                0x000000000800126a        0xc libopencm3/lib/libopencm3_stm32l0.a(usart_common_v2.o)
                0x000000000800126a                usart_get_flag
 .text.blocking_handler
                0x0000000008001276        0x2 libopencm3/lib/libopencm3_stm32l0.a(vector.o)
                0x0000000008001276                exti0_1_isr
                0x0000000008001276                blocking_handler
                0x0000000008001276                tsc_isr
                0x0000000008001276                spi1_isr
                0x0000000008001276                i2c1_isr
                0x0000000008001276                i2c2_isr
                0x0000000008001276                tim21_isr
                0x0000000008001276                usart1_isr
                0x0000000008001276                i2c3_isr
                0x0000000008001276                reserved4_isr
                0x0000000008001276                exti2_3_isr
                0x0000000008001276                lptim1_isr
                0x0000000008001276                pvd_isr
                0x0000000008001276                rcc_isr
                0x0000000008001276                flash_isr
                0x0000000008001276                hard_fault_handler
                0x0000000008001276                spi2_isr
                0x0000000008001276                lpuart1_aes_rng_isr
                0x0000000008001276                usb_isr
                0x0000000008001276                tim3_isr
                0x0000000008001276                usart2_isr
                0x0000000008001276                adc_comp_isr
                0x0000000008001276                dma1_channel1_isr
                0x0000000008001276                tim6_dac_isr
                0x0000000008001276                lcd_isr
                0x0000000008001276                dma1_channel2_3_isr
                0x0000000008001276                tim22_isr
                0x0000000008001276                usart4_5_isr
                0x0000000008001276                wwdg_isr
                0x0000000008001276                tim2_isr
                0x0000000008001276                dma1_channel4_5_isr
                0x0000000008001276                tim7_isr
 .text.null_handler
                0x0000000008001278        0x2 libopencm3/lib/libopencm3_stm32l0.a(vector.o)
                0x0000000008001278                null_handler
                0x0000000008001278                sv_call_handler
                0x0000000008001278                pend_sv_handler
                0x0000000008001278                sys_tick_handler
                0x0000000008001278                nmi_handler
 *fill*         0x000000000800127a        0x2 
 .text.reset_handler
                0x000000000800127c       0x88 libopencm3/lib/libopencm3_stm32l0.a(vector.o)
                0x000000000800127c                reset_handler
 .text          0x0000000008001304       0x14 /usr/local/Cellar/arm-gcc-bin/9-2020-q2-update/bin/../lib/gcc/arm-none-eabi/9.3.1/thumb/v6-m/nofp/libgcc.a(_thumb1_case_uqi.o)
                0x0000000008001304                __gnu_thumb1_case_uqi
 .text          0x0000000008001318       0x14 /usr/local/Cellar/arm-gcc-bin/9-2020-q2-update/bin/../lib/gcc/arm-none-eabi/9.3.1/thumb/v6-m/nofp/libgcc.a(_thumb1_case_shi.o)
                0x0000000008001318                __gnu_thumb1_case_shi
 .text          0x000000000800132c      0x114 /usr/local/Cellar/arm-gcc-bin/9-2020-q2-update/bin/../lib/gcc/arm-none-eabi/9.3.1/thumb/v6-m/nofp/libgcc.a(_udivsi3.o)
                0x000000000800132c                __udivsi3
                0x000000000800132c                __aeabi_uidiv
                0x0000000008001438                __aeabi_uidivmod
 .text          0x0000000008001440      0x1d4 /usr/local/Cellar/arm-gcc-bin/9-2020-q2-update/bin/../lib/gcc/arm-none-eabi/9.3.1/thumb/v6-m/nofp/libgcc.a(_divsi3.o)
                0x0000000008001440                __aeabi_idiv
                0x0000000008001440                __divsi3
                0x000000000800160c                __aeabi_idivmod
 .text          0x0000000008001614        0x4 /usr/local/Cellar/arm-gcc-bin/9-2020-q2-update/bin/../lib/gcc/arm-none-eabi/9.3.1/thumb/v6-m/nofp/libgcc.a(_dvmd_tls.o)
                0x0000000008001614                __aeabi_ldiv0
                0x0000000008001614                __aeabi_idiv0
 .text          0x0000000008001618       0x7c /usr/local/Cellar/arm-gcc-bin/9-2020-q2-update/bin/../lib/gcc/arm-none-eabi/9.3.1/thumb/v6-m/nofp/libgcc.a(_arm_cmpdf2.o)
                0x0000000008001618                __aeabi_cdrcmple
                0x0000000008001628                __aeabi_cdcmple
                0x0000000008001628                __aeabi_cdcmpeq
                0x0000000008001638                __aeabi_dcmpeq
                0x0000000008001644                __aeabi_dcmplt
                0x0000000008001658                __aeabi_dcmple
                0x000000000800166c                __aeabi_dcmpgt
                0x0000000008001680                __aeabi_dcmpge
 .text          0x0000000008001694       0x3c /usr/local/Cellar/arm-gcc-bin/9-2020-q2-update/bin/../lib/gcc/arm-none-eabi/9.3.1/thumb/v6-m/nofp/libgcc.a(_fixunsdfsi.o)
                0x0000000008001694                __fixunsdfsi
                0x0000000008001694                __aeabi_d2uiz
 .text          0x00000000080016d0       0x78 /usr/local/Cellar/arm-gcc-bin/9-2020-q2-update/bin/../lib/gcc/arm-none-eabi/9.3.1/thumb/v6-m/nofp/libgcc.a(eqdf2.o)
                0x00000000080016d0                __eqdf2
                0x00000000080016d0                __nedf2
 .text          0x0000000008001748       0xe4 /usr/local/Cellar/arm-gcc-bin/9-2020-q2-update/bin/../lib/gcc/arm-none-eabi/9.3.1/thumb/v6-m/nofp/libgcc.a(gedf2.o)
                0x0000000008001748                __gtdf2
                0x0000000008001748                __gedf2
 .text          0x000000000800182c       0xe0 /usr/local/Cellar/arm-gcc-bin/9-2020-q2-update/bin/../lib/gcc/arm-none-eabi/9.3.1/thumb/v6-m/nofp/libgcc.a(ledf2.o)
                0x000000000800182c                __ltdf2
                0x000000000800182c                __ledf2
 .text          0x000000000800190c      0x4d8 /usr/local/Cellar/arm-gcc-bin/9-2020-q2-update/bin/../lib/gcc/arm-none-eabi/9.3.1/thumb/v6-m/nofp/libgcc.a(muldf3.o)
                0x000000000800190c                __aeabi_dmul
 .text          0x0000000008001de4      0x724 /usr/local/Cellar/arm-gcc-bin/9-2020-q2-update/bin/../lib/gcc/arm-none-eabi/9.3.1/thumb/v6-m/nofp/libgcc.a(subdf3.o)
                0x0000000008001de4                __aeabi_dsub
 .text          0x0000000008002508       0x6c /usr/local/Cellar/arm-gcc-bin/9-2020-q2-update/bin/../lib/gcc/arm-none-eabi/9.3.1/thumb/v6-m/nofp/libgcc.a(fixdfsi.o)
                0x0000000008002508                __aeabi_d2iz
 .text          0x0000000008002574       0x60 /usr/local/Cellar/arm-gcc-bin/9-2020-q2-update/bin/../lib/gcc/arm-none-eabi/9.3.1/thumb/v6-m/nofp/libgcc.a(floatsidf.o)
                0x0000000008002574                __aeabi_i2d
 .text          0x00000000080025d4       0x4c /usr/local/Cellar/arm-gcc-bin/9-2020-q2-update/bin/../lib/gcc/arm-none-eabi/9.3.1/thumb/v6-m/nofp/libgcc.a(floatunsidf.o)
                0x00000000080025d4                __aeabi_ui2d
 .text          0x0000000008002620       0x3c /usr/local/Cellar/arm-gcc-bin/9-2020-q2-update/bin/../lib/gcc/arm-none-eabi/9.3.1/thumb/v6-m/nofp/libgcc.a(_clzsi2.o)
                0x0000000008002620                __clzsi2
                0x000000000800265c                . = ALIGN (0x4)
 *(.rodata*)
 .rodata.main.str1.1
                0x000000000800265c       0x19 sensor/obj/sensor_bootloader.o
 .rodata._vsnprintf.constprop.0.str1.1
                0x0000000008002675       0x12 sensor/obj/printf.o
 *fill*         0x0000000008002687        0x1 
 .rodata.pow10.4171
                0x0000000008002688       0x50 sensor/obj/printf.o
 .rodata.spi_write_single.str1.1
                0x00000000080026d8        0xe sensor/obj/rfm.o
 .rodata.timeout.str1.1
                0x00000000080026e6       0x11 sensor/obj/timers.o
 .rodata.rtc_isr.str1.1
                0x00000000080026f7        0x9 sensor/obj/timers.o
 .rodata        0x0000000008002700       0x40 /usr/local/Cellar/arm-gcc-bin/9-2020-q2-update/bin/../lib/gcc/arm-none-eabi/9.3.1/thumb/v6-m/nofp/libgcc.a(muldf3.o)
                0x0000000008002740                . = ALIGN (0x4)

.glue_7         0x0000000008002740        0x0
 .glue_7        0x0000000008002740        0x0 linker stubs

.glue_7t        0x0000000008002740        0x0
 .glue_7t       0x0000000008002740        0x0 linker stubs

.vfp11_veneer   0x0000000008002740        0x0
 .vfp11_veneer  0x0000000008002740        0x0 linker stubs

.v4_bx          0x0000000008002740        0x0
 .v4_bx         0x0000000008002740        0x0 linker stubs

.iplt           0x0000000008002740        0x0
 .iplt          0x0000000008002740        0x0 sensor/obj/sensor_bootloader.o

.rel.dyn        0x0000000008002740        0x0
 .rel.iplt      0x0000000008002740        0x0 sensor/obj/sensor_bootloader.o

.preinit_array  0x0000000008002740        0x0
                0x0000000008002740                . = ALIGN (0x4)
                0x0000000008002740                __preinit_array_start = .
 *(.preinit_array)
                0x0000000008002740                __preinit_array_end = .

.init_array     0x0000000008002740        0x0
                0x0000000008002740                . = ALIGN (0x4)
                0x0000000008002740                __init_array_start = .
 *(SORT_BY_NAME(.init_array.*))
 *(.init_array)
                0x0000000008002740                __init_array_end = .

.fini_array     0x0000000008002740        0x0
                0x0000000008002740                . = ALIGN (0x4)
                0x0000000008002740                __fini_array_start = .
 *(.fini_array)
 *(SORT_BY_NAME(.fini_array.*))
                0x0000000008002740                __fini_array_end = .

.ARM.extab
 *(.ARM.extab*)

.ARM.exidx      0x0000000008002740        0x0
                0x0000000008002740                __exidx_start = .
 *(.ARM.exidx*)
                0x0000000008002740                __exidx_end = .
                0x0000000008002740                . = ALIGN (0x4)
                0x0000000008002740                _etext = .

.data           0x0000000020000000        0xc load address 0x0000000008002740
                0x0000000020000000                _data = .
 *(.data*)
 .data.rcc_ahb_frequency
                0x0000000020000000        0x4 libopencm3/lib/libopencm3_stm32l0.a(rcc.o)
                0x0000000020000000                rcc_ahb_frequency
 .data.rcc_apb1_frequency
                0x0000000020000004        0x4 libopencm3/lib/libopencm3_stm32l0.a(rcc.o)
                0x0000000020000004                rcc_apb1_frequency
 .data.rcc_apb2_frequency
                0x0000000020000008        0x4 libopencm3/lib/libopencm3_stm32l0.a(rcc.o)
                0x0000000020000008                rcc_apb2_frequency
                0x000000002000000c                . = ALIGN (0x4)
                0x000000002000000c                _edata = .
                0x0000000008002740                _data_loadaddr = LOADADDR (.data)

.igot.plt       0x000000002000000c        0x0 load address 0x000000000800274c
 .igot.plt      0x000000002000000c        0x0 sensor/obj/sensor_bootloader.o

.bss            0x000000002000000c      0x18c load address 0x000000000800274c
 *(.bss*)
 .bss.packets_buf
                0x000000002000000c      0x180 sensor/obj/rfm.o
 .bss.packets_head
                0x000000002000018c        0x1 sensor/obj/rfm.o
 *fill*         0x000000002000018d        0x3 
 .bss.timeout_counter
                0x0000000020000190        0x4 sensor/obj/timers.o
 .bss.timeout_timer
                0x0000000020000194        0x2 sensor/obj/timers.o
 *(COMMON)
                0x0000000020000198                . = ALIGN (0x4)
 *fill*         0x0000000020000196        0x2 
                0x0000000020000198                _ebss = .
                0x0000000020000198                . = ALIGN (0x4)
                [!provide]                        PROVIDE (end = .)

._user_heap_stack
                0x0000000020000198     0x1000 load address 0x000000000800274c
                0x0000000020000198                . = ALIGN (0x8)
                0x0000000020000998                . = (. + _min_heap_size)
 *fill*         0x0000000020000198      0x800 
                0x0000000020001198                . = (. + _min_stack_size)
 *fill*         0x0000000020000998      0x800 
                0x0000000020001198                . = ALIGN (0x8)

/DISCARD/
 *(.eh_frame)
 libc.a(*)
 libm.a(*)
 libgcc.a(*)

.ARM.attributes
                0x0000000000000000       0x2c
 *(.ARM.attributes)
 .ARM.attributes
                0x0000000000000000       0x2c sensor/obj/sensor_bootloader.o
 .ARM.attributes
                0x000000000000002c       0x2c sensor/obj/printf.o
 .ARM.attributes
                0x0000000000000058       0x2c sensor/obj/rfm.o
 .ARM.attributes
                0x0000000000000084       0x2c sensor/obj/serial_printf.o
 .ARM.attributes
                0x00000000000000b0       0x2c sensor/obj/timers.o
 .ARM.attributes
                0x00000000000000dc       0x2c libopencm3/lib/libopencm3_stm32l0.a(exti_common_all.o)
 .ARM.attributes
                0x0000000000000108       0x2c libopencm3/lib/libopencm3_stm32l0.a(flash_common_all.o)
 .ARM.attributes
                0x0000000000000134       0x2c libopencm3/lib/libopencm3_stm32l0.a(gpio_common_all.o)
 .ARM.attributes
                0x0000000000000160       0x2c libopencm3/lib/libopencm3_stm32l0.a(gpio_common_f0234.o)
 .ARM.attributes
                0x000000000000018c       0x2c libopencm3/lib/libopencm3_stm32l0.a(lptimer_common_all.o)
 .ARM.attributes
                0x00000000000001b8       0x2c libopencm3/lib/libopencm3_stm32l0.a(pwr_common_v1.o)
 .ARM.attributes
                0x00000000000001e4       0x2c libopencm3/lib/libopencm3_stm32l0.a(rcc.o)
 .ARM.attributes
                0x0000000000000210       0x2c libopencm3/lib/libopencm3_stm32l0.a(rcc_common_all.o)
 .ARM.attributes
                0x000000000000023c       0x2c libopencm3/lib/libopencm3_stm32l0.a(rtc_common_l1f024.o)
 .ARM.attributes
                0x0000000000000268       0x2c libopencm3/lib/libopencm3_stm32l0.a(spi_common_all.o)
 .ARM.attributes
                0x0000000000000294       0x2c libopencm3/lib/libopencm3_stm32l0.a(usart_common_all.o)
 .ARM.attributes
                0x00000000000002c0       0x2c libopencm3/lib/libopencm3_stm32l0.a(usart_common_v2.o)
 .ARM.attributes
                0x00000000000002ec       0x2c libopencm3/lib/libopencm3_stm32l0.a(vector.o)
 .ARM.attributes
                0x0000000000000318       0x1e /usr/local/Cellar/arm-gcc-bin/9-2020-q2-update/bin/../lib/gcc/arm-none-eabi/9.3.1/thumb/v6-m/nofp/libgcc.a(_thumb1_case_uqi.o)
 .ARM.attributes
                0x0000000000000336       0x1e /usr/local/Cellar/arm-gcc-bin/9-2020-q2-update/bin/../lib/gcc/arm-none-eabi/9.3.1/thumb/v6-m/nofp/libgcc.a(_thumb1_case_shi.o)
 .ARM.attributes
                0x0000000000000354       0x1e /usr/local/Cellar/arm-gcc-bin/9-2020-q2-update/bin/../lib/gcc/arm-none-eabi/9.3.1/thumb/v6-m/nofp/libgcc.a(_udivsi3.o)
 .ARM.attributes
                0x0000000000000372       0x1e /usr/local/Cellar/arm-gcc-bin/9-2020-q2-update/bin/../lib/gcc/arm-none-eabi/9.3.1/thumb/v6-m/nofp/libgcc.a(_divsi3.o)
 .ARM.attributes
                0x0000000000000390       0x1e /usr/local/Cellar/arm-gcc-bin/9-2020-q2-update/bin/../lib/gcc/arm-none-eabi/9.3.1/thumb/v6-m/nofp/libgcc.a(_dvmd_tls.o)
 .ARM.attributes
                0x00000000000003ae       0x1e /usr/local/Cellar/arm-gcc-bin/9-2020-q2-update/bin/../lib/gcc/arm-none-eabi/9.3.1/thumb/v6-m/nofp/libgcc.a(_arm_cmpdf2.o)
 .ARM.attributes
                0x00000000000003cc       0x2c /usr/local/Cellar/arm-gcc-bin/9-2020-q2-update/bin/../lib/gcc/arm-none-eabi/9.3.1/thumb/v6-m/nofp/libgcc.a(_fixunsdfsi.o)
 .ARM.attributes
                0x00000000000003f8       0x2c /usr/local/Cellar/arm-gcc-bin/9-2020-q2-update/bin/../lib/gcc/arm-none-eabi/9.3.1/thumb/v6-m/nofp/libgcc.a(eqdf2.o)
 .ARM.attributes
                0x0000000000000424       0x2c /usr/local/Cellar/arm-gcc-bin/9-2020-q2-update/bin/../lib/gcc/arm-none-eabi/9.3.1/thumb/v6-m/nofp/libgcc.a(gedf2.o)
 .ARM.attributes
                0x0000000000000450       0x2c /usr/local/Cellar/arm-gcc-bin/9-2020-q2-update/bin/../lib/gcc/arm-none-eabi/9.3.1/thumb/v6-m/nofp/libgcc.a(ledf2.o)
 .ARM.attributes
                0x000000000000047c       0x2c /usr/local/Cellar/arm-gcc-bin/9-2020-q2-update/bin/../lib/gcc/arm-none-eabi/9.3.1/thumb/v6-m/nofp/libgcc.a(muldf3.o)
 .ARM.attributes
                0x00000000000004a8       0x2c /usr/local/Cellar/arm-gcc-bin/9-2020-q2-update/bin/../lib/gcc/arm-none-eabi/9.3.1/thumb/v6-m/nofp/libgcc.a(subdf3.o)
 .ARM.attributes
                0x00000000000004d4       0x2c /usr/local/Cellar/arm-gcc-bin/9-2020-q2-update/bin/../lib/gcc/arm-none-eabi/9.3.1/thumb/v6-m/nofp/libgcc.a(fixdfsi.o)
 .ARM.attributes
                0x0000000000000500       0x2c /usr/local/Cellar/arm-gcc-bin/9-2020-q2-update/bin/../lib/gcc/arm-none-eabi/9.3.1/thumb/v6-m/nofp/libgcc.a(floatsidf.o)
 .ARM.attributes
                0x000000000000052c       0x2c /usr/local/Cellar/arm-gcc-bin/9-2020-q2-update/bin/../lib/gcc/arm-none-eabi/9.3.1/thumb/v6-m/nofp/libgcc.a(floatunsidf.o)
 .ARM.attributes
                0x0000000000000558       0x1e /usr/local/Cellar/arm-gcc-bin/9-2020-q2-update/bin/../lib/gcc/arm-none-eabi/9.3.1/thumb/v6-m/nofp/libgcc.a(_clzsi2.o)
                0x0000000020002000                PROVIDE (_stack = (ORIGIN (ram) + LENGTH (ram)))
OUTPUT(sensor/bin/sensor_bootloader.elf elf32-littlearm)
LOAD linker stubs
LOAD /usr/local/Cellar/arm-gcc-bin/9-2020-q2-update/bin/../lib/gcc/arm-none-eabi/9.3.1/../../../../arm-none-eabi/lib/thumb/v6-m/nofp/libc.a
LOAD /usr/local/Cellar/arm-gcc-bin/9-2020-q2-update/bin/../lib/gcc/arm-none-eabi/9.3.1/../../../../arm-none-eabi/lib/thumb/v6-m/nofp/libm.a
LOAD /usr/local/Cellar/arm-gcc-bin/9-2020-q2-update/bin/../lib/gcc/arm-none-eabi/9.3.1/thumb/v6-m/nofp/libgcc.a

.comment        0x0000000000000000       0x4c
 .comment       0x0000000000000000       0x4c sensor/obj/sensor_bootloader.o
                                         0x4d (size before relaxing)
 .comment       0x000000000000004c       0x4d sensor/obj/printf.o
 .comment       0x000000000000004c       0x4d sensor/obj/rfm.o
 .comment       0x000000000000004c       0x4d sensor/obj/serial_printf.o
 .comment       0x000000000000004c       0x4d sensor/obj/timers.o
 .comment       0x000000000000004c       0x4d libopencm3/lib/libopencm3_stm32l0.a(exti_common_all.o)
 .comment       0x000000000000004c       0x4d libopencm3/lib/libopencm3_stm32l0.a(flash_common_all.o)
 .comment       0x000000000000004c       0x4d libopencm3/lib/libopencm3_stm32l0.a(gpio_common_all.o)
 .comment       0x000000000000004c       0x4d libopencm3/lib/libopencm3_stm32l0.a(gpio_common_f0234.o)
 .comment       0x000000000000004c       0x4d libopencm3/lib/libopencm3_stm32l0.a(lptimer_common_all.o)
 .comment       0x000000000000004c       0x4d libopencm3/lib/libopencm3_stm32l0.a(pwr_common_v1.o)
 .comment       0x000000000000004c       0x4d libopencm3/lib/libopencm3_stm32l0.a(rcc.o)
 .comment       0x000000000000004c       0x4d libopencm3/lib/libopencm3_stm32l0.a(rcc_common_all.o)
 .comment       0x000000000000004c       0x4d libopencm3/lib/libopencm3_stm32l0.a(rtc_common_l1f024.o)
 .comment       0x000000000000004c       0x4d libopencm3/lib/libopencm3_stm32l0.a(spi_common_all.o)
 .comment       0x000000000000004c       0x4d libopencm3/lib/libopencm3_stm32l0.a(usart_common_all.o)
 .comment       0x000000000000004c       0x4d libopencm3/lib/libopencm3_stm32l0.a(usart_common_v2.o)
 .comment       0x000000000000004c       0x4d libopencm3/lib/libopencm3_stm32l0.a(vector.o)

.debug_info     0x0000000000000000     0x371c
 .debug_info    0x0000000000000000      0x241 libopencm3/lib/libopencm3_stm32l0.a(exti_common_all.o)
 .debug_info    0x0000000000000241       0xf6 libopencm3/lib/libopencm3_stm32l0.a(flash_common_all.o)
 .debug_info    0x0000000000000337      0x266 libopencm3/lib/libopencm3_stm32l0.a(gpio_common_all.o)
 .debug_info    0x000000000000059d      0x257 libopencm3/lib/libopencm3_stm32l0.a(gpio_common_f0234.o)
 .debug_info    0x00000000000007f4      0x47f libopencm3/lib/libopencm3_stm32l0.a(lptimer_common_all.o)
 .debug_info    0x0000000000000c73      0x1c2 libopencm3/lib/libopencm3_stm32l0.a(pwr_common_v1.o)
 .debug_info    0x0000000000000e35      0xbbd libopencm3/lib/libopencm3_stm32l0.a(rcc.o)
 .debug_info    0x00000000000019f2      0x648 libopencm3/lib/libopencm3_stm32l0.a(rcc_common_all.o)
 .debug_info    0x000000000000203a      0x17a libopencm3/lib/libopencm3_stm32l0.a(rtc_common_l1f024.o)
 .debug_info    0x00000000000021b4      0x9bf libopencm3/lib/libopencm3_stm32l0.a(spi_common_all.o)
 .debug_info    0x0000000000002b73      0x525 libopencm3/lib/libopencm3_stm32l0.a(usart_common_all.o)
 .debug_info    0x0000000000003098      0x3a8 libopencm3/lib/libopencm3_stm32l0.a(usart_common_v2.o)
 .debug_info    0x0000000000003440      0x2dc libopencm3/lib/libopencm3_stm32l0.a(vector.o)

.debug_abbrev   0x0000000000000000      0xf9a
 .debug_abbrev  0x0000000000000000      0x102 libopencm3/lib/libopencm3_stm32l0.a(exti_common_all.o)
 .debug_abbrev  0x0000000000000102       0x97 libopencm3/lib/libopencm3_stm32l0.a(flash_common_all.o)
 .debug_abbrev  0x0000000000000199      0x116 libopencm3/lib/libopencm3_stm32l0.a(gpio_common_all.o)
 .debug_abbrev  0x00000000000002af       0xbf libopencm3/lib/libopencm3_stm32l0.a(gpio_common_f0234.o)
 .debug_abbrev  0x000000000000036e      0x107 libopencm3/lib/libopencm3_stm32l0.a(lptimer_common_all.o)
 .debug_abbrev  0x0000000000000475       0xa2 libopencm3/lib/libopencm3_stm32l0.a(pwr_common_v1.o)
 .debug_abbrev  0x0000000000000517      0x302 libopencm3/lib/libopencm3_stm32l0.a(rcc.o)
 .debug_abbrev  0x0000000000000819      0x14c libopencm3/lib/libopencm3_stm32l0.a(rcc_common_all.o)
 .debug_abbrev  0x0000000000000965       0xa0 libopencm3/lib/libopencm3_stm32l0.a(rtc_common_l1f024.o)
 .debug_abbrev  0x0000000000000a05      0x1e6 libopencm3/lib/libopencm3_stm32l0.a(spi_common_all.o)
 .debug_abbrev  0x0000000000000beb      0x142 libopencm3/lib/libopencm3_stm32l0.a(usart_common_all.o)
 .debug_abbrev  0x0000000000000d2d      0x128 libopencm3/lib/libopencm3_stm32l0.a(usart_common_v2.o)
 .debug_abbrev  0x0000000000000e55      0x145 libopencm3/lib/libopencm3_stm32l0.a(vector.o)

.debug_loc      0x0000000000000000     0x12a7
 .debug_loc     0x0000000000000000      0x17d libopencm3/lib/libopencm3_stm32l0.a(exti_common_all.o)
 .debug_loc     0x000000000000017d       0x15 libopencm3/lib/libopencm3_stm32l0.a(flash_common_all.o)
 .debug_loc     0x0000000000000192       0xbe libopencm3/lib/libopencm3_stm32l0.a(gpio_common_all.o)
 .debug_loc     0x0000000000000250      0x255 libopencm3/lib/libopencm3_stm32l0.a(gpio_common_f0234.o)
 .debug_loc     0x00000000000004a5      0x110 libopencm3/lib/libopencm3_stm32l0.a(lptimer_common_all.o)
 .debug_loc     0x00000000000005b5       0x25 libopencm3/lib/libopencm3_stm32l0.a(pwr_common_v1.o)
 .debug_loc     0x00000000000005da      0x65b libopencm3/lib/libopencm3_stm32l0.a(rcc.o)
 .debug_loc     0x0000000000000c35       0x94 libopencm3/lib/libopencm3_stm32l0.a(rcc_common_all.o)
 .debug_loc     0x0000000000000cc9       0x94 libopencm3/lib/libopencm3_stm32l0.a(rtc_common_l1f024.o)
 .debug_loc     0x0000000000000d5d      0x188 libopencm3/lib/libopencm3_stm32l0.a(spi_common_all.o)
 .debug_loc     0x0000000000000ee5      0x1cc libopencm3/lib/libopencm3_stm32l0.a(usart_common_all.o)
 .debug_loc     0x00000000000010b1       0xdb libopencm3/lib/libopencm3_stm32l0.a(usart_common_v2.o)
 .debug_loc     0x000000000000118c      0x11b libopencm3/lib/libopencm3_stm32l0.a(vector.o)

.debug_aranges  0x0000000000000000      0x6c0
 .debug_aranges
                0x0000000000000000       0x48 libopencm3/lib/libopencm3_stm32l0.a(exti_common_all.o)
 .debug_aranges
                0x0000000000000048       0x38 libopencm3/lib/libopencm3_stm32l0.a(flash_common_all.o)
 .debug_aranges
                0x0000000000000080       0x50 libopencm3/lib/libopencm3_stm32l0.a(gpio_common_all.o)
 .debug_aranges
                0x00000000000000d0       0x30 libopencm3/lib/libopencm3_stm32l0.a(gpio_common_f0234.o)
 .debug_aranges
                0x0000000000000100       0xb8 libopencm3/lib/libopencm3_stm32l0.a(lptimer_common_all.o)
 .debug_aranges
                0x00000000000001b8       0x90 libopencm3/lib/libopencm3_stm32l0.a(pwr_common_v1.o)
 .debug_aranges
                0x0000000000000248       0xd0 libopencm3/lib/libopencm3_stm32l0.a(rcc.o)
 .debug_aranges
                0x0000000000000318       0x58 libopencm3/lib/libopencm3_stm32l0.a(rcc_common_all.o)
 .debug_aranges
                0x0000000000000370       0x48 libopencm3/lib/libopencm3_stm32l0.a(rtc_common_l1f024.o)
 .debug_aranges
                0x00000000000003b8      0x178 libopencm3/lib/libopencm3_stm32l0.a(spi_common_all.o)
 .debug_aranges
                0x0000000000000530       0xb8 libopencm3/lib/libopencm3_stm32l0.a(usart_common_all.o)
 .debug_aranges
                0x00000000000005e8       0xa8 libopencm3/lib/libopencm3_stm32l0.a(usart_common_v2.o)
 .debug_aranges
                0x0000000000000690       0x30 libopencm3/lib/libopencm3_stm32l0.a(vector.o)

.debug_ranges   0x0000000000000000      0x6b8
 .debug_ranges  0x0000000000000000       0x60 libopencm3/lib/libopencm3_stm32l0.a(exti_common_all.o)
 .debug_ranges  0x0000000000000060       0x28 libopencm3/lib/libopencm3_stm32l0.a(flash_common_all.o)
 .debug_ranges  0x0000000000000088       0x40 libopencm3/lib/libopencm3_stm32l0.a(gpio_common_all.o)
 .debug_ranges  0x00000000000000c8       0x20 libopencm3/lib/libopencm3_stm32l0.a(gpio_common_f0234.o)
 .debug_ranges  0x00000000000000e8       0xa8 libopencm3/lib/libopencm3_stm32l0.a(lptimer_common_all.o)
 .debug_ranges  0x0000000000000190       0x80 libopencm3/lib/libopencm3_stm32l0.a(pwr_common_v1.o)
 .debug_ranges  0x0000000000000210      0x148 libopencm3/lib/libopencm3_stm32l0.a(rcc.o)
 .debug_ranges  0x0000000000000358       0x48 libopencm3/lib/libopencm3_stm32l0.a(rcc_common_all.o)
 .debug_ranges  0x00000000000003a0       0x38 libopencm3/lib/libopencm3_stm32l0.a(rtc_common_l1f024.o)
 .debug_ranges  0x00000000000003d8      0x180 libopencm3/lib/libopencm3_stm32l0.a(spi_common_all.o)
 .debug_ranges  0x0000000000000558       0xa8 libopencm3/lib/libopencm3_stm32l0.a(usart_common_all.o)
 .debug_ranges  0x0000000000000600       0x98 libopencm3/lib/libopencm3_stm32l0.a(usart_common_v2.o)
 .debug_ranges  0x0000000000000698       0x20 libopencm3/lib/libopencm3_stm32l0.a(vector.o)

.debug_macro    0x0000000000000000     0x275d
 .debug_macro   0x0000000000000000      0x10f libopencm3/lib/libopencm3_stm32l0.a(exti_common_all.o)
 .debug_macro   0x000000000000010f       0xee libopencm3/lib/libopencm3_stm32l0.a(exti_common_all.o)
 .debug_macro   0x00000000000001fd       0x28 libopencm3/lib/libopencm3_stm32l0.a(exti_common_all.o)
 .debug_macro   0x0000000000000225       0x76 libopencm3/lib/libopencm3_stm32l0.a(exti_common_all.o)
 .debug_macro   0x000000000000029b      0x2e6 libopencm3/lib/libopencm3_stm32l0.a(exti_common_all.o)
 .debug_macro   0x0000000000000581      0x14e libopencm3/lib/libopencm3_stm32l0.a(exti_common_all.o)
 .debug_macro   0x00000000000006cf       0x40 libopencm3/lib/libopencm3_stm32l0.a(exti_common_all.o)
 .debug_macro   0x000000000000070f      0x13c libopencm3/lib/libopencm3_stm32l0.a(exti_common_all.o)
 .debug_macro   0x000000000000084b       0xbc libopencm3/lib/libopencm3_stm32l0.a(flash_common_all.o)
 .debug_macro   0x0000000000000907      0x166 libopencm3/lib/libopencm3_stm32l0.a(flash_common_all.o)
 .debug_macro   0x0000000000000a6d       0x40 libopencm3/lib/libopencm3_stm32l0.a(flash_common_all.o)
 .debug_macro   0x0000000000000aad       0xd6 libopencm3/lib/libopencm3_stm32l0.a(gpio_common_all.o)
 .debug_macro   0x0000000000000b83       0xd6 libopencm3/lib/libopencm3_stm32l0.a(gpio_common_f0234.o)
 .debug_macro   0x0000000000000c59       0xb9 libopencm3/lib/libopencm3_stm32l0.a(lptimer_common_all.o)
 .debug_macro   0x0000000000000d12      0x28a libopencm3/lib/libopencm3_stm32l0.a(lptimer_common_all.o)
 .debug_macro   0x0000000000000f9c       0xc2 libopencm3/lib/libopencm3_stm32l0.a(pwr_common_v1.o)
 .debug_macro   0x000000000000105e      0x113 libopencm3/lib/libopencm3_stm32l0.a(rcc.o)
 .debug_macro   0x0000000000001171       0x16 libopencm3/lib/libopencm3_stm32l0.a(rcc.o)
 .debug_macro   0x0000000000001187       0xfa libopencm3/lib/libopencm3_stm32l0.a(rcc_common_all.o)
 .debug_macro   0x0000000000001281       0xb3 libopencm3/lib/libopencm3_stm32l0.a(rtc_common_l1f024.o)
 .debug_macro   0x0000000000001334      0x533 libopencm3/lib/libopencm3_stm32l0.a(rtc_common_l1f024.o)
 .debug_macro   0x0000000000001867      0x109 libopencm3/lib/libopencm3_stm32l0.a(spi_common_all.o)
 .debug_macro   0x0000000000001970      0x2eb libopencm3/lib/libopencm3_stm32l0.a(spi_common_all.o)
 .debug_macro   0x0000000000001c5b       0x16 libopencm3/lib/libopencm3_stm32l0.a(spi_common_all.o)
 .debug_macro   0x0000000000001c71       0x22 libopencm3/lib/libopencm3_stm32l0.a(spi_common_all.o)
 .debug_macro   0x0000000000001c93      0x105 libopencm3/lib/libopencm3_stm32l0.a(usart_common_all.o)
 .debug_macro   0x0000000000001d98       0x94 libopencm3/lib/libopencm3_stm32l0.a(usart_common_all.o)
 .debug_macro   0x0000000000001e2c      0x4cd libopencm3/lib/libopencm3_stm32l0.a(usart_common_all.o)
 .debug_macro   0x00000000000022f9       0x22 libopencm3/lib/libopencm3_stm32l0.a(usart_common_all.o)
 .debug_macro   0x000000000000231b       0xc1 libopencm3/lib/libopencm3_stm32l0.a(usart_common_v2.o)
 .debug_macro   0x00000000000023dc       0xcf libopencm3/lib/libopencm3_stm32l0.a(vector.o)
 .debug_macro   0x00000000000024ab      0x19f libopencm3/lib/libopencm3_stm32l0.a(vector.o)
 .debug_macro   0x000000000000264a       0x49 libopencm3/lib/libopencm3_stm32l0.a(vector.o)
 .debug_macro   0x0000000000002693       0xca libopencm3/lib/libopencm3_stm32l0.a(vector.o)

.debug_line     0x0000000000000000     0x4adf
 .debug_line    0x0000000000000000      0x502 libopencm3/lib/libopencm3_stm32l0.a(exti_common_all.o)
 .debug_line    0x0000000000000502      0x392 libopencm3/lib/libopencm3_stm32l0.a(flash_common_all.o)
 .debug_line    0x0000000000000894      0x427 libopencm3/lib/libopencm3_stm32l0.a(gpio_common_all.o)
 .debug_line    0x0000000000000cbb      0x503 libopencm3/lib/libopencm3_stm32l0.a(gpio_common_f0234.o)
 .debug_line    0x00000000000011be      0x5a8 libopencm3/lib/libopencm3_stm32l0.a(lptimer_common_all.o)
 .debug_line    0x0000000000001766      0x4f0 libopencm3/lib/libopencm3_stm32l0.a(pwr_common_v1.o)
 .debug_line    0x0000000000001c56      0xa96 libopencm3/lib/libopencm3_stm32l0.a(rcc.o)
 .debug_line    0x00000000000026ec      0x474 libopencm3/lib/libopencm3_stm32l0.a(rcc_common_all.o)
 .debug_line    0x0000000000002b60      0x44f libopencm3/lib/libopencm3_stm32l0.a(rtc_common_l1f024.o)
 .debug_line    0x0000000000002faf      0xa96 libopencm3/lib/libopencm3_stm32l0.a(spi_common_all.o)
 .debug_line    0x0000000000003a45      0x6a7 libopencm3/lib/libopencm3_stm32l0.a(usart_common_all.o)
 .debug_line    0x00000000000040ec      0x598 libopencm3/lib/libopencm3_stm32l0.a(usart_common_v2.o)
 .debug_line    0x0000000000004684      0x45b libopencm3/lib/libopencm3_stm32l0.a(vector.o)

.debug_str      0x0000000000000000    0x110ce
 .debug_str     0x0000000000000000     0x692f libopencm3/lib/libopencm3_stm32l0.a(exti_common_all.o)
                                       0x6aa0 (size before relaxing)
 .debug_str     0x000000000000692f      0x972 libopencm3/lib/libopencm3_stm32l0.a(flash_common_all.o)
                                       0x5299 (size before relaxing)
 .debug_str     0x00000000000072a1       0x8b libopencm3/lib/libopencm3_stm32l0.a(gpio_common_all.o)
                                       0x5e67 (size before relaxing)
 .debug_str     0x000000000000732c       0x95 libopencm3/lib/libopencm3_stm32l0.a(gpio_common_f0234.o)
                                       0x5e89 (size before relaxing)
 .debug_str     0x00000000000073c1     0x1100 libopencm3/lib/libopencm3_stm32l0.a(lptimer_common_all.o)
                                       0x5a6a (size before relaxing)
 .debug_str     0x00000000000084c1      0x625 libopencm3/lib/libopencm3_stm32l0.a(pwr_common_v1.o)
                                       0x4f52 (size before relaxing)
 .debug_str     0x0000000000008ae6     0x2c72 libopencm3/lib/libopencm3_stm32l0.a(rcc.o)
                                       0x83e6 (size before relaxing)
 .debug_str     0x000000000000b758      0x2f1 libopencm3/lib/libopencm3_stm32l0.a(rcc_common_all.o)
                                       0x79a4 (size before relaxing)
 .debug_str     0x000000000000ba49     0x1401 libopencm3/lib/libopencm3_stm32l0.a(rtc_common_l1f024.o)
                                       0x5d53 (size before relaxing)
 .debug_str     0x000000000000ce4a     0x1251 libopencm3/lib/libopencm3_stm32l0.a(spi_common_all.o)
                                       0x8771 (size before relaxing)
 .debug_str     0x000000000000e09b     0x1c22 libopencm3/lib/libopencm3_stm32l0.a(usart_common_all.o)
                                       0x8fb9 (size before relaxing)
 .debug_str     0x000000000000fcbd      0x190 libopencm3/lib/libopencm3_stm32l0.a(usart_common_v2.o)
                                       0x652b (size before relaxing)
 .debug_str     0x000000000000fe4d     0x1281 libopencm3/lib/libopencm3_stm32l0.a(vector.o)
                                       0x52f9 (size before relaxing)

.debug_frame    0x0000000000000000      0xf40
 .debug_frame   0x0000000000000000       0x84 libopencm3/lib/libopencm3_stm32l0.a(exti_common_all.o)
 .debug_frame   0x0000000000000084       0x50 libopencm3/lib/libopencm3_stm32l0.a(flash_common_all.o)
 .debug_frame   0x00000000000000d4       0x80 libopencm3/lib/libopencm3_stm32l0.a(gpio_common_all.o)
 .debug_frame   0x0000000000000154       0x78 libopencm3/lib/libopencm3_stm32l0.a(gpio_common_f0234.o)
 .debug_frame   0x00000000000001cc      0x150 libopencm3/lib/libopencm3_stm32l0.a(lptimer_common_all.o)
 .debug_frame   0x000000000000031c      0x100 libopencm3/lib/libopencm3_stm32l0.a(pwr_common_v1.o)
 .debug_frame   0x000000000000041c      0x1f4 libopencm3/lib/libopencm3_stm32l0.a(rcc.o)
 .debug_frame   0x0000000000000610       0xe0 libopencm3/lib/libopencm3_stm32l0.a(rcc_common_all.o)
 .debug_frame   0x00000000000006f0       0x7c libopencm3/lib/libopencm3_stm32l0.a(rtc_common_l1f024.o)
 .debug_frame   0x000000000000076c      0x2e0 libopencm3/lib/libopencm3_stm32l0.a(spi_common_all.o)
 .debug_frame   0x0000000000000a4c      0x170 libopencm3/lib/libopencm3_stm32l0.a(usart_common_all.o)
 .debug_frame   0x0000000000000bbc      0x130 libopencm3/lib/libopencm3_stm32l0.a(usart_common_v2.o)
 .debug_frame   0x0000000000000cec       0x48 libopencm3/lib/libopencm3_stm32l0.a(vector.o)
 .debug_frame   0x0000000000000d34       0x20 /usr/local/Cellar/arm-gcc-bin/9-2020-q2-update/bin/../lib/gcc/arm-none-eabi/9.3.1/thumb/v6-m/nofp/libgcc.a(_udivsi3.o)
 .debug_frame   0x0000000000000d54       0x20 /usr/local/Cellar/arm-gcc-bin/9-2020-q2-update/bin/../lib/gcc/arm-none-eabi/9.3.1/thumb/v6-m/nofp/libgcc.a(_divsi3.o)
 .debug_frame   0x0000000000000d74       0x2c /usr/local/Cellar/arm-gcc-bin/9-2020-q2-update/bin/../lib/gcc/arm-none-eabi/9.3.1/thumb/v6-m/nofp/libgcc.a(_fixunsdfsi.o)
 .debug_frame   0x0000000000000da0       0x38 /usr/local/Cellar/arm-gcc-bin/9-2020-q2-update/bin/../lib/gcc/arm-none-eabi/9.3.1/thumb/v6-m/nofp/libgcc.a(eqdf2.o)
 .debug_frame   0x0000000000000dd8       0x38 /usr/local/Cellar/arm-gcc-bin/9-2020-q2-update/bin/../lib/gcc/arm-none-eabi/9.3.1/thumb/v6-m/nofp/libgcc.a(gedf2.o)
 .debug_frame   0x0000000000000e10       0x38 /usr/local/Cellar/arm-gcc-bin/9-2020-q2-update/bin/../lib/gcc/arm-none-eabi/9.3.1/thumb/v6-m/nofp/libgcc.a(ledf2.o)
 .debug_frame   0x0000000000000e48       0x3c /usr/local/Cellar/arm-gcc-bin/9-2020-q2-update/bin/../lib/gcc/arm-none-eabi/9.3.1/thumb/v6-m/nofp/libgcc.a(muldf3.o)
 .debug_frame   0x0000000000000e84       0x3c /usr/local/Cellar/arm-gcc-bin/9-2020-q2-update/bin/../lib/gcc/arm-none-eabi/9.3.1/thumb/v6-m/nofp/libgcc.a(subdf3.o)
 .debug_frame   0x0000000000000ec0       0x2c /usr/local/Cellar/arm-gcc-bin/9-2020-q2-update/bin/../lib/gcc/arm-none-eabi/9.3.1/thumb/v6-m/nofp/libgcc.a(fixdfsi.o)
 .debug_frame   0x0000000000000eec       0x2c /usr/local/Cellar/arm-gcc-bin/9-2020-q2-update/bin/../lib/gcc/arm-none-eabi/9.3.1/thumb/v6-m/nofp/libgcc.a(floatsidf.o)
 .debug_frame   0x0000000000000f18       0x28 /usr/local/Cellar/arm-gcc-bin/9-2020-q2-update/bin/../lib/gcc/arm-none-eabi/9.3.1/thumb/v6-m/nofp/libgcc.a(floatunsidf.o)
