Archive member included to satisfy reference by file (symbol)

libopencm3/lib/libopencm3_stm32l0.a(adc_common_v2.o)
                              sensor/obj/battery.o (adc_eoc)
libopencm3/lib/libopencm3_stm32l0.a(dma_common_l1f013.o)
                              sensor/obj/battery.o (dma_channel_reset)
libopencm3/lib/libopencm3_stm32l0.a(exti_common_all.o)
                              sensor/obj/battery.o (exti_set_trigger)
libopencm3/lib/libopencm3_stm32l0.a(flash_common_all.o)
                              sensor/obj/si7051.o (flash_set_ws)
libopencm3/lib/libopencm3_stm32l0.a(flash_common_l01.o)
                              sensor/obj/memory.o (flash_unlock_pecr)
libopencm3/lib/libopencm3_stm32l0.a(gpio_common_all.o)
                              sensor/obj/rfm.o (gpio_set)
libopencm3/lib/libopencm3_stm32l0.a(gpio_common_f0234.o)
                              sensor/obj/si7051.o (gpio_mode_setup)
libopencm3/lib/libopencm3_stm32l0.a(i2c_common_v2.o)
                              sensor/obj/si7051.o (i2c_peripheral_enable)
libopencm3/lib/libopencm3_stm32l0.a(iwdg_common_all.o)
                              sensor/obj/timers.o (iwdg_start)
libopencm3/lib/libopencm3_stm32l0.a(lptimer_common_all.o)
                              sensor/obj/test.o (lptimer_get_counter)
libopencm3/lib/libopencm3_stm32l0.a(pwr_common_v1.o)
                              sensor/obj/timers.o (pwr_disable_backup_domain_write_protect)
libopencm3/lib/libopencm3_stm32l0.a(pwr_common_v2.o)
                              sensor/obj/battery.o (pwr_set_vos_scale)
libopencm3/lib/libopencm3_stm32l0.a(rcc.o)
                              sensor/obj/si7051.o (rcc_osc_on)
libopencm3/lib/libopencm3_stm32l0.a(rcc_common_all.o)
                              sensor/obj/si7051.o (rcc_periph_clock_enable)
libopencm3/lib/libopencm3_stm32l0.a(rtc_common_l1f024.o)
                              sensor/obj/timers.o (rtc_set_prescaler)
libopencm3/lib/libopencm3_stm32l0.a(spi_common_all.o)
                              sensor/obj/rfm.o (spi_enable)
libopencm3/lib/libopencm3_stm32l0.a(spi_common_v1.o)
                              sensor/obj/rfm.o (spi_init_master)
libopencm3/lib/libopencm3_stm32l0.a(timer_common_all.o)
                              sensor/obj/timers.o (timer_enable_counter)
libopencm3/lib/libopencm3_stm32l0.a(usart_common_all.o)
                              sensor/obj/log.o (usart_set_baudrate)
libopencm3/lib/libopencm3_stm32l0.a(usart_common_v2.o)
                              libopencm3/lib/libopencm3_stm32l0.a(usart_common_all.o) (usart_send)
libopencm3/lib/libopencm3_stm32l0.a(vector.o)
                              (reset_handler)
libopencm3/lib/libopencm3_stm32l0.a(nvic.o)
                              sensor/obj/battery.o (nvic_enable_irq)
libopencm3/lib/libopencm3_stm32l0.a(assert.o)
                              libopencm3/lib/libopencm3_stm32l0.a(rcc.o) (cm3_assert_failed)
/usr/local/Cellar/arm-gcc-bin/9-2020-q2-update/bin/../lib/gcc/arm-none-eabi/9.3.1/../../../../arm-none-eabi/lib/thumb/v6-m/nofp/libc_nano.a(lib_a-malloc.o)
                              sensor/obj/test.o (malloc)
/usr/local/Cellar/arm-gcc-bin/9-2020-q2-update/bin/../lib/gcc/arm-none-eabi/9.3.1/../../../../arm-none-eabi/lib/thumb/v6-m/nofp/libc_nano.a(lib_a-nano-freer.o)
                              /usr/local/Cellar/arm-gcc-bin/9-2020-q2-update/bin/../lib/gcc/arm-none-eabi/9.3.1/../../../../arm-none-eabi/lib/thumb/v6-m/nofp/libc_nano.a(lib_a-malloc.o) (_free_r)
/usr/local/Cellar/arm-gcc-bin/9-2020-q2-update/bin/../lib/gcc/arm-none-eabi/9.3.1/../../../../arm-none-eabi/lib/thumb/v6-m/nofp/libc_nano.a(lib_a-nano-mallocr.o)
                              /usr/local/Cellar/arm-gcc-bin/9-2020-q2-update/bin/../lib/gcc/arm-none-eabi/9.3.1/../../../../arm-none-eabi/lib/thumb/v6-m/nofp/libc_nano.a(lib_a-malloc.o) (_malloc_r)
/usr/local/Cellar/arm-gcc-bin/9-2020-q2-update/bin/../lib/gcc/arm-none-eabi/9.3.1/../../../../arm-none-eabi/lib/thumb/v6-m/nofp/libc_nano.a(lib_a-sbrkr.o)
                              /usr/local/Cellar/arm-gcc-bin/9-2020-q2-update/bin/../lib/gcc/arm-none-eabi/9.3.1/../../../../arm-none-eabi/lib/thumb/v6-m/nofp/libc_nano.a(lib_a-nano-mallocr.o) (_sbrk_r)
/usr/local/Cellar/arm-gcc-bin/9-2020-q2-update/bin/../lib/gcc/arm-none-eabi/9.3.1/../../../../arm-none-eabi/lib/thumb/v6-m/nofp/libc_nano.a(lib_a-impure.o)
                              /usr/local/Cellar/arm-gcc-bin/9-2020-q2-update/bin/../lib/gcc/arm-none-eabi/9.3.1/../../../../arm-none-eabi/lib/thumb/v6-m/nofp/libc_nano.a(lib_a-malloc.o) (_impure_ptr)
/usr/local/Cellar/arm-gcc-bin/9-2020-q2-update/bin/../lib/gcc/arm-none-eabi/9.3.1/../../../../arm-none-eabi/lib/thumb/v6-m/nofp/libc_nano.a(lib_a-mlock.o)
                              /usr/local/Cellar/arm-gcc-bin/9-2020-q2-update/bin/../lib/gcc/arm-none-eabi/9.3.1/../../../../arm-none-eabi/lib/thumb/v6-m/nofp/libc_nano.a(lib_a-nano-freer.o) (__malloc_lock)
[...]
Memory Configuration

Name             Origin             Length             Attributes
ram              0x0000000020000000 0x0000000000002000 xrw
rom              0x0000000008000000 0x0000000000004000 xr
*default*        0x0000000000000000 0xffffffffffffffff

Linker script and memory map

LOAD sensor/obj/sensor_bootloader.o
LOAD sensor/obj/sensor_test.o
LOAD sensor/obj/si7051.o
LOAD sensor/obj/tmp112.o
LOAD sensor/obj/aes.o
LOAD sensor/obj/battery.o
LOAD sensor/obj/bootloader_utils.o
LOAD sensor/obj/log.o
LOAD sensor/obj/memory.o
LOAD sensor/obj/printf.o
LOAD sensor/obj/reset.o
LOAD sensor/obj/rf_scan.o
LOAD sensor/obj/rfm.o
LOAD sensor/obj/test.o
LOAD sensor/obj/timers.o
LOAD libopencm3/lib/libopencm3_stm32l0.a
START GROUP
LOAD /usr/local/Cellar/arm-gcc-bin/9-2020-q2-update/bin/../lib/gcc/arm-none-eabi/9.3.1/../../../../arm-none-eabi/lib/thumb/v6-m/nofp/libc_nano.a
LOAD /usr/local/Cellar/arm-gcc-bin/9-2020-q2-update/bin/../lib/gcc/arm-none-eabi/9.3.1/thumb/v6-m/nofp/libgcc.a
LOAD /usr/local/Cellar/arm-gcc-bin/9-2020-q2-update/bin/../lib/gcc/arm-none-eabi/9.3.1/../../../../arm-none-eabi/lib/thumb/v6-m/nofp/libnosys.a
END GROUP
START GROUP
LOAD /usr/local/Cellar/arm-gcc-bin/9-2020-q2-update/bin/../lib/gcc/arm-none-eabi/9.3.1/thumb/v6-m/nofp/libgcc.a
LOAD /usr/local/Cellar/arm-gcc-bin/9-2020-q2-update/bin/../lib/gcc/arm-none-eabi/9.3.1/../../../../arm-none-eabi/lib/thumb/v6-m/nofp/libc_nano.a
END GROUP
START GROUP
LOAD /usr/local/Cellar/arm-gcc-bin/9-2020-q2-update/bin/../lib/gcc/arm-none-eabi/9.3.1/thumb/v6-m/nofp/libgcc.a
LOAD /usr/local/Cellar/arm-gcc-bin/9-2020-q2-update/bin/../lib/gcc/arm-none-eabi/9.3.1/../../../../arm-none-eabi/lib/thumb/v6-m/nofp/libc_nano.a
END GROUP
                0x0000000000000800                _min_heap_size = 0x800
                0x0000000000000800                _min_stack_size = 0x800

.text           0x0000000008000000     0x2b18
 *(.vectors)
 .vectors       0x0000000008000000       0xc0 libopencm3/lib/libopencm3_stm32l0.a(vector.o)
                0x0000000008000000                vector_table
 *(.text*)
 .text.main     0x00000000080000c0       0x18 sensor/obj/sensor_bootloader.o
                0x00000000080000c0                main
 .text.clock_setup
                0x00000000080000d8       0x4c sensor/obj/log.o
 .text.usart_setup
                0x0000000008000124       0xac sensor/obj/log.o
 .text._putchar
                0x00000000080001d0       0x24 sensor/obj/log.o
 .text.log_init
                0x00000000080001f4       0x18 sensor/obj/log.o
                0x00000000080001f4                log_init
 .text.log_printf
                0x000000000800020c       0x44 sensor/obj/log.o
                0x000000000800020c                log_printf
 .text.mem_eeprom_write_byte
                0x0000000008000250       0x54 sensor/obj/memory.o
                0x0000000008000250                mem_eeprom_write_byte
 .text._out_null
                0x00000000080002a4        0x2 sensor/obj/printf.o
 .text._atoi    0x00000000080002a6       0x24 sensor/obj/printf.o
 .text._out_rev
                0x00000000080002ca       0xae sensor/obj/printf.o
 .text._ntoa_format
                0x0000000008000378      0x110 sensor/obj/printf.o
 .text._ntoa_long
                0x0000000008000488       0xbc sensor/obj/printf.o
 .text._ftoa    0x0000000008000544      0x338 sensor/obj/printf.o
 .text._vsnprintf
                0x000000000800087c      0x508 sensor/obj/printf.o
                0x000000000800087c                _vsnprintf
 .text.spi_read_single
                0x0000000008000d84       0x40 sensor/obj/rfm.o
 .text.spi_write_single
                0x0000000008000dc4       0x84 sensor/obj/rfm.o
 .text.exti4_15_isr
                0x0000000008000e48       0x8c sensor/obj/rfm.o
                0x0000000008000e48                exti4_15_isr
 .text.timers_delay_microseconds
                0x0000000008000ed4       0x2c sensor/obj/timers.o
                0x0000000008000ed4                timers_delay_microseconds
 .text.timers_micros
                0x0000000008000f00       0x10 sensor/obj/timers.o
                0x0000000008000f00                timers_micros
 .text.timeout_init
                0x0000000008000f10       0x1c sensor/obj/timers.o
                0x0000000008000f10                timeout_init
 .text.timeout  0x0000000008000f2c       0x50 sensor/obj/timers.o
                0x0000000008000f2c                timeout
 .text.set_gpio_for_standby
                0x0000000008000f7c       0xf8 sensor/obj/timers.o
                0x0000000008000f7c                set_gpio_for_standby
 .text.rtc_isr  0x0000000008001074       0x4c sensor/obj/timers.o
                0x0000000008001074                rtc_isr
 .text.exti_reset_request
                0x00000000080010c0        0xc libopencm3/lib/libopencm3_stm32l0.a(exti_common_all.o)
                0x00000000080010c0                exti_reset_request
 .text.flash_set_ws
                0x00000000080010cc       0x14 libopencm3/lib/libopencm3_stm32l0.a(flash_common_all.o)
                0x00000000080010cc                flash_set_ws
 .text.flash_unlock_pecr
                0x00000000080010e0       0x18 libopencm3/lib/libopencm3_stm32l0.a(flash_common_l01.o)
                0x00000000080010e0                flash_unlock_pecr
 .text.flash_lock_pecr
                0x00000000080010f8       0x10 libopencm3/lib/libopencm3_stm32l0.a(flash_common_l01.o)
                0x00000000080010f8                flash_lock_pecr
 .text.gpio_set
                0x0000000008001108        0x4 libopencm3/lib/libopencm3_stm32l0.a(gpio_common_all.o)
                0x0000000008001108                gpio_set
 .text.gpio_clear
                0x000000000800110c        0x6 libopencm3/lib/libopencm3_stm32l0.a(gpio_common_all.o)
                0x000000000800110c                gpio_clear
 .text.gpio_mode_setup
                0x0000000008001112       0x40 libopencm3/lib/libopencm3_stm32l0.a(gpio_common_f0234.o)
                0x0000000008001112                gpio_mode_setup
 .text.gpio_set_output_options
                0x0000000008001152       0x3c libopencm3/lib/libopencm3_stm32l0.a(gpio_common_f0234.o)
                0x0000000008001152                gpio_set_output_options
 .text.gpio_set_af
                0x000000000800118e       0x54 libopencm3/lib/libopencm3_stm32l0.a(gpio_common_f0234.o)
                0x000000000800118e                gpio_set_af
 .text.lptimer_get_counter
                0x00000000080011e2        0x6 libopencm3/lib/libopencm3_stm32l0.a(lptimer_common_all.o)
                0x00000000080011e2                lptimer_get_counter
 .text.pwr_disable_backup_domain_write_protect
                0x00000000080011e8       0x14 libopencm3/lib/libopencm3_stm32l0.a(pwr_common_v1.o)
                0x00000000080011e8                pwr_disable_backup_domain_write_protect
 .text.pwr_enable_backup_domain_write_protect
                0x00000000080011fc       0x14 libopencm3/lib/libopencm3_stm32l0.a(pwr_common_v1.o)
                0x00000000080011fc                pwr_enable_backup_domain_write_protect
 .text.pwr_clear_standby_flag
                0x0000000008001210       0x10 libopencm3/lib/libopencm3_stm32l0.a(pwr_common_v1.o)
                0x0000000008001210                pwr_clear_standby_flag
 .text.pwr_clear_wakeup_flag
                0x0000000008001220       0x10 libopencm3/lib/libopencm3_stm32l0.a(pwr_common_v1.o)
                0x0000000008001220                pwr_clear_wakeup_flag
 .text.rcc_osc_on
                0x0000000008001230       0x54 libopencm3/lib/libopencm3_stm32l0.a(rcc.o)
                0x0000000008001230                rcc_osc_on
 .text.rcc_is_osc_ready
                0x0000000008001284       0x58 libopencm3/lib/libopencm3_stm32l0.a(rcc.o)
                0x0000000008001284                rcc_is_osc_ready
 .text.rcc_wait_for_osc_ready
                0x00000000080012dc       0x10 libopencm3/lib/libopencm3_stm32l0.a(rcc.o)
                0x00000000080012dc                rcc_wait_for_osc_ready
 .text.rcc_set_ppre1
                0x00000000080012ec       0x18 libopencm3/lib/libopencm3_stm32l0.a(rcc.o)
                0x00000000080012ec                rcc_set_ppre1
 .text.rcc_set_ppre2
                0x0000000008001304       0x18 libopencm3/lib/libopencm3_stm32l0.a(rcc.o)
                0x0000000008001304                rcc_set_ppre2
 .text.rcc_set_hpre
                0x000000000800131c       0x14 libopencm3/lib/libopencm3_stm32l0.a(rcc.o)
                0x000000000800131c                rcc_set_hpre
 .text.rcc_set_msi_range
                0x0000000008001330       0x18 libopencm3/lib/libopencm3_stm32l0.a(rcc.o)
                0x0000000008001330                rcc_set_msi_range
 .text.rcc_periph_clock_enable
                0x0000000008001348       0x1c libopencm3/lib/libopencm3_stm32l0.a(rcc_common_all.o)
                0x0000000008001348                rcc_periph_clock_enable
 .text.rcc_periph_reset_pulse
                0x0000000008001364       0x20 libopencm3/lib/libopencm3_stm32l0.a(rcc_common_all.o)
                0x0000000008001364                rcc_periph_reset_pulse
 .text.rtc_unlock
                0x0000000008001384       0x10 libopencm3/lib/libopencm3_stm32l0.a(rtc_common_l1f024.o)
                0x0000000008001384                rtc_unlock
 .text.rtc_lock
                0x0000000008001394        0xc libopencm3/lib/libopencm3_stm32l0.a(rtc_common_l1f024.o)
                0x0000000008001394                rtc_lock
 .text.rtc_clear_wakeup_flag
                0x00000000080013a0       0x14 libopencm3/lib/libopencm3_stm32l0.a(rtc_common_l1f024.o)
                0x00000000080013a0                rtc_clear_wakeup_flag
 .text.spi_xfer
                0x00000000080013b4       0x10 libopencm3/lib/libopencm3_stm32l0.a(spi_common_all.o)
                0x00000000080013b4                spi_xfer
 .text.usart_set_baudrate
                0x00000000080013c4       0x58 libopencm3/lib/libopencm3_stm32l0.a(usart_common_all.o)
                0x00000000080013c4                usart_set_baudrate
 .text.usart_set_databits
                0x000000000800141c       0x1c libopencm3/lib/libopencm3_stm32l0.a(usart_common_all.o)
                0x000000000800141c                usart_set_databits
 .text.usart_set_stopbits
                0x0000000008001438       0x10 libopencm3/lib/libopencm3_stm32l0.a(usart_common_all.o)
                0x0000000008001438                usart_set_stopbits
 .text.usart_set_parity
                0x0000000008001448       0x10 libopencm3/lib/libopencm3_stm32l0.a(usart_common_all.o)
                0x0000000008001448                usart_set_parity
 .text.usart_set_mode
                0x0000000008001458        0xc libopencm3/lib/libopencm3_stm32l0.a(usart_common_all.o)
                0x0000000008001458                usart_set_mode
 .text.usart_set_flow_control
                0x0000000008001464       0x10 libopencm3/lib/libopencm3_stm32l0.a(usart_common_all.o)
                0x0000000008001464                usart_set_flow_control
 .text.usart_enable
                0x0000000008001474        0xa libopencm3/lib/libopencm3_stm32l0.a(usart_common_all.o)
                0x0000000008001474                usart_enable
 .text.usart_disable
                0x000000000800147e        0xa libopencm3/lib/libopencm3_stm32l0.a(usart_common_all.o)
                0x000000000800147e                usart_disable
 .text.usart_send_blocking
                0x0000000008001488       0x14 libopencm3/lib/libopencm3_stm32l0.a(usart_common_all.o)
                0x0000000008001488                usart_send_blocking
 .text.usart_send
                0x000000000800149c        0x8 libopencm3/lib/libopencm3_stm32l0.a(usart_common_v2.o)
                0x000000000800149c                usart_send
 .text.usart_wait_send_ready
                0x00000000080014a4        0xa libopencm3/lib/libopencm3_stm32l0.a(usart_common_v2.o)
                0x00000000080014a4                usart_wait_send_ready
 .text.usart_get_flag
                0x00000000080014ae        0xc libopencm3/lib/libopencm3_stm32l0.a(usart_common_v2.o)
                0x00000000080014ae                usart_get_flag
 .text.blocking_handler
                0x00000000080014ba        0x2 libopencm3/lib/libopencm3_stm32l0.a(vector.o)
                0x00000000080014ba                exti0_1_isr
                0x00000000080014ba                blocking_handler
                0x00000000080014ba                tsc_isr
                0x00000000080014ba                spi1_isr
                0x00000000080014ba                i2c1_isr
                0x00000000080014ba                i2c2_isr
                0x00000000080014ba                tim21_isr
                0x00000000080014ba                usart1_isr
                0x00000000080014ba                i2c3_isr
                0x00000000080014ba                reserved4_isr
                0x00000000080014ba                exti2_3_isr
                0x00000000080014ba                lptim1_isr
                0x00000000080014ba                pvd_isr
                0x00000000080014ba                rcc_isr
                0x00000000080014ba                flash_isr
                0x00000000080014ba                hard_fault_handler
                0x00000000080014ba                spi2_isr
                0x00000000080014ba                lpuart1_aes_rng_isr
                0x00000000080014ba                usb_isr
                0x00000000080014ba                tim3_isr
                0x00000000080014ba                usart2_isr
                0x00000000080014ba                adc_comp_isr
                0x00000000080014ba                dma1_channel1_isr
                0x00000000080014ba                tim6_dac_isr
                0x00000000080014ba                lcd_isr
                0x00000000080014ba                dma1_channel2_3_isr
                0x00000000080014ba                tim22_isr
                0x00000000080014ba                usart4_5_isr
                0x00000000080014ba                wwdg_isr
                0x00000000080014ba                tim2_isr
                0x00000000080014ba                dma1_channel4_5_isr
                0x00000000080014ba                tim7_isr
 .text.null_handler
                0x00000000080014bc        0x2 libopencm3/lib/libopencm3_stm32l0.a(vector.o)
                0x00000000080014bc                null_handler
                0x00000000080014bc                sv_call_handler
                0x00000000080014bc                pend_sv_handler
                0x00000000080014bc                sys_tick_handler
                0x00000000080014bc                nmi_handler
 *fill*         0x00000000080014be        0x2 
 .text.reset_handler
                0x00000000080014c0       0x88 libopencm3/lib/libopencm3_stm32l0.a(vector.o)
                0x00000000080014c0                reset_handler
 .text          0x0000000008001548       0x14 /usr/local/Cellar/arm-gcc-bin/9-2020-q2-update/bin/../lib/gcc/arm-none-eabi/9.3.1/thumb/v6-m/nofp/libgcc.a(_thumb1_case_uqi.o)
                0x0000000008001548                __gnu_thumb1_case_uqi
 .text          0x000000000800155c      0x114 /usr/local/Cellar/arm-gcc-bin/9-2020-q2-update/bin/../lib/gcc/arm-none-eabi/9.3.1/thumb/v6-m/nofp/libgcc.a(_udivsi3.o)
                0x000000000800155c                __udivsi3
                0x000000000800155c                __aeabi_uidiv
                0x0000000008001668                __aeabi_uidivmod
 .text          0x0000000008001670      0x1d4 /usr/local/Cellar/arm-gcc-bin/9-2020-q2-update/bin/../lib/gcc/arm-none-eabi/9.3.1/thumb/v6-m/nofp/libgcc.a(_divsi3.o)
                0x0000000008001670                __aeabi_idiv
                0x0000000008001670                __divsi3
                0x000000000800183c                __aeabi_idivmod
 .text          0x0000000008001844        0x4 /usr/local/Cellar/arm-gcc-bin/9-2020-q2-update/bin/../lib/gcc/arm-none-eabi/9.3.1/thumb/v6-m/nofp/libgcc.a(_dvmd_tls.o)
                0x0000000008001844                __aeabi_ldiv0
                0x0000000008001844                __aeabi_idiv0
 .text          0x0000000008001848       0x7c /usr/local/Cellar/arm-gcc-bin/9-2020-q2-update/bin/../lib/gcc/arm-none-eabi/9.3.1/thumb/v6-m/nofp/libgcc.a(_arm_cmpdf2.o)
                0x0000000008001848                __aeabi_cdrcmple
                0x0000000008001858                __aeabi_cdcmple
                0x0000000008001858                __aeabi_cdcmpeq
                0x0000000008001868                __aeabi_dcmpeq
                0x0000000008001874                __aeabi_dcmplt
                0x0000000008001888                __aeabi_dcmple
                0x000000000800189c                __aeabi_dcmpgt
                0x00000000080018b0                __aeabi_dcmpge
 .text          0x00000000080018c4       0x3c /usr/local/Cellar/arm-gcc-bin/9-2020-q2-update/bin/../lib/gcc/arm-none-eabi/9.3.1/thumb/v6-m/nofp/libgcc.a(_fixunsdfsi.o)
                0x00000000080018c4                __fixunsdfsi
                0x00000000080018c4                __aeabi_d2uiz
 .text          0x0000000008001900       0x78 /usr/local/Cellar/arm-gcc-bin/9-2020-q2-update/bin/../lib/gcc/arm-none-eabi/9.3.1/thumb/v6-m/nofp/libgcc.a(eqdf2.o)
                0x0000000008001900                __eqdf2
                0x0000000008001900                __nedf2
 .text          0x0000000008001978       0xe4 /usr/local/Cellar/arm-gcc-bin/9-2020-q2-update/bin/../lib/gcc/arm-none-eabi/9.3.1/thumb/v6-m/nofp/libgcc.a(gedf2.o)
                0x0000000008001978                __gtdf2
                0x0000000008001978                __gedf2
 .text          0x0000000008001a5c       0xe0 /usr/local/Cellar/arm-gcc-bin/9-2020-q2-update/bin/../lib/gcc/arm-none-eabi/9.3.1/thumb/v6-m/nofp/libgcc.a(ledf2.o)
                0x0000000008001a5c                __ltdf2
                0x0000000008001a5c                __ledf2
 .text          0x0000000008001b3c      0x4d8 /usr/local/Cellar/arm-gcc-bin/9-2020-q2-update/bin/../lib/gcc/arm-none-eabi/9.3.1/thumb/v6-m/nofp/libgcc.a(muldf3.o)
                0x0000000008001b3c                __aeabi_dmul
 .text          0x0000000008002014      0x724 /usr/local/Cellar/arm-gcc-bin/9-2020-q2-update/bin/../lib/gcc/arm-none-eabi/9.3.1/thumb/v6-m/nofp/libgcc.a(subdf3.o)
                0x0000000008002014                __aeabi_dsub
 .text          0x0000000008002738       0x6c /usr/local/Cellar/arm-gcc-bin/9-2020-q2-update/bin/../lib/gcc/arm-none-eabi/9.3.1/thumb/v6-m/nofp/libgcc.a(fixdfsi.o)
                0x0000000008002738                __aeabi_d2iz
 .text          0x00000000080027a4       0x60 /usr/local/Cellar/arm-gcc-bin/9-2020-q2-update/bin/../lib/gcc/arm-none-eabi/9.3.1/thumb/v6-m/nofp/libgcc.a(floatsidf.o)
                0x00000000080027a4                __aeabi_i2d
 .text          0x0000000008002804       0x4c /usr/local/Cellar/arm-gcc-bin/9-2020-q2-update/bin/../lib/gcc/arm-none-eabi/9.3.1/thumb/v6-m/nofp/libgcc.a(floatunsidf.o)
                0x0000000008002804                __aeabi_ui2d
 .text          0x0000000008002850       0x3c /usr/local/Cellar/arm-gcc-bin/9-2020-q2-update/bin/../lib/gcc/arm-none-eabi/9.3.1/thumb/v6-m/nofp/libgcc.a(_clzsi2.o)
                0x0000000008002850                __clzsi2
                0x000000000800288c                . = ALIGN (0x4)
 *(.rodata*)
 .rodata.main.str1.4
                0x000000000800288c       0x19 sensor/obj/sensor_bootloader.o
 *fill*         0x00000000080028a5        0x3 
 .rodata._ftoa.str1.4
                0x00000000080028a8       0x15 sensor/obj/printf.o
 *fill*         0x00000000080028bd        0x3 
 .rodata._vsnprintf
                0x00000000080028c0      0x194 sensor/obj/printf.o
 *fill*         0x0000000008002a54        0x4 
 .rodata.pow10.4126
                0x0000000008002a58       0x50 sensor/obj/printf.o
 .rodata.spi_write_single.str1.4
                0x0000000008002aa8        0xe sensor/obj/rfm.o
 *fill*         0x0000000008002ab6        0x2 
 .rodata.timeout.str1.4
                0x0000000008002ab8       0x11 sensor/obj/timers.o
 *fill*         0x0000000008002ac9        0x3 
 .rodata.rtc_isr.str1.4
                0x0000000008002acc        0x9 sensor/obj/timers.o
 *fill*         0x0000000008002ad5        0x3 
 .rodata        0x0000000008002ad8       0x40 /usr/local/Cellar/arm-gcc-bin/9-2020-q2-update/bin/../lib/gcc/arm-none-eabi/9.3.1/thumb/v6-m/nofp/libgcc.a(muldf3.o)
                0x0000000008002b18                . = ALIGN (0x4)

.glue_7         0x0000000008002b18        0x0
 .glue_7        0x0000000008002b18        0x0 linker stubs

.glue_7t        0x0000000008002b18        0x0
 .glue_7t       0x0000000008002b18        0x0 linker stubs

.vfp11_veneer   0x0000000008002b18        0x0
 .vfp11_veneer  0x0000000008002b18        0x0 linker stubs

.v4_bx          0x0000000008002b18        0x0
 .v4_bx         0x0000000008002b18        0x0 linker stubs

.iplt           0x0000000008002b18        0x0
 .iplt          0x0000000008002b18        0x0 sensor/obj/sensor_bootloader.o

.rel.dyn        0x0000000008002b18        0x0
 .rel.iplt      0x0000000008002b18        0x0 sensor/obj/sensor_bootloader.o

.preinit_array  0x0000000008002b18        0x0
                0x0000000008002b18                . = ALIGN (0x4)
                0x0000000008002b18                __preinit_array_start = .
 *(.preinit_array)
                0x0000000008002b18                __preinit_array_end = .

.init_array     0x0000000008002b18        0x0
                0x0000000008002b18                . = ALIGN (0x4)
                0x0000000008002b18                __init_array_start = .
 *(SORT_BY_NAME(.init_array.*))
 *(.init_array)
                0x0000000008002b18                __init_array_end = .

.fini_array     0x0000000008002b18        0x0
                0x0000000008002b18                . = ALIGN (0x4)
                0x0000000008002b18                __fini_array_start = .
 *(.fini_array)
 *(SORT_BY_NAME(.fini_array.*))
                0x0000000008002b18                __fini_array_end = .

.ARM.extab
 *(.ARM.extab*)

.ARM.exidx      0x0000000008002b18        0x0
                0x0000000008002b18                __exidx_start = .
 *(.ARM.exidx*)
                0x0000000008002b18                __exidx_end = .
                0x0000000008002b18                . = ALIGN (0x4)
                0x0000000008002b18                _etext = .

.data           0x0000000020000000       0x10 load address 0x0000000008002b18
                0x0000000020000000                _data = .
 *(.data*)
 .data.curr_address
                0x0000000020000000        0x4 sensor/obj/log.o
 .data.rcc_ahb_frequency
                0x0000000020000004        0x4 libopencm3/lib/libopencm3_stm32l0.a(rcc.o)
                0x0000000020000004                rcc_ahb_frequency
 .data.rcc_apb1_frequency
                0x0000000020000008        0x4 libopencm3/lib/libopencm3_stm32l0.a(rcc.o)
                0x0000000020000008                rcc_apb1_frequency
 .data.rcc_apb2_frequency
                0x000000002000000c        0x4 libopencm3/lib/libopencm3_stm32l0.a(rcc.o)
                0x000000002000000c                rcc_apb2_frequency
                0x0000000020000010                . = ALIGN (0x4)
                0x0000000020000010                _edata = .
                0x0000000008002b18                _data_loadaddr = LOADADDR (.data)

.igot.plt       0x0000000020000010        0x0 load address 0x0000000008002b28
 .igot.plt      0x0000000020000010        0x0 sensor/obj/sensor_bootloader.o

.bss            0x0000000020000010      0x18c load address 0x0000000008002b28
 *(.bss*)
 .bss.packets_buf
                0x0000000020000010      0x180 sensor/obj/rfm.o
 .bss.packets_head
                0x0000000020000190        0x1 sensor/obj/rfm.o
 *fill*         0x0000000020000191        0x3 
 .bss.timeout_counter
                0x0000000020000194        0x4 sensor/obj/timers.o
 .bss.timeout_timer
                0x0000000020000198        0x2 sensor/obj/timers.o
 *(COMMON)
                0x000000002000019c                . = ALIGN (0x4)
 *fill*         0x000000002000019a        0x2 
                0x000000002000019c                _ebss = .
                0x000000002000019c                . = ALIGN (0x4)
                0x000000002000019c                PROVIDE (end = .)

._user_heap_stack
                0x000000002000019c     0x1004 load address 0x0000000008002b28
                0x00000000200001a0                . = ALIGN (0x8)
 *fill*         0x000000002000019c        0x4 
                0x00000000200009a0                . = (. + _min_heap_size)
 *fill*         0x00000000200001a0      0x800 
                0x00000000200011a0                . = (. + _min_stack_size)
 *fill*         0x00000000200009a0      0x800 
                0x00000000200011a0                . = ALIGN (0x8)

/DISCARD/
 *(.eh_frame)
 libc.a(*)
 libm.a(*)
 libgcc.a(*)

.ARM.attributes
                0x0000000000000000       0x2c
 *(.ARM.attributes)
 .ARM.attributes
                0x0000000000000000       0x2c sensor/obj/sensor_bootloader.o
 .ARM.attributes
                0x000000000000002c       0x2c sensor/obj/log.o
 .ARM.attributes
                0x0000000000000058       0x2c sensor/obj/memory.o
 .ARM.attributes
                0x0000000000000084       0x2c sensor/obj/printf.o
 .ARM.attributes
                0x00000000000000b0       0x2c sensor/obj/rfm.o
 .ARM.attributes
                0x00000000000000dc       0x2c sensor/obj/timers.o
 .ARM.attributes
                0x0000000000000108       0x2c libopencm3/lib/libopencm3_stm32l0.a(exti_common_all.o)
 .ARM.attributes
                0x0000000000000134       0x2c libopencm3/lib/libopencm3_stm32l0.a(flash_common_all.o)
 .ARM.attributes
                0x0000000000000160       0x2c libopencm3/lib/libopencm3_stm32l0.a(flash_common_l01.o)
 .ARM.attributes
                0x000000000000018c       0x2c libopencm3/lib/libopencm3_stm32l0.a(gpio_common_all.o)
 .ARM.attributes
                0x00000000000001b8       0x2c libopencm3/lib/libopencm3_stm32l0.a(gpio_common_f0234.o)
 .ARM.attributes
                0x00000000000001e4       0x2c libopencm3/lib/libopencm3_stm32l0.a(lptimer_common_all.o)
 .ARM.attributes
                0x0000000000000210       0x2c libopencm3/lib/libopencm3_stm32l0.a(pwr_common_v1.o)
 .ARM.attributes
                0x000000000000023c       0x2c libopencm3/lib/libopencm3_stm32l0.a(rcc.o)
 .ARM.attributes
                0x0000000000000268       0x2c libopencm3/lib/libopencm3_stm32l0.a(rcc_common_all.o)
 .ARM.attributes
                0x0000000000000294       0x2c libopencm3/lib/libopencm3_stm32l0.a(rtc_common_l1f024.o)
 .ARM.attributes
                0x00000000000002c0       0x2c libopencm3/lib/libopencm3_stm32l0.a(spi_common_all.o)
 .ARM.attributes
                0x00000000000002ec       0x2c libopencm3/lib/libopencm3_stm32l0.a(usart_common_all.o)
 .ARM.attributes
                0x0000000000000318       0x2c libopencm3/lib/libopencm3_stm32l0.a(usart_common_v2.o)
 .ARM.attributes
                0x0000000000000344       0x2c libopencm3/lib/libopencm3_stm32l0.a(vector.o)
 .ARM.attributes
                0x0000000000000370       0x1e /usr/local/Cellar/arm-gcc-bin/9-2020-q2-update/bin/../lib/gcc/arm-none-eabi/9.3.1/thumb/v6-m/nofp/libgcc.a(_thumb1_case_uqi.o)
 .ARM.attributes
                0x000000000000038e       0x1e /usr/local/Cellar/arm-gcc-bin/9-2020-q2-update/bin/../lib/gcc/arm-none-eabi/9.3.1/thumb/v6-m/nofp/libgcc.a(_udivsi3.o)
 .ARM.attributes
                0x00000000000003ac       0x1e /usr/local/Cellar/arm-gcc-bin/9-2020-q2-update/bin/../lib/gcc/arm-none-eabi/9.3.1/thumb/v6-m/nofp/libgcc.a(_divsi3.o)
 .ARM.attributes
                0x00000000000003ca       0x1e /usr/local/Cellar/arm-gcc-bin/9-2020-q2-update/bin/../lib/gcc/arm-none-eabi/9.3.1/thumb/v6-m/nofp/libgcc.a(_dvmd_tls.o)
 .ARM.attributes
                0x00000000000003e8       0x1e /usr/local/Cellar/arm-gcc-bin/9-2020-q2-update/bin/../lib/gcc/arm-none-eabi/9.3.1/thumb/v6-m/nofp/libgcc.a(_arm_cmpdf2.o)
 .ARM.attributes
                0x0000000000000406       0x2c /usr/local/Cellar/arm-gcc-bin/9-2020-q2-update/bin/../lib/gcc/arm-none-eabi/9.3.1/thumb/v6-m/nofp/libgcc.a(_fixunsdfsi.o)
 .ARM.attributes
                0x0000000000000432       0x2c /usr/local/Cellar/arm-gcc-bin/9-2020-q2-update/bin/../lib/gcc/arm-none-eabi/9.3.1/thumb/v6-m/nofp/libgcc.a(eqdf2.o)
 .ARM.attributes
                0x000000000000045e       0x2c /usr/local/Cellar/arm-gcc-bin/9-2020-q2-update/bin/../lib/gcc/arm-none-eabi/9.3.1/thumb/v6-m/nofp/libgcc.a(gedf2.o)
 .ARM.attributes
                0x000000000000048a       0x2c /usr/local/Cellar/arm-gcc-bin/9-2020-q2-update/bin/../lib/gcc/arm-none-eabi/9.3.1/thumb/v6-m/nofp/libgcc.a(ledf2.o)
 .ARM.attributes
                0x00000000000004b6       0x2c /usr/local/Cellar/arm-gcc-bin/9-2020-q2-update/bin/../lib/gcc/arm-none-eabi/9.3.1/thumb/v6-m/nofp/libgcc.a(muldf3.o)
 .ARM.attributes
                0x00000000000004e2       0x2c /usr/local/Cellar/arm-gcc-bin/9-2020-q2-update/bin/../lib/gcc/arm-none-eabi/9.3.1/thumb/v6-m/nofp/libgcc.a(subdf3.o)
 .ARM.attributes
                0x000000000000050e       0x2c /usr/local/Cellar/arm-gcc-bin/9-2020-q2-update/bin/../lib/gcc/arm-none-eabi/9.3.1/thumb/v6-m/nofp/libgcc.a(fixdfsi.o)
 .ARM.attributes
                0x000000000000053a       0x2c /usr/local/Cellar/arm-gcc-bin/9-2020-q2-update/bin/../lib/gcc/arm-none-eabi/9.3.1/thumb/v6-m/nofp/libgcc.a(floatsidf.o)
 .ARM.attributes
                0x0000000000000566       0x2c /usr/local/Cellar/arm-gcc-bin/9-2020-q2-update/bin/../lib/gcc/arm-none-eabi/9.3.1/thumb/v6-m/nofp/libgcc.a(floatunsidf.o)
 .ARM.attributes
                0x0000000000000592       0x1e /usr/local/Cellar/arm-gcc-bin/9-2020-q2-update/bin/../lib/gcc/arm-none-eabi/9.3.1/thumb/v6-m/nofp/libgcc.a(_clzsi2.o)
                0x0000000020002000                PROVIDE (_stack = (ORIGIN (ram) + LENGTH (ram)))
OUTPUT(sensor/bin/sensor_bootloader.elf elf32-littlearm)
LOAD linker stubs
LOAD /usr/local/Cellar/arm-gcc-bin/9-2020-q2-update/bin/../lib/gcc/arm-none-eabi/9.3.1/../../../../arm-none-eabi/lib/thumb/v6-m/nofp/libc.a
LOAD /usr/local/Cellar/arm-gcc-bin/9-2020-q2-update/bin/../lib/gcc/arm-none-eabi/9.3.1/../../../../arm-none-eabi/lib/thumb/v6-m/nofp/libm.a
LOAD /usr/local/Cellar/arm-gcc-bin/9-2020-q2-update/bin/../lib/gcc/arm-none-eabi/9.3.1/thumb/v6-m/nofp/libgcc.a

.debug_info     0x0000000000000000     0x990a
 .debug_info    0x0000000000000000       0xef sensor/obj/sensor_bootloader.o
 .debug_info    0x00000000000000ef      0xa73 sensor/obj/log.o
 .debug_info    0x0000000000000b62      0xc33 sensor/obj/memory.o
 .debug_info    0x0000000000001795      0xdd2 sensor/obj/printf.o
 .debug_info    0x0000000000002567     0x22b1 sensor/obj/rfm.o
 .debug_info    0x0000000000004818     0x17a4 sensor/obj/timers.o
 .debug_info    0x0000000000005fbc      0x241 libopencm3/lib/libopencm3_stm32l0.a(exti_common_all.o)
 .debug_info    0x00000000000061fd       0xf6 libopencm3/lib/libopencm3_stm32l0.a(flash_common_all.o)
 .debug_info    0x00000000000062f3      0x232 libopencm3/lib/libopencm3_stm32l0.a(flash_common_l01.o)
 .debug_info    0x0000000000006525      0x266 libopencm3/lib/libopencm3_stm32l0.a(gpio_common_all.o)
 .debug_info    0x000000000000678b      0x257 libopencm3/lib/libopencm3_stm32l0.a(gpio_common_f0234.o)
 .debug_info    0x00000000000069e2      0x47f libopencm3/lib/libopencm3_stm32l0.a(lptimer_common_all.o)
 .debug_info    0x0000000000006e61      0x1c2 libopencm3/lib/libopencm3_stm32l0.a(pwr_common_v1.o)
 .debug_info    0x0000000000007023      0xbbd libopencm3/lib/libopencm3_stm32l0.a(rcc.o)
 .debug_info    0x0000000000007be0      0x648 libopencm3/lib/libopencm3_stm32l0.a(rcc_common_all.o)
 .debug_info    0x0000000000008228      0x17a libopencm3/lib/libopencm3_stm32l0.a(rtc_common_l1f024.o)
 .debug_info    0x00000000000083a2      0x9bf libopencm3/lib/libopencm3_stm32l0.a(spi_common_all.o)
 .debug_info    0x0000000000008d61      0x525 libopencm3/lib/libopencm3_stm32l0.a(usart_common_all.o)
 .debug_info    0x0000000000009286      0x3a8 libopencm3/lib/libopencm3_stm32l0.a(usart_common_v2.o)
 .debug_info    0x000000000000962e      0x2dc libopencm3/lib/libopencm3_stm32l0.a(vector.o)

.debug_abbrev   0x0000000000000000     0x2009
 .debug_abbrev  0x0000000000000000       0xa7 sensor/obj/sensor_bootloader.o
 .debug_abbrev  0x00000000000000a7      0x1f7 sensor/obj/log.o
 .debug_abbrev  0x000000000000029e      0x2ab sensor/obj/memory.o
 .debug_abbrev  0x0000000000000549      0x33d sensor/obj/printf.o
 .debug_abbrev  0x0000000000000886      0x40c sensor/obj/rfm.o
 .debug_abbrev  0x0000000000000c92      0x31c sensor/obj/timers.o
 .debug_abbrev  0x0000000000000fae      0x102 libopencm3/lib/libopencm3_stm32l0.a(exti_common_all.o)
 .debug_abbrev  0x00000000000010b0       0x97 libopencm3/lib/libopencm3_stm32l0.a(flash_common_all.o)
 .debug_abbrev  0x0000000000001147       0xc1 libopencm3/lib/libopencm3_stm32l0.a(flash_common_l01.o)
 .debug_abbrev  0x0000000000001208      0x116 libopencm3/lib/libopencm3_stm32l0.a(gpio_common_all.o)
 .debug_abbrev  0x000000000000131e       0xbf libopencm3/lib/libopencm3_stm32l0.a(gpio_common_f0234.o)
 .debug_abbrev  0x00000000000013dd      0x107 libopencm3/lib/libopencm3_stm32l0.a(lptimer_common_all.o)
 .debug_abbrev  0x00000000000014e4       0xa2 libopencm3/lib/libopencm3_stm32l0.a(pwr_common_v1.o)
 .debug_abbrev  0x0000000000001586      0x302 libopencm3/lib/libopencm3_stm32l0.a(rcc.o)
 .debug_abbrev  0x0000000000001888      0x14c libopencm3/lib/libopencm3_stm32l0.a(rcc_common_all.o)
 .debug_abbrev  0x00000000000019d4       0xa0 libopencm3/lib/libopencm3_stm32l0.a(rtc_common_l1f024.o)
 .debug_abbrev  0x0000000000001a74      0x1e6 libopencm3/lib/libopencm3_stm32l0.a(spi_common_all.o)
 .debug_abbrev  0x0000000000001c5a      0x142 libopencm3/lib/libopencm3_stm32l0.a(usart_common_all.o)
 .debug_abbrev  0x0000000000001d9c      0x128 libopencm3/lib/libopencm3_stm32l0.a(usart_common_v2.o)
 .debug_abbrev  0x0000000000001ec4      0x145 libopencm3/lib/libopencm3_stm32l0.a(vector.o)

.debug_aranges  0x0000000000000000      0xa40
 .debug_aranges
                0x0000000000000000       0x20 sensor/obj/sensor_bootloader.o
 .debug_aranges
                0x0000000000000020       0x40 sensor/obj/log.o
 .debug_aranges
                0x0000000000000060       0xd8 sensor/obj/memory.o
 .debug_aranges
                0x0000000000000138       0x50 sensor/obj/printf.o
 .debug_aranges
                0x0000000000000188      0x108 sensor/obj/rfm.o
 .debug_aranges
                0x0000000000000290       0x88 sensor/obj/timers.o
 .debug_aranges
                0x0000000000000318       0x48 libopencm3/lib/libopencm3_stm32l0.a(exti_common_all.o)
 .debug_aranges
                0x0000000000000360       0x38 libopencm3/lib/libopencm3_stm32l0.a(flash_common_all.o)
 .debug_aranges
                0x0000000000000398       0x68 libopencm3/lib/libopencm3_stm32l0.a(flash_common_l01.o)
 .debug_aranges
                0x0000000000000400       0x50 libopencm3/lib/libopencm3_stm32l0.a(gpio_common_all.o)
 .debug_aranges
                0x0000000000000450       0x30 libopencm3/lib/libopencm3_stm32l0.a(gpio_common_f0234.o)
 .debug_aranges
                0x0000000000000480       0xb8 libopencm3/lib/libopencm3_stm32l0.a(lptimer_common_all.o)
 .debug_aranges
                0x0000000000000538       0x90 libopencm3/lib/libopencm3_stm32l0.a(pwr_common_v1.o)
 .debug_aranges
                0x00000000000005c8       0xd0 libopencm3/lib/libopencm3_stm32l0.a(rcc.o)
 .debug_aranges
                0x0000000000000698       0x58 libopencm3/lib/libopencm3_stm32l0.a(rcc_common_all.o)
 .debug_aranges
                0x00000000000006f0       0x48 libopencm3/lib/libopencm3_stm32l0.a(rtc_common_l1f024.o)
 .debug_aranges
                0x0000000000000738      0x178 libopencm3/lib/libopencm3_stm32l0.a(spi_common_all.o)
 .debug_aranges
                0x00000000000008b0       0xb8 libopencm3/lib/libopencm3_stm32l0.a(usart_common_all.o)
 .debug_aranges
                0x0000000000000968       0xa8 libopencm3/lib/libopencm3_stm32l0.a(usart_common_v2.o)
 .debug_aranges
                0x0000000000000a10       0x30 libopencm3/lib/libopencm3_stm32l0.a(vector.o)

.debug_ranges   0x0000000000000000      0xa30
 .debug_ranges  0x0000000000000000       0x10 sensor/obj/sensor_bootloader.o
 .debug_ranges  0x0000000000000010       0x30 sensor/obj/log.o
 .debug_ranges  0x0000000000000040       0xc8 sensor/obj/memory.o
 .debug_ranges  0x0000000000000108       0xa8 sensor/obj/printf.o
 .debug_ranges  0x00000000000001b0       0xf8 sensor/obj/rfm.o
 .debug_ranges  0x00000000000002a8       0x78 sensor/obj/timers.o
 .debug_ranges  0x0000000000000320       0x60 libopencm3/lib/libopencm3_stm32l0.a(exti_common_all.o)
 .debug_ranges  0x0000000000000380       0x28 libopencm3/lib/libopencm3_stm32l0.a(flash_common_all.o)
 .debug_ranges  0x00000000000003a8       0x58 libopencm3/lib/libopencm3_stm32l0.a(flash_common_l01.o)
 .debug_ranges  0x0000000000000400       0x40 libopencm3/lib/libopencm3_stm32l0.a(gpio_common_all.o)
 .debug_ranges  0x0000000000000440       0x20 libopencm3/lib/libopencm3_stm32l0.a(gpio_common_f0234.o)
 .debug_ranges  0x0000000000000460       0xa8 libopencm3/lib/libopencm3_stm32l0.a(lptimer_common_all.o)
 .debug_ranges  0x0000000000000508       0x80 libopencm3/lib/libopencm3_stm32l0.a(pwr_common_v1.o)
 .debug_ranges  0x0000000000000588      0x148 libopencm3/lib/libopencm3_stm32l0.a(rcc.o)
 .debug_ranges  0x00000000000006d0       0x48 libopencm3/lib/libopencm3_stm32l0.a(rcc_common_all.o)
 .debug_ranges  0x0000000000000718       0x38 libopencm3/lib/libopencm3_stm32l0.a(rtc_common_l1f024.o)
 .debug_ranges  0x0000000000000750      0x180 libopencm3/lib/libopencm3_stm32l0.a(spi_common_all.o)
 .debug_ranges  0x00000000000008d0       0xa8 libopencm3/lib/libopencm3_stm32l0.a(usart_common_all.o)
 .debug_ranges  0x0000000000000978       0x98 libopencm3/lib/libopencm3_stm32l0.a(usart_common_v2.o)
 .debug_ranges  0x0000000000000a10       0x20 libopencm3/lib/libopencm3_stm32l0.a(vector.o)

.debug_macro    0x0000000000000000     0x3099
 .debug_macro   0x0000000000000000       0x80 sensor/obj/sensor_bootloader.o
 .debug_macro   0x0000000000000080      0xa78 sensor/obj/sensor_bootloader.o
 .debug_macro   0x0000000000000af8       0x22 sensor/obj/sensor_bootloader.o
 .debug_macro   0x0000000000000b1a       0x56 sensor/obj/sensor_bootloader.o
 .debug_macro   0x0000000000000b70       0x51 sensor/obj/sensor_bootloader.o
 .debug_macro   0x0000000000000bc1      0x103 sensor/obj/sensor_bootloader.o
 .debug_macro   0x0000000000000cc4       0x6a sensor/obj/sensor_bootloader.o
 .debug_macro   0x0000000000000d2e      0x1df sensor/obj/sensor_bootloader.o
 .debug_macro   0x0000000000000f0d       0x22 sensor/obj/sensor_bootloader.o
 .debug_macro   0x0000000000000f2f      0x1e7 sensor/obj/log.o
 .debug_macro   0x0000000000001116       0x58 sensor/obj/log.o
 .debug_macro   0x000000000000116e      0x1ef sensor/obj/memory.o
 .debug_macro   0x000000000000135d      0x109 sensor/obj/printf.o
 .debug_macro   0x0000000000001466      0x183 sensor/obj/printf.o
 .debug_macro   0x00000000000015e9      0x220 sensor/obj/rfm.o
 .debug_macro   0x0000000000001809      0x4e0 sensor/obj/rfm.o
 .debug_macro   0x0000000000001ce9      0x371 sensor/obj/timers.o
 .debug_macro   0x000000000000205a       0x16 sensor/obj/timers.o
 .debug_macro   0x0000000000002070       0x70 sensor/obj/timers.o
 .debug_macro   0x00000000000020e0       0x10 sensor/obj/timers.o
 .debug_macro   0x00000000000020f0      0x1a5 sensor/obj/timers.o
 .debug_macro   0x0000000000002295       0x6f sensor/obj/timers.o
 .debug_macro   0x0000000000002304       0xaf sensor/obj/timers.o
 .debug_macro   0x00000000000023b3       0xc4 sensor/obj/timers.o
 .debug_macro   0x0000000000002477      0x10f libopencm3/lib/libopencm3_stm32l0.a(exti_common_all.o)
 .debug_macro   0x0000000000002586       0xbc libopencm3/lib/libopencm3_stm32l0.a(flash_common_all.o)
 .debug_macro   0x0000000000002642       0xbc libopencm3/lib/libopencm3_stm32l0.a(flash_common_l01.o)
 .debug_macro   0x00000000000026fe       0xd6 libopencm3/lib/libopencm3_stm32l0.a(gpio_common_all.o)
 .debug_macro   0x00000000000027d4       0xd6 libopencm3/lib/libopencm3_stm32l0.a(gpio_common_f0234.o)
 .debug_macro   0x00000000000028aa       0xb9 libopencm3/lib/libopencm3_stm32l0.a(lptimer_common_all.o)
 .debug_macro   0x0000000000002963       0xc2 libopencm3/lib/libopencm3_stm32l0.a(pwr_common_v1.o)
 .debug_macro   0x0000000000002a25      0x113 libopencm3/lib/libopencm3_stm32l0.a(rcc.o)
 .debug_macro   0x0000000000002b38       0x16 libopencm3/lib/libopencm3_stm32l0.a(rcc.o)
 .debug_macro   0x0000000000002b4e       0xfa libopencm3/lib/libopencm3_stm32l0.a(rcc_common_all.o)
 .debug_macro   0x0000000000002c48       0xb3 libopencm3/lib/libopencm3_stm32l0.a(rtc_common_l1f024.o)
 .debug_macro   0x0000000000002cfb      0x109 libopencm3/lib/libopencm3_stm32l0.a(spi_common_all.o)
 .debug_macro   0x0000000000002e04      0x105 libopencm3/lib/libopencm3_stm32l0.a(usart_common_all.o)
 .debug_macro   0x0000000000002f09       0xc1 libopencm3/lib/libopencm3_stm32l0.a(usart_common_v2.o)
 .debug_macro   0x0000000000002fca       0xcf libopencm3/lib/libopencm3_stm32l0.a(vector.o)

.debug_line     0x0000000000000000     0x8b66
 .debug_line    0x0000000000000000      0x249 sensor/obj/sensor_bootloader.o
 .debug_line    0x0000000000000249      0x5a2 sensor/obj/log.o
 .debug_line    0x00000000000007eb      0xd4f sensor/obj/memory.o
 .debug_line    0x000000000000153a      0xdcd sensor/obj/printf.o
 .debug_line    0x0000000000002307      0xe49 sensor/obj/rfm.o
 .debug_line    0x0000000000003150      0xa26 sensor/obj/timers.o
 .debug_line    0x0000000000003b76      0x502 libopencm3/lib/libopencm3_stm32l0.a(exti_common_all.o)
 .debug_line    0x0000000000004078      0x392 libopencm3/lib/libopencm3_stm32l0.a(flash_common_all.o)
 .debug_line    0x000000000000440a      0x511 libopencm3/lib/libopencm3_stm32l0.a(flash_common_l01.o)
 .debug_line    0x000000000000491b      0x427 libopencm3/lib/libopencm3_stm32l0.a(gpio_common_all.o)
 .debug_line    0x0000000000004d42      0x503 libopencm3/lib/libopencm3_stm32l0.a(gpio_common_f0234.o)
 .debug_line    0x0000000000005245      0x5a8 libopencm3/lib/libopencm3_stm32l0.a(lptimer_common_all.o)
 .debug_line    0x00000000000057ed      0x4f0 libopencm3/lib/libopencm3_stm32l0.a(pwr_common_v1.o)
 .debug_line    0x0000000000005cdd      0xa96 libopencm3/lib/libopencm3_stm32l0.a(rcc.o)
 .debug_line    0x0000000000006773      0x474 libopencm3/lib/libopencm3_stm32l0.a(rcc_common_all.o)
 .debug_line    0x0000000000006be7      0x44f libopencm3/lib/libopencm3_stm32l0.a(rtc_common_l1f024.o)
 .debug_line    0x0000000000007036      0xa96 libopencm3/lib/libopencm3_stm32l0.a(spi_common_all.o)
 .debug_line    0x0000000000007acc      0x6a7 libopencm3/lib/libopencm3_stm32l0.a(usart_common_all.o)
 .debug_line    0x0000000000008173      0x598 libopencm3/lib/libopencm3_stm32l0.a(usart_common_v2.o)
 .debug_line    0x000000000000870b      0x45b libopencm3/lib/libopencm3_stm32l0.a(vector.o)

.debug_str      0x0000000000000000    0x1c3d9
 .debug_str     0x0000000000000000     0x3a62 sensor/obj/sensor_bootloader.o
                                       0x3bc7 (size before relaxing)
 .debug_str     0x0000000000003a62     0x8cc2 sensor/obj/log.o
                                       0xc99a (size before relaxing)
 .debug_str     0x000000000000c724      0x5b7 sensor/obj/memory.o
                                       0xc780 (size before relaxing)
 .debug_str     0x000000000000ccdb      0x731 sensor/obj/printf.o
                                       0x47b8 (size before relaxing)
 .debug_str     0x000000000000d40c     0x2977 sensor/obj/rfm.o
                                       0xefb8 (size before relaxing)
 .debug_str     0x000000000000fd83     0xaecd sensor/obj/timers.o
                                      0x18987 (size before relaxing)
 .debug_str     0x000000000001ac50      0x1ae libopencm3/lib/libopencm3_stm32l0.a(exti_common_all.o)
                                       0x6aa0 (size before relaxing)
 .debug_str     0x000000000001adfe       0x6a libopencm3/lib/libopencm3_stm32l0.a(flash_common_all.o)
                                       0x5299 (size before relaxing)
 .debug_str     0x000000000001ae68       0x93 libopencm3/lib/libopencm3_stm32l0.a(flash_common_l01.o)
                                       0x532a (size before relaxing)
 .debug_str     0x000000000001aefb       0x63 libopencm3/lib/libopencm3_stm32l0.a(gpio_common_all.o)
                                       0x5e67 (size before relaxing)
 .debug_str     0x000000000001af5e       0x61 libopencm3/lib/libopencm3_stm32l0.a(gpio_common_f0234.o)
                                       0x5e89 (size before relaxing)
 .debug_str     0x000000000001afbf      0x18b libopencm3/lib/libopencm3_stm32l0.a(lptimer_common_all.o)
                                       0x5a6a (size before relaxing)
 .debug_str     0x000000000001b14a      0x12a libopencm3/lib/libopencm3_stm32l0.a(pwr_common_v1.o)
                                       0x4f52 (size before relaxing)
 .debug_str     0x000000000001b274      0x2f3 libopencm3/lib/libopencm3_stm32l0.a(rcc.o)
                                       0x83e6 (size before relaxing)
 .debug_str     0x000000000001b567      0x14f libopencm3/lib/libopencm3_stm32l0.a(rcc_common_all.o)
                                       0x79a4 (size before relaxing)
 .debug_str     0x000000000001b6b6       0x52 libopencm3/lib/libopencm3_stm32l0.a(rtc_common_l1f024.o)
                                       0x5d53 (size before relaxing)
 .debug_str     0x000000000001b708      0x3f9 libopencm3/lib/libopencm3_stm32l0.a(spi_common_all.o)
                                       0x8771 (size before relaxing)
 .debug_str     0x000000000001bb01      0x181 libopencm3/lib/libopencm3_stm32l0.a(usart_common_all.o)
                                       0x8fb9 (size before relaxing)
 .debug_str     0x000000000001bc82      0x181 libopencm3/lib/libopencm3_stm32l0.a(usart_common_v2.o)
                                       0x652b (size before relaxing)
 .debug_str     0x000000000001be03      0x5d6 libopencm3/lib/libopencm3_stm32l0.a(vector.o)
                                       0x52f9 (size before relaxing)

.comment        0x0000000000000000       0x4c
 .comment       0x0000000000000000       0x4c sensor/obj/sensor_bootloader.o
                                         0x4d (size before relaxing)
 .comment       0x000000000000004c       0x4d sensor/obj/log.o
 .comment       0x000000000000004c       0x4d sensor/obj/memory.o
 .comment       0x000000000000004c       0x4d sensor/obj/printf.o
 .comment       0x000000000000004c       0x4d sensor/obj/rfm.o
 .comment       0x000000000000004c       0x4d sensor/obj/timers.o
 .comment       0x000000000000004c       0x4d libopencm3/lib/libopencm3_stm32l0.a(exti_common_all.o)
 .comment       0x000000000000004c       0x4d libopencm3/lib/libopencm3_stm32l0.a(flash_common_all.o)
 .comment       0x000000000000004c       0x4d libopencm3/lib/libopencm3_stm32l0.a(flash_common_l01.o)
 .comment       0x000000000000004c       0x4d libopencm3/lib/libopencm3_stm32l0.a(gpio_common_all.o)
 .comment       0x000000000000004c       0x4d libopencm3/lib/libopencm3_stm32l0.a(gpio_common_f0234.o)
 .comment       0x000000000000004c       0x4d libopencm3/lib/libopencm3_stm32l0.a(lptimer_common_all.o)
 .comment       0x000000000000004c       0x4d libopencm3/lib/libopencm3_stm32l0.a(pwr_common_v1.o)
 .comment       0x000000000000004c       0x4d libopencm3/lib/libopencm3_stm32l0.a(rcc.o)
 .comment       0x000000000000004c       0x4d libopencm3/lib/libopencm3_stm32l0.a(rcc_common_all.o)
 .comment       0x000000000000004c       0x4d libopencm3/lib/libopencm3_stm32l0.a(rtc_common_l1f024.o)
 .comment       0x000000000000004c       0x4d libopencm3/lib/libopencm3_stm32l0.a(spi_common_all.o)
 .comment       0x000000000000004c       0x4d libopencm3/lib/libopencm3_stm32l0.a(usart_common_all.o)
 .comment       0x000000000000004c       0x4d libopencm3/lib/libopencm3_stm32l0.a(usart_common_v2.o)
 .comment       0x000000000000004c       0x4d libopencm3/lib/libopencm3_stm32l0.a(vector.o)

.debug_frame    0x0000000000000000     0x1870
 .debug_frame   0x0000000000000000       0x28 sensor/obj/sensor_bootloader.o
 .debug_frame   0x0000000000000028       0x8c sensor/obj/log.o
 .debug_frame   0x00000000000000b4      0x238 sensor/obj/memory.o
 .debug_frame   0x00000000000002ec      0x108 sensor/obj/printf.o
 .debug_frame   0x00000000000003f4      0x2ec sensor/obj/rfm.o
 .debug_frame   0x00000000000006e0      0x174 sensor/obj/timers.o
 .debug_frame   0x0000000000000854       0x84 libopencm3/lib/libopencm3_stm32l0.a(exti_common_all.o)
 .debug_frame   0x00000000000008d8       0x50 libopencm3/lib/libopencm3_stm32l0.a(flash_common_all.o)
 .debug_frame   0x0000000000000928       0xdc libopencm3/lib/libopencm3_stm32l0.a(flash_common_l01.o)
 .debug_frame   0x0000000000000a04       0x80 libopencm3/lib/libopencm3_stm32l0.a(gpio_common_all.o)
 .debug_frame   0x0000000000000a84       0x78 libopencm3/lib/libopencm3_stm32l0.a(gpio_common_f0234.o)
 .debug_frame   0x0000000000000afc      0x150 libopencm3/lib/libopencm3_stm32l0.a(lptimer_common_all.o)
 .debug_frame   0x0000000000000c4c      0x100 libopencm3/lib/libopencm3_stm32l0.a(pwr_common_v1.o)
 .debug_frame   0x0000000000000d4c      0x1f4 libopencm3/lib/libopencm3_stm32l0.a(rcc.o)
 .debug_frame   0x0000000000000f40       0xe0 libopencm3/lib/libopencm3_stm32l0.a(rcc_common_all.o)
 .debug_frame   0x0000000000001020       0x7c libopencm3/lib/libopencm3_stm32l0.a(rtc_common_l1f024.o)
 .debug_frame   0x000000000000109c      0x2e0 libopencm3/lib/libopencm3_stm32l0.a(spi_common_all.o)
 .debug_frame   0x000000000000137c      0x170 libopencm3/lib/libopencm3_stm32l0.a(usart_common_all.o)
 .debug_frame   0x00000000000014ec      0x130 libopencm3/lib/libopencm3_stm32l0.a(usart_common_v2.o)
 .debug_frame   0x000000000000161c       0x48 libopencm3/lib/libopencm3_stm32l0.a(vector.o)
 .debug_frame   0x0000000000001664       0x20 /usr/local/Cellar/arm-gcc-bin/9-2020-q2-update/bin/../lib/gcc/arm-none-eabi/9.3.1/thumb/v6-m/nofp/libgcc.a(_udivsi3.o)
 .debug_frame   0x0000000000001684       0x20 /usr/local/Cellar/arm-gcc-bin/9-2020-q2-update/bin/../lib/gcc/arm-none-eabi/9.3.1/thumb/v6-m/nofp/libgcc.a(_divsi3.o)
 .debug_frame   0x00000000000016a4       0x2c /usr/local/Cellar/arm-gcc-bin/9-2020-q2-update/bin/../lib/gcc/arm-none-eabi/9.3.1/thumb/v6-m/nofp/libgcc.a(_fixunsdfsi.o)
 .debug_frame   0x00000000000016d0       0x38 /usr/local/Cellar/arm-gcc-bin/9-2020-q2-update/bin/../lib/gcc/arm-none-eabi/9.3.1/thumb/v6-m/nofp/libgcc.a(eqdf2.o)
 .debug_frame   0x0000000000001708       0x38 /usr/local/Cellar/arm-gcc-bin/9-2020-q2-update/bin/../lib/gcc/arm-none-eabi/9.3.1/thumb/v6-m/nofp/libgcc.a(gedf2.o)
 .debug_frame   0x0000000000001740       0x38 /usr/local/Cellar/arm-gcc-bin/9-2020-q2-update/bin/../lib/gcc/arm-none-eabi/9.3.1/thumb/v6-m/nofp/libgcc.a(ledf2.o)
 .debug_frame   0x0000000000001778       0x3c /usr/local/Cellar/arm-gcc-bin/9-2020-q2-update/bin/../lib/gcc/arm-none-eabi/9.3.1/thumb/v6-m/nofp/libgcc.a(muldf3.o)
 .debug_frame   0x00000000000017b4       0x3c /usr/local/Cellar/arm-gcc-bin/9-2020-q2-update/bin/../lib/gcc/arm-none-eabi/9.3.1/thumb/v6-m/nofp/libgcc.a(subdf3.o)
 .debug_frame   0x00000000000017f0       0x2c /usr/local/Cellar/arm-gcc-bin/9-2020-q2-update/bin/../lib/gcc/arm-none-eabi/9.3.1/thumb/v6-m/nofp/libgcc.a(fixdfsi.o)
 .debug_frame   0x000000000000181c       0x2c /usr/local/Cellar/arm-gcc-bin/9-2020-q2-update/bin/../lib/gcc/arm-none-eabi/9.3.1/thumb/v6-m/nofp/libgcc.a(floatsidf.o)
 .debug_frame   0x0000000000001848       0x28 /usr/local/Cellar/arm-gcc-bin/9-2020-q2-update/bin/../lib/gcc/arm-none-eabi/9.3.1/thumb/v6-m/nofp/libgcc.a(floatunsidf.o)

.debug_loc      0x0000000000000000     0x398d
 .debug_loc     0x0000000000000000       0xd6 sensor/obj/log.o
 .debug_loc     0x00000000000000d6      0x6f7 sensor/obj/memory.o
 .debug_loc     0x00000000000007cd     0x16be sensor/obj/printf.o
 .debug_loc     0x0000000000001e8b      0x56e sensor/obj/rfm.o
 .debug_loc     0x00000000000023f9      0x19c sensor/obj/timers.o
 .debug_loc     0x0000000000002595      0x17d libopencm3/lib/libopencm3_stm32l0.a(exti_common_all.o)
 .debug_loc     0x0000000000002712       0x15 libopencm3/lib/libopencm3_stm32l0.a(flash_common_all.o)
 .debug_loc     0x0000000000002727      0x151 libopencm3/lib/libopencm3_stm32l0.a(flash_common_l01.o)
 .debug_loc     0x0000000000002878       0xbe libopencm3/lib/libopencm3_stm32l0.a(gpio_common_all.o)
 .debug_loc     0x0000000000002936      0x255 libopencm3/lib/libopencm3_stm32l0.a(gpio_common_f0234.o)
 .debug_loc     0x0000000000002b8b      0x110 libopencm3/lib/libopencm3_stm32l0.a(lptimer_common_all.o)
 .debug_loc     0x0000000000002c9b       0x25 libopencm3/lib/libopencm3_stm32l0.a(pwr_common_v1.o)
 .debug_loc     0x0000000000002cc0      0x65b libopencm3/lib/libopencm3_stm32l0.a(rcc.o)
 .debug_loc     0x000000000000331b       0x94 libopencm3/lib/libopencm3_stm32l0.a(rcc_common_all.o)
 .debug_loc     0x00000000000033af       0x94 libopencm3/lib/libopencm3_stm32l0.a(rtc_common_l1f024.o)
 .debug_loc     0x0000000000003443      0x188 libopencm3/lib/libopencm3_stm32l0.a(spi_common_all.o)
 .debug_loc     0x00000000000035cb      0x1cc libopencm3/lib/libopencm3_stm32l0.a(usart_common_all.o)
 .debug_loc     0x0000000000003797       0xdb libopencm3/lib/libopencm3_stm32l0.a(usart_common_v2.o)
 .debug_loc     0x0000000000003872      0x11b libopencm3/lib/libopencm3_stm32l0.a(vector.o)
